<html>
<body>
<pre>
<h1>µVision Build Log</h1>
<h2>Tool Versions:</h2>
IDE-Version: ¦ÌVision V5.24.2.0
Copyright (C) 2017 ARM Ltd and ARM Germany GmbH. All rights reserved.
License Information: wei kevin_jia@foxmail.com, xx, LIC=FYKYW-QI9XC-AR0XW-QDUFG-BIKFD-235KB
 
Tool Versions:
Toolchain:       MDK-ARM Plus  Version: 5.24.1
Toolchain Path:  d:\Keil_v5\ARM\ARMCC\Bin
C Compiler:      Armcc.exe V5.06 update 5 (build 528)
Assembler:       Armasm.exe V5.06 update 5 (build 528)
Linker/Locator:  ArmLink.exe V5.06 update 5 (build 528)
Library Manager: ArmAr.exe V5.06 update 5 (build 528)
Hex Converter:   FromElf.exe V5.06 update 5 (build 528)
CPU DLL:         SARMCM3.DLL V5.24.1
Dialog DLL:      DCM.DLL V1.16.0.0
Target DLL:      Segger\JL2CM3.dll V2.99.23.0
Dialog DLL:      TCM.DLL V1.32.0.0
 
<h2>Project:</h2>
D:\Keil_v5\STM32CubeEncoder\VoiceRemider\MDK-ARM\VoiceRemider.uvprojx
Project File Date:  08/29/2022

<h2>Output:</h2>
*** Using Compiler 'V5.06 update 5 (build 528)', folder: 'd:\Keil_v5\ARM\ARMCC\Bin'
Build target 'VoiceRemider'
compiling gpio.c...
compiling stm32f1xx_it.c...
compiling mode.c...
compiling flash.c...
compiling i2c.c...
compiling tailnum.c...
..\Core\Src\tailnum.c(51): warning:  #177-D: variable "ruleInFlash"  was declared but never referenced
  	byte ruleInFlash = 0;
..\Core\Src\tailnum.c(17): warning:  #177-D: variable "saved"  was declared but never referenced
  static bool saved;
..\Core\Src\tailnum.c(131): warning:  #177-D: function "showTailNumStr"  was declared but never referenced
  static void showTailNumStr()
..\Core\Src\tailnum.c(126): warning:  #177-D: function "saveUserData"  was declared but never referenced
  static void saveUserData()
..\Core\Src\tailnum.c: 4 warnings, 0 errors
compiling usart.c...
compiling tim.c...
compiling main.c...
compiling pcf8563.c...
compiling mode_couple.c...
..\Core\Src\mode_couple.c(178): warning:  #177-D: function "thisdraw"  was declared but never referenced
  static display_t thisdraw()
..\Core\Src\mode_couple.c: 1 warning, 0 errors
compiling stm32f1xx_hal_gpio_ex.c...
compiling stm32f1xx_hal.c...
compiling stm32f1xx_hal_rcc.c...
compiling stm32f1xx_hal_flash_ex.c...
compiling stm32f1xx_hal_rcc_ex.c...
compiling stm32f1xx_hal_pwr.c...
compiling stm32f1xx_hal_msp.c...
compiling stm32f1xx_hal_gpio.c...
compiling stm32f1xx_hal_flash.c...
compiling stm32f1xx_hal_cortex.c...
compiling stm32f1xx_hal_dma.c...
compiling stm32f1xx_hal_i2c.c...
compiling stm32f1xx_hal_exti.c...
compiling appconfig.c...
compiling diag.c...
compiling system_stm32f1xx.c...
compiling alarm.c...
compiling animation.c...
compiling alarms.c...
compiling buttons.c...
..\Watch\buttons.c(269): warning:  #177-D: function "bitCount"  was declared but never referenced
  static byte bitCount(byte val)
..\Watch\buttons.c: 1 warning, 0 errors
compiling stm32f1xx_hal_uart.c...
compiling stm32f1xx_hal_tim_ex.c...
compiling stm32f1xx_hal_tim.c...
compiling game3.c...
compiling m_main.c...
compiling games.c...
..\Watch\games.c(49): warning:  #550-D: parameter "num"  was set but never used
  static void itemLoader(byte num)
..\Watch\games.c: 1 warning, 0 errors
compiling m_display.c...
compiling display.c...
..\Watch\display.c(139): warning:  #177-D: variable "fpsMs"  was declared but never referenced
  	static byte fpsMs, fpsms; // Milliseconds to next draw
..\Watch\display.c(139): warning:  #550-D: variable "fpsms"  was set but never used
  	static byte fpsMs, fpsms; // Milliseconds to next draw
..\Watch\display.c(154): warning:  #177-D: variable "busy"  was declared but never referenced
  	display_t busy = DISPLAY_DONE;
..\Watch\display.c: 3 warnings, 0 errors
compiling global.c...
compiling pwrmgr.c...
compiling normal.c...
..\Watch\normal.c(157): warning:  #177-D: variable "month"  was declared but never referenced
  	char month[BUFFSIZE_STR_MONTHS];
..\Watch\normal.c(136): warning:  #177-D: function "drawDate"  was declared but never referenced
  static void drawDate()
..\Watch\normal.c: 2 warnings, 0 errors
compiling resources.c...
compiling draw.c...
compiling menu.c...
compiling sound.c...
compiling oled_basic.c...
compiling torch.c...
compiling settings.c...
compiling time.c...
compiling tunes.c...
compiling sleep.c...
compiling stopwatch.c...
compiling tune.c...
compiling oled_bmp.c...
compiling ui.c...
compiling timedate.c...
compiling tunemaker.c...
compiling oled_buffer.c...
compiling oled_color.c...
compiling oled_debug.c...
compiling oled_font.c...
compiling oled_draw.c...
compiling oled_draw_ex_example.c...
compiling oled_config.c...
compiling oled_driver.c...
compiling altitude_display.c...
compiling My_Menu.c...
compiling gui_log_console.c...
compiling test.c...
linking...
Program Size: Code=25356 RO-data=6212 RW-data=364 ZI-data=5508  
FromELF: creating hex file...
".\VoiceRemider\VoiceRemider.axf" - 0 Error(s), 12 Warning(s).

<h2>Software Packages used:</h2>

Package Vendor: ARM
                http://www.keil.com/pack/ARM.CMSIS.5.8.0.pack
                ARM.CMSIS.5.8.0
                CMSIS (Common Microcontroller Software Interface Standard)
   * Component: CORE Version: 5.5.0

Package Vendor: Keil
                http://www.keil.com/pack/Keil.STM32F1xx_DFP.2.4.0.pack
                Keil.STM32F1xx_DFP.2.4.0
                STMicroelectronics STM32F1 Series Device Support, Drivers and Examples

<h2>Collection of Component include folders:</h2>
  .\RTE\_VoiceRemider
  D:\Keil_v5\packs\ARM\CMSIS\5.8.0\CMSIS\Core\Include
  D:\Keil_v5\packs\Keil\STM32F1xx_DFP\2.4.0\Device\Include

<h2>Collection of Component Files used:</h2>

   * Component: ARM::CMSIS:CORE:5.5.0
Build Time Elapsed:  00:00:18
</pre>
</body>
</html>
