Component: ARM Compiler 5.06 update 5 (build 528) Tool: armlink [4d35e2]

==============================================================================

Section Cross References

    startup_stm32f103xb.o(RESET) refers to startup_stm32f103xb.o(STACK) for __initial_sp
    startup_stm32f103xb.o(RESET) refers to startup_stm32f103xb.o(.text) for Reset_Handler
    startup_stm32f103xb.o(RESET) refers to stm32f1xx_it.o(i.NMI_Handler) for NMI_Handler
    startup_stm32f103xb.o(RESET) refers to stm32f1xx_it.o(i.HardFault_Handler) for HardFault_Handler
    startup_stm32f103xb.o(RESET) refers to stm32f1xx_it.o(i.MemManage_Handler) for MemManage_Handler
    startup_stm32f103xb.o(RESET) refers to stm32f1xx_it.o(i.BusFault_Handler) for BusFault_Handler
    startup_stm32f103xb.o(RESET) refers to stm32f1xx_it.o(i.UsageFault_Handler) for UsageFault_Handler
    startup_stm32f103xb.o(RESET) refers to stm32f1xx_it.o(i.SVC_Handler) for SVC_Handler
    startup_stm32f103xb.o(RESET) refers to stm32f1xx_it.o(i.DebugMon_Handler) for DebugMon_Handler
    startup_stm32f103xb.o(RESET) refers to stm32f1xx_it.o(i.PendSV_Handler) for PendSV_Handler
    startup_stm32f103xb.o(RESET) refers to stm32f1xx_it.o(i.SysTick_Handler) for SysTick_Handler
    startup_stm32f103xb.o(RESET) refers to stm32f1xx_it.o(i.EXTI9_5_IRQHandler) for EXTI9_5_IRQHandler
    startup_stm32f103xb.o(RESET) refers to stm32f1xx_it.o(i.TIM3_IRQHandler) for TIM3_IRQHandler
    startup_stm32f103xb.o(.text) refers to system_stm32f1xx.o(i.SystemInit) for SystemInit
    startup_stm32f103xb.o(.text) refers to entry.o(.ARM.Collect$$$$00000000) for __main
    flash.o(i.STMFLASH_Write) refers to stm32f1xx_hal_flash.o(i.HAL_FLASH_Unlock) for HAL_FLASH_Unlock
    flash.o(i.STMFLASH_Write) refers to flash.o(i.STMFLASH_Read) for STMFLASH_Read
    flash.o(i.STMFLASH_Write) refers to stm32f1xx_hal_flash_ex.o(i.FLASH_PageErase) for FLASH_PageErase
    flash.o(i.STMFLASH_Write) refers to stm32f1xx_hal_flash.o(i.FLASH_WaitForLastOperation) for FLASH_WaitForLastOperation
    flash.o(i.STMFLASH_Write) refers to flash.o(i.STMFLASH_Write_NoCheck) for STMFLASH_Write_NoCheck
    flash.o(i.STMFLASH_Write) refers to stm32f1xx_hal_flash.o(i.HAL_FLASH_Lock) for HAL_FLASH_Lock
    flash.o(i.STMFLASH_Write) refers to flash.o(.bss) for .bss
    flash.o(i.STMFLASH_Write_NoCheck) refers to stm32f1xx_hal_flash.o(i.HAL_FLASH_Program) for HAL_FLASH_Program
    flash.o(i.Test_Write) refers to flash.o(i.STMFLASH_Write) for STMFLASH_Write
    flash.o(i.eraseFlash) refers to stm32f1xx_hal_flash_ex.o(i.HAL_FLASHEx_Erase) for HAL_FLASHEx_Erase
    flash.o(i.eraseFlash) refers to flash.o(.bss) for .bss
    flash.o(i.eraseFlash) refers to flash.o(.data) for .data
    flash.o(i.readFlash) refers to flash.o(i.STMFLASH_Read) for STMFLASH_Read
    flash.o(i.wFlash) refers to stm32f1xx_hal_flash.o(i.HAL_FLASH_Unlock) for HAL_FLASH_Unlock
    flash.o(i.wFlash) refers to flash.o(i.eraseFlash) for eraseFlash
    flash.o(i.wFlash) refers to stm32f1xx_hal_flash.o(i.HAL_FLASH_Program) for HAL_FLASH_Program
    flash.o(i.wFlash) refers to stm32f1xx_hal_flash.o(i.HAL_FLASH_Lock) for HAL_FLASH_Lock
    flash.o(i.writeFlash) refers to flash.o(i.STMFLASH_Write) for STMFLASH_Write
    gpio.o(i.MX_GPIO_Init) refers to stm32f1xx_hal_gpio.o(i.HAL_GPIO_WritePin) for HAL_GPIO_WritePin
    gpio.o(i.MX_GPIO_Init) refers to stm32f1xx_hal_gpio.o(i.HAL_GPIO_Init) for HAL_GPIO_Init
    gpio.o(i.MX_GPIO_Init) refers to stm32f1xx_hal_cortex.o(i.HAL_NVIC_SetPriority) for HAL_NVIC_SetPriority
    gpio.o(i.MX_GPIO_Init) refers to stm32f1xx_hal_cortex.o(i.HAL_NVIC_EnableIRQ) for HAL_NVIC_EnableIRQ
    i2c.o(i.HAL_I2C_MspDeInit) refers to stm32f1xx_hal_gpio.o(i.HAL_GPIO_DeInit) for HAL_GPIO_DeInit
    i2c.o(i.HAL_I2C_MspInit) refers to stm32f1xx_hal_gpio.o(i.HAL_GPIO_Init) for HAL_GPIO_Init
    i2c.o(i.MX_I2C1_Init) refers to stm32f1xx_hal_i2c.o(i.HAL_I2C_Init) for HAL_I2C_Init
    i2c.o(i.MX_I2C1_Init) refers to main.o(i.Error_Handler) for Error_Handler
    i2c.o(i.MX_I2C1_Init) refers to i2c.o(.bss) for .bss
    main.o(i.HAL_GPIO_EXTI_Callback) refers to stm32f1xx_hal_gpio.o(i.HAL_GPIO_ReadPin) for HAL_GPIO_ReadPin
    main.o(i.HAL_GPIO_EXTI_Callback) refers to main.o(.data) for .data
    main.o(i.HAL_GPIO_EXTI_Callback) refers to buttons.o(.data) for test_num
    main.o(i.HAL_GPIO_EXTI_Callback) refers to buttons.o(.data) for dir_flag
    main.o(i.SystemClock_Config) refers to memseta.o(.text) for __aeabi_memclr4
    main.o(i.SystemClock_Config) refers to stm32f1xx_hal_rcc.o(i.HAL_RCC_OscConfig) for HAL_RCC_OscConfig
    main.o(i.SystemClock_Config) refers to stm32f1xx_hal_rcc.o(i.HAL_RCC_ClockConfig) for HAL_RCC_ClockConfig
    main.o(i.c_loop) refers to time.o(i.time_update) for time_update
    main.o(i.c_loop) refers to pwrmgr.o(i.pwrmgr_userActive) for pwrmgr_userActive
    main.o(i.c_loop) refers to buttons.o(i.buttons_update) for buttons_update
    main.o(i.c_loop) refers to display.o(i.display_update) for display_update
[...]
    ../clib/microlib/string/memcpy.c         0x00000000   Number         0  memcpya.o ABSOLUTE
    ../clib/microlib/string/memset.c         0x00000000   Number         0  memseta.o ABSOLUTE
    ../clib/microlib/string/strcat.c         0x00000000   Number         0  strcat.o ABSOLUTE
    ../clib/microlib/string/strcpy.c         0x00000000   Number         0  strcpy.o ABSOLUTE
    ../clib/microlib/string/strlen.c         0x00000000   Number         0  strlen.o ABSOLUTE
    ../clib/microlib/stubs.s                 0x00000000   Number         0  iusesemip.o ABSOLUTE
    ../clib/microlib/stubs.s                 0x00000000   Number         0  iusefp.o ABSOLUTE
    ../fplib/microlib/d2f.c                  0x00000000   Number         0  d2f.o ABSOLUTE
    ../fplib/microlib/f2d.c                  0x00000000   Number         0  f2d.o ABSOLUTE
    ../fplib/microlib/fpadd.c                0x00000000   Number         0  dadd.o ABSOLUTE
    ../fplib/microlib/fpadd.c                0x00000000   Number         0  fadd.o ABSOLUTE
    ../fplib/microlib/fpdiv.c                0x00000000   Number         0  fdiv.o ABSOLUTE
    ../fplib/microlib/fpdiv.c                0x00000000   Number         0  ddiv.o ABSOLUTE
    ../fplib/microlib/fpepilogue.c           0x00000000   Number         0  fepilogue.o ABSOLUTE
    ../fplib/microlib/fpepilogue.c           0x00000000   Number         0  depilogue.o ABSOLUTE
    ../fplib/microlib/fpfix.c                0x00000000   Number         0  dfixi.o ABSOLUTE
    ../fplib/microlib/fpfix.c                0x00000000   Number         0  dfixul.o ABSOLUTE
    ../fplib/microlib/fpflt.c                0x00000000   Number         0  fflti.o ABSOLUTE
    ../fplib/microlib/fpflt.c                0x00000000   Number         0  ffltui.o ABSOLUTE
    ../fplib/microlib/fpflt.c                0x00000000   Number         0  dfltui.o ABSOLUTE
    ../fplib/microlib/fpflt.c                0x00000000   Number         0  dflti.o ABSOLUTE
    ../fplib/microlib/fpmul.c                0x00000000   Number         0  dmul.o ABSOLUTE
    ../fplib/microlib/fpscalb.c              0x00000000   Number         0  dscalb.o ABSOLUTE
    ../fplib/microlib/fpscalb.c              0x00000000   Number         0  fscalb.o ABSOLUTE
    ../mathlib/atan.c                        0x00000000   Number         0  atan.o ABSOLUTE
    ../mathlib/atan.c                        0x00000000   Number         0  atan_x.o ABSOLUTE
    ../mathlib/atan2.c                       0x00000000   Number         0  atan2.o ABSOLUTE
    ../mathlib/atan2.c                       0x00000000   Number         0  atan2_x.o ABSOLUTE
    ../mathlib/cos.c                         0x00000000   Number         0  cos_x.o ABSOLUTE
    ../mathlib/cos.c                         0x00000000   Number         0  cos.o ABSOLUTE
    ../mathlib/cos_i.c                       0x00000000   Number         0  cos_i.o ABSOLUTE
    ../mathlib/dunder.c                      0x00000000   Number         0  dunder.o ABSOLUTE
    ../mathlib/fpclassify.c                  0x00000000   Number         0  fpclassify.o ABSOLUTE
    ../mathlib/poly.c                        0x00000000   Number         0  poly.o ABSOLUTE
    ../mathlib/qnan.c                        0x00000000   Number         0  qnan.o ABSOLUTE
    ../mathlib/rred.c                        0x00000000   Number         0  rred.o ABSOLUTE
    ../mathlib/sin.c                         0x00000000   Number         0  sin_x.o ABSOLUTE
    ../mathlib/sin.c                         0x00000000   Number         0  sin.o ABSOLUTE
    ../mathlib/sin_i.c                       0x00000000   Number         0  sin_i_x.o ABSOLUTE
    ../mathlib/sin_i.c                       0x00000000   Number         0  sin_i.o ABSOLUTE
    ..\Core\Src\flash.c                      0x00000000   Number         0  flash.o ABSOLUTE
    ..\Core\Src\gpio.c                       0x00000000   Number         0  gpio.o ABSOLUTE
    ..\Core\Src\i2c.c                        0x00000000   Number         0  i2c.o ABSOLUTE
    ..\Core\Src\main.c                       0x00000000   Number         0  main.o ABSOLUTE
    ..\Core\Src\mode.c                       0x00000000   Number         0  mode.o ABSOLUTE
    ..\Core\Src\mode_couple.c                0x00000000   Number         0  mode_couple.o ABSOLUTE
    ..\Core\Src\mode_cploop.c                0x00000000   Number         0  mode_cploop.o ABSOLUTE
    ..\Core\Src\mode_oddeve.c                0x00000000   Number         0  mode_oddeve.o ABSOLUTE
    ..\Core\Src\pcf8563.c                    0x00000000   Number         0  pcf8563.o ABSOLUTE
    ..\Core\Src\stm32f1xx_it.c               0x00000000   Number         0  stm32f1xx_it.o ABSOLUTE
    ..\Core\Src\system_stm32f1xx.c           0x00000000   Number         0  system_stm32f1xx.o ABSOLUTE
    ..\Core\Src\tailnum.c                    0x00000000   Number         0  tailnum.o ABSOLUTE
    ..\Core\Src\tim.c                        0x00000000   Number         0  tim.o ABSOLUTE
    ..\Core\Src\usart.c                      0x00000000   Number         0  usart.o ABSOLUTE
    ..\Drivers\STM32F1xx_HAL_Driver\Src\stm32f1xx_hal.c 0x00000000   Number         0  stm32f1xx_hal.o ABSOLUTE
    ..\Drivers\STM32F1xx_HAL_Driver\Src\stm32f1xx_hal_cortex.c 0x00000000   Number         0  stm32f1xx_hal_cortex.o ABSOLUTE
    ..\Drivers\STM32F1xx_HAL_Driver\Src\stm32f1xx_hal_dma.c 0x00000000   Number         0  stm32f1xx_hal_dma.o ABSOLUTE
    ..\Drivers\STM32F1xx_HAL_Driver\Src\stm32f1xx_hal_exti.c 0x00000000   Number         0  stm32f1xx_hal_exti.o ABSOLUTE
    ..\Drivers\STM32F1xx_HAL_Driver\Src\stm32f1xx_hal_flash.c 0x00000000   Number         0  stm32f1xx_hal_flash.o ABSOLUTE
    ..\Drivers\STM32F1xx_HAL_Driver\Src\stm32f1xx_hal_flash_ex.c 0x00000000   Number         0  stm32f1xx_hal_flash_ex.o ABSOLUTE
    ..\Drivers\STM32F1xx_HAL_Driver\Src\stm32f1xx_hal_gpio.c 0x00000000   Number         0  stm32f1xx_hal_gpio.o ABSOLUTE
    ..\Drivers\STM32F1xx_HAL_Driver\Src\stm32f1xx_hal_gpio_ex.c 0x00000000   Number         0  stm32f1xx_hal_gpio_ex.o ABSOLUTE
    ..\Drivers\STM32F1xx_HAL_Driver\Src\stm32f1xx_hal_i2c.c 0x00000000   Number         0  stm32f1xx_hal_i2c.o ABSOLUTE
    ..\Drivers\STM32F1xx_HAL_Driver\Src\stm32f1xx_hal_msp.c 0x00000000   Number         0  stm32f1xx_hal_msp.o ABSOLUTE
    ..\Drivers\STM32F1xx_HAL_Driver\Src\stm32f1xx_hal_pwr.c 0x00000000   Number         0  stm32f1xx_hal_pwr.o ABSOLUTE
    ..\Drivers\STM32F1xx_HAL_Driver\Src\stm32f1xx_hal_rcc.c 0x00000000   Number         0  stm32f1xx_hal_rcc.o ABSOLUTE
    ..\Drivers\STM32F1xx_HAL_Driver\Src\stm32f1xx_hal_rcc_ex.c 0x00000000   Number         0  stm32f1xx_hal_rcc_ex.o ABSOLUTE
    ..\Drivers\STM32F1xx_HAL_Driver\Src\stm32f1xx_hal_tim.c 0x00000000   Number         0  stm32f1xx_hal_tim.o ABSOLUTE
    ..\Drivers\STM32F1xx_HAL_Driver\Src\stm32f1xx_hal_tim_ex.c 0x00000000   Number         0  stm32f1xx_hal_tim_ex.o ABSOLUTE
    ..\Drivers\STM32F1xx_HAL_Driver\Src\stm32f1xx_hal_uart.c 0x00000000   Number         0  stm32f1xx_hal_uart.o ABSOLUTE
    ..\MYAPP\My_Menu.c                       0x00000000   Number         0  my_menu.o ABSOLUTE
    ..\MYAPP\altitude_display.c              0x00000000   Number         0  altitude_display.o ABSOLUTE
    ..\MYAPP\gui_log_console.c               0x00000000   Number         0  gui_log_console.o ABSOLUTE
    ..\Watch\alarm.c                         0x00000000   Number         0  alarm.o ABSOLUTE
    ..\Watch\alarms.c                        0x00000000   Number         0  alarms.o ABSOLUTE
    ..\Watch\animation.c                     0x00000000   Number         0  animation.o ABSOLUTE
    ..\Watch\appconfig.c                     0x00000000   Number         0  appconfig.o ABSOLUTE
    ..\Watch\buttons.c                       0x00000000   Number         0  buttons.o ABSOLUTE
    ..\Watch\diag.c                          0x00000000   Number         0  diag.o ABSOLUTE
    ..\Watch\display.c                       0x00000000   Number         0  display.o ABSOLUTE
    ..\Watch\draw.c                          0x00000000   Number         0  draw.o ABSOLUTE
    ..\Watch\game3.c                         0x00000000   Number         0  game3.o ABSOLUTE
    ..\Watch\games.c                         0x00000000   Number         0  games.o ABSOLUTE
    ..\Watch\global.c                        0x00000000   Number         0  global.o ABSOLUTE
    ..\Watch\m_display.c                     0x00000000   Number         0  m_display.o ABSOLUTE
    ..\Watch\m_main.c                        0x00000000   Number         0  m_main.o ABSOLUTE
    ..\Watch\menu.c                          0x00000000   Number         0  menu.o ABSOLUTE
    ..\Watch\normal.c                        0x00000000   Number         0  normal.o ABSOLUTE
    ..\Watch\pwrmgr.c                        0x00000000   Number         0  pwrmgr.o ABSOLUTE
    ..\Watch\resources.c                     0x00000000   Number         0  resources.o ABSOLUTE
    ..\Watch\settings.c                      0x00000000   Number         0  settings.o ABSOLUTE
    ..\Watch\sleep.c                         0x00000000   Number         0  sleep.o ABSOLUTE
    ..\Watch\sound.c                         0x00000000   Number         0  sound.o ABSOLUTE
    ..\Watch\stopwatch.c                     0x00000000   Number         0  stopwatch.o ABSOLUTE
    ..\Watch\time.c                          0x00000000   Number         0  time.o ABSOLUTE
    ..\Watch\timedate.c                      0x00000000   Number         0  timedate.o ABSOLUTE
    ..\Watch\torch.c                         0x00000000   Number         0  torch.o ABSOLUTE
    ..\Watch\tune.c                          0x00000000   Number         0  tune.o ABSOLUTE
    ..\Watch\tunemaker.c                     0x00000000   Number         0  tunemaker.o ABSOLUTE
    ..\Watch\tunes.c                         0x00000000   Number         0  tunes.o ABSOLUTE
    ..\Watch\ui.c                            0x00000000   Number         0  ui.o ABSOLUTE
    ..\\Core\\Src\\flash.c                   0x00000000   Number         0  flash.o ABSOLUTE
    ..\\Core\\Src\\mode.c                    0x00000000   Number         0  mode.o ABSOLUTE
    ..\\Core\\Src\\mode_couple.c             0x00000000   Number         0  mode_couple.o ABSOLUTE
    ..\\Core\\Src\\mode_cploop.c             0x00000000   Number         0  mode_cploop.o ABSOLUTE
    ..\\Core\\Src\\mode_oddeve.c             0x00000000   Number         0  mode_oddeve.o ABSOLUTE
    ..\\Core\\Src\\pcf8563.c                 0x00000000   Number         0  pcf8563.o ABSOLUTE
    ..\\Core\\Src\\tailnum.c                 0x00000000   Number         0  tailnum.o ABSOLUTE
    ..\\Drivers\\STM32F1xx_HAL_Driver\\Src\\stm32f1xx_hal_i2c.c 0x00000000   Number         0  stm32f1xx_hal_i2c.o ABSOLUTE
    ..\\Drivers\\STM32F1xx_HAL_Driver\\Src\\stm32f1xx_hal_msp.c 0x00000000   Number         0  stm32f1xx_hal_msp.o ABSOLUTE
    ..\\MYAPP\\My_Menu.c                     0x00000000   Number         0  my_menu.o ABSOLUTE
    ..\\MYAPP\\altitude_display.c            0x00000000   Number         0  altitude_display.o ABSOLUTE
    ..\\MYAPP\\gui_log_console.c             0x00000000   Number         0  gui_log_console.o ABSOLUTE
    ..\\Watch\\alarm.c                       0x00000000   Number         0  alarm.o ABSOLUTE
    ..\\Watch\\alarms.c                      0x00000000   Number         0  alarms.o ABSOLUTE
    ..\\Watch\\animation.c                   0x00000000   Number         0  animation.o ABSOLUTE
    ..\\Watch\\appconfig.c                   0x00000000   Number         0  appconfig.o ABSOLUTE
    ..\\Watch\\buttons.c                     0x00000000   Number         0  buttons.o ABSOLUTE
    ..\\Watch\\diag.c                        0x00000000   Number         0  diag.o ABSOLUTE
    ..\\Watch\\display.c                     0x00000000   Number         0  display.o ABSOLUTE
    ..\\Watch\\draw.c                        0x00000000   Number         0  draw.o ABSOLUTE
    ..\\Watch\\game3.c                       0x00000000   Number         0  game3.o ABSOLUTE
    ..\\Watch\\games.c                       0x00000000   Number         0  games.o ABSOLUTE
    ..\\Watch\\global.c                      0x00000000   Number         0  global.o ABSOLUTE
    ..\\Watch\\m_display.c                   0x00000000   Number         0  m_display.o ABSOLUTE
    ..\\Watch\\m_main.c                      0x00000000   Number         0  m_main.o ABSOLUTE
    ..\\Watch\\menu.c                        0x00000000   Number         0  menu.o ABSOLUTE
    ..\\Watch\\normal.c                      0x00000000   Number         0  normal.o ABSOLUTE
    ..\\Watch\\pwrmgr.c                      0x00000000   Number         0  pwrmgr.o ABSOLUTE
    ..\\Watch\\resources.c                   0x00000000   Number         0  resources.o ABSOLUTE
    ..\\Watch\\settings.c                    0x00000000   Number         0  settings.o ABSOLUTE
    ..\\Watch\\sleep.c                       0x00000000   Number         0  sleep.o ABSOLUTE
    ..\\Watch\\sound.c                       0x00000000   Number         0  sound.o ABSOLUTE
    ..\\Watch\\stopwatch.c                   0x00000000   Number         0  stopwatch.o ABSOLUTE
    ..\\Watch\\time.c                        0x00000000   Number         0  time.o ABSOLUTE
    ..\\Watch\\timedate.c                    0x00000000   Number         0  timedate.o ABSOLUTE
    ..\\Watch\\torch.c                       0x00000000   Number         0  torch.o ABSOLUTE
    ..\\Watch\\tune.c                        0x00000000   Number         0  tune.o ABSOLUTE
    ..\\Watch\\tunemaker.c                   0x00000000   Number         0  tunemaker.o ABSOLUTE
    ..\\Watch\\tunes.c                       0x00000000   Number         0  tunes.o ABSOLUTE
    ..\\Watch\\ui.c                          0x00000000   Number         0  ui.o ABSOLUTE
    ..\\oledlib\\oled_config.c               0x00000000   Number         0  oled_config.o ABSOLUTE
    ..\\oledlib\\oled_draw_ex_example.c      0x00000000   Number         0  oled_draw_ex_example.o ABSOLUTE
    ..\\oledlib\\oled_driver.c               0x00000000   Number         0  oled_driver.o ABSOLUTE
    ..\\oledlib\\test.c                      0x00000000   Number         0  test.o ABSOLUTE
    ..\oledlib\oled_basic.c                  0x00000000   Number         0  oled_basic.o ABSOLUTE
    ..\oledlib\oled_bmp.c                    0x00000000   Number         0  oled_bmp.o ABSOLUTE
    ..\oledlib\oled_buffer.c                 0x00000000   Number         0  oled_buffer.o ABSOLUTE
    ..\oledlib\oled_color.c                  0x00000000   Number         0  oled_color.o ABSOLUTE
    ..\oledlib\oled_config.c                 0x00000000   Number         0  oled_config.o ABSOLUTE
    ..\oledlib\oled_debug.c                  0x00000000   Number         0  oled_debug.o ABSOLUTE
    ..\oledlib\oled_draw.c                   0x00000000   Number         0  oled_draw.o ABSOLUTE
    ..\oledlib\oled_draw_ex_example.c        0x00000000   Number         0  oled_draw_ex_example.o ABSOLUTE
    ..\oledlib\oled_driver.c                 0x00000000   Number         0  oled_driver.o ABSOLUTE
    ..\oledlib\oled_font.c                   0x00000000   Number         0  oled_font.o ABSOLUTE
    ..\oledlib\test.c                        0x00000000   Number         0  test.o ABSOLUTE
    cdcmple.s                                0x00000000   Number         0  cdcmple.o ABSOLUTE
    cdrcmple.s                               0x00000000   Number         0  cdrcmple.o ABSOLUTE
    cfrcmple.s                               0x00000000   Number         0  cfrcmple.o ABSOLUTE
    dc.s                                     0x00000000   Number         0  dc.o ABSOLUTE
    handlers.s                               0x00000000   Number         0  handlers.o ABSOLUTE
    init.s                                   0x00000000   Number         0  init.o ABSOLUTE
    startup_stm32f103xb.s                    0x00000000   Number         0  startup_stm32f103xb.o ABSOLUTE
    RESET                                    0x08000000   Section      236  startup_stm32f103xb.o(RESET)
    .ARM.Collect$$$$00000000                 0x080000ec   Section        0  entry.o(.ARM.Collect$$$$00000000)
    .ARM.Collect$$$$00000001                 0x080000ec   Section        4  entry2.o(.ARM.Collect$$$$00000001)
    .ARM.Collect$$$$00000004                 0x080000f0   Section        4  entry5.o(.ARM.Collect$$$$00000004)
    .ARM.Collect$$$$00000008                 0x080000f4   Section        0  entry7b.o(.ARM.Collect$$$$00000008)
    .ARM.Collect$$$$0000000A                 0x080000f4   Section        0  entry8b.o(.ARM.Collect$$$$0000000A)
    .ARM.Collect$$$$0000000B                 0x080000f4   Section        8  entry9a.o(.ARM.Collect$$$$0000000B)
    .ARM.Collect$$$$0000000D                 0x080000fc   Section        0  entry10a.o(.ARM.Collect$$$$0000000D)
    .ARM.Collect$$$$0000000F                 0x080000fc   Section        0  entry11a.o(.ARM.Collect$$$$0000000F)
    .ARM.Collect$$$$00002712                 0x080000fc   Section        4  entry2.o(.ARM.Collect$$$$00002712)
    __lit__00000000                          0x080000fc   Data           4  entry2.o(.ARM.Collect$$$$00002712)
    .text                                    0x08000100   Section       36  startup_stm32f103xb.o(.text)
    .text                                    0x08000124   Section        0  llushr.o(.text)
    .text                                    0x08000144   Section        0  memseta.o(.text)
    .text                                    0x08000168   Section        0  strcat.o(.text)
    .text                                    0x08000180   Section        0  strlen.o(.text)
    .text                                    0x0800018e   Section        0  dadd.o(.text)
    .text                                    0x080002dc   Section        0  dmul.o(.text)
    .text                                    0x080003c0   Section        0  ddiv.o(.text)
    .text                                    0x0800049e   Section        0  uidiv.o(.text)
    .text                                    0x080004ca   Section        0  uldiv.o(.text)
    .text                                    0x0800052c   Section        0  llshl.o(.text)
    .text                                    0x0800054a   Section        0  llsshr.o(.text)
    .text                                    0x0800056e   Section        0  iusefp.o(.text)
    .text                                    0x0800056e   Section        0  depilogue.o(.text)
    .text                                    0x08000628   Section        0  dfixul.o(.text)
    .text                                    0x08000658   Section       48  cdrcmple.o(.text)
    .text                                    0x08000688   Section       36  init.o(.text)
    i.BCDtoDEC                               0x080006ac   Section        0  pcf8563.o(i.BCDtoDEC)
    BCDtoDEC                                 0x080006ad   Thumb Code    16  pcf8563.o(i.BCDtoDEC)
    i.BusFault_Handler                       0x080006bc   Section        0  stm32f1xx_it.o(i.BusFault_Handler)
    i.DebugMon_Handler                       0x080006be   Section        0  stm32f1xx_it.o(i.DebugMon_Handler)
    i.EXTI9_5_IRQHandler                     0x080006c0   Section        0  stm32f1xx_it.o(i.EXTI9_5_IRQHandler)
    i.Error_Handler                          0x080006c6   Section        0  main.o(i.Error_Handler)
    i.HAL_Delay                              0x080006cc   Section        0  stm32f1xx_hal.o(i.HAL_Delay)
    i.HAL_GPIO_EXTI_Callback                 0x080006f0   Section        0  main.o(i.HAL_GPIO_EXTI_Callback)
    i.HAL_GPIO_EXTI_IRQHandler               0x08000770   Section        0  stm32f1xx_hal_gpio.o(i.HAL_GPIO_EXTI_IRQHandler)
    i.HAL_GPIO_Init                          0x08000788   Section        0  stm32f1xx_hal_gpio.o(i.HAL_GPIO_Init)
    i.HAL_GPIO_ReadPin                       0x08000968   Section        0  stm32f1xx_hal_gpio.o(i.HAL_GPIO_ReadPin)
    i.HAL_GPIO_WritePin                      0x08000972   Section        0  stm32f1xx_hal_gpio.o(i.HAL_GPIO_WritePin)
    i.HAL_GetTick                            0x0800097c   Section        0  stm32f1xx_hal.o(i.HAL_GetTick)
    i.HAL_I2C_Init                           0x08000988   Section        0  stm32f1xx_hal_i2c.o(i.HAL_I2C_Init)
    i.HAL_I2C_Mem_Read                       0x08000b10   Section        0  stm32f1xx_hal_i2c.o(i.HAL_I2C_Mem_Read)
    i.HAL_I2C_Mem_Write                      0x08000d60   Section        0  stm32f1xx_hal_i2c.o(i.HAL_I2C_Mem_Write)
    i.HAL_I2C_MspInit                        0x08000e90   Section        0  i2c.o(i.HAL_I2C_MspInit)
    i.HAL_IncTick                            0x08000eec   Section        0  stm32f1xx_hal.o(i.HAL_IncTick)
    i.HAL_Init                               0x08000efc   Section        0  stm32f1xx_hal.o(i.HAL_Init)
    i.HAL_InitTick                           0x08000f20   Section        0  stm32f1xx_hal.o(i.HAL_InitTick)
    i.HAL_MspInit                            0x08000f60   Section        0  stm32f1xx_hal_msp.o(i.HAL_MspInit)
    i.HAL_NVIC_EnableIRQ                     0x08000f98   Section        0  stm32f1xx_hal_cortex.o(i.HAL_NVIC_EnableIRQ)
    i.HAL_NVIC_SetPriority                   0x08000fb4   Section        0  stm32f1xx_hal_cortex.o(i.HAL_NVIC_SetPriority)
    i.HAL_NVIC_SetPriorityGrouping           0x08000ff4   Section        0  stm32f1xx_hal_cortex.o(i.HAL_NVIC_SetPriorityGrouping)
    i.HAL_RCC_ClockConfig                    0x08001018   Section        0  stm32f1xx_hal_rcc.o(i.HAL_RCC_ClockConfig)
    i.HAL_RCC_GetPCLK1Freq                   0x08001144   Section        0  stm32f1xx_hal_rcc.o(i.HAL_RCC_GetPCLK1Freq)
    i.HAL_RCC_GetPCLK2Freq                   0x08001164   Section        0  stm32f1xx_hal_rcc.o(i.HAL_RCC_GetPCLK2Freq)
    i.HAL_RCC_GetSysClockFreq                0x08001184   Section        0  stm32f1xx_hal_rcc.o(i.HAL_RCC_GetSysClockFreq)
    i.HAL_RCC_OscConfig                      0x080011f0   Section        0  stm32f1xx_hal_rcc.o(i.HAL_RCC_OscConfig)
    i.HAL_SYSTICK_Config                     0x08001510   Section        0  stm32f1xx_hal_cortex.o(i.HAL_SYSTICK_Config)
    i.HAL_TIMEx_BreakCallback                0x08001538   Section        0  stm32f1xx_hal_tim_ex.o(i.HAL_TIMEx_BreakCallback)
    i.HAL_TIMEx_CommutCallback               0x0800153a   Section        0  stm32f1xx_hal_tim_ex.o(i.HAL_TIMEx_CommutCallback)
    i.HAL_TIMEx_MasterConfigSynchronization  0x0800153c   Section        0  stm32f1xx_hal_tim_ex.o(i.HAL_TIMEx_MasterConfigSynchronization)
    i.HAL_TIM_Base_Init                      0x080015a4   Section        0  stm32f1xx_hal_tim.o(i.HAL_TIM_Base_Init)
    i.HAL_TIM_Base_MspInit                   0x08001600   Section        0  tim.o(i.HAL_TIM_Base_MspInit)
    i.HAL_TIM_Base_Start_IT                  0x0800163c   Section        0  stm32f1xx_hal_tim.o(i.HAL_TIM_Base_Start_IT)
    i.HAL_TIM_ConfigClockSource              0x08001694   Section        0  stm32f1xx_hal_tim.o(i.HAL_TIM_ConfigClockSource)
    i.HAL_TIM_IC_CaptureCallback             0x0800176a   Section        0  stm32f1xx_hal_tim.o(i.HAL_TIM_IC_CaptureCallback)
    i.HAL_TIM_IRQHandler                     0x0800176c   Section        0  stm32f1xx_hal_tim.o(i.HAL_TIM_IRQHandler)
    i.HAL_TIM_OC_DelayElapsedCallback        0x080018d2   Section        0  stm32f1xx_hal_tim.o(i.HAL_TIM_OC_DelayElapsedCallback)
    i.HAL_TIM_PWM_PulseFinishedCallback      0x080018d4   Section        0  stm32f1xx_hal_tim.o(i.HAL_TIM_PWM_PulseFinishedCallback)
    i.HAL_TIM_PeriodElapsedCallback          0x080018d8   Section        0  tim.o(i.HAL_TIM_PeriodElapsedCallback)
    i.HAL_TIM_TriggerCallback                0x0800194c   Section        0  stm32f1xx_hal_tim.o(i.HAL_TIM_TriggerCallback)
    i.HAL_UART_Init                          0x0800194e   Section        0  stm32f1xx_hal_uart.o(i.HAL_UART_Init)
    i.HAL_UART_MspInit                       0x080019b0   Section        0  usart.o(i.HAL_UART_MspInit)
    i.HardFault_Handler                      0x08001a5c   Section        0  stm32f1xx_it.o(i.HardFault_Handler)
    i.I2C_IsAcknowledgeFailed                0x08001a5e   Section        0  stm32f1xx_hal_i2c.o(i.I2C_IsAcknowledgeFailed)
    I2C_IsAcknowledgeFailed                  0x08001a5f   Thumb Code    46  stm32f1xx_hal_i2c.o(i.I2C_IsAcknowledgeFailed)
    i.I2C_RequestMemoryRead                  0x08001a8c   Section        0  stm32f1xx_hal_i2c.o(i.I2C_RequestMemoryRead)
    I2C_RequestMemoryRead                    0x08001a8d   Thumb Code   246  stm32f1xx_hal_i2c.o(i.I2C_RequestMemoryRead)
    i.I2C_RequestMemoryWrite                 0x08001b88   Section        0  stm32f1xx_hal_i2c.o(i.I2C_RequestMemoryWrite)
    I2C_RequestMemoryWrite                   0x08001b89   Thumb Code   162  stm32f1xx_hal_i2c.o(i.I2C_RequestMemoryWrite)
    i.I2C_WaitOnBTFFlagUntilTimeout          0x08001c30   Section        0  stm32f1xx_hal_i2c.o(i.I2C_WaitOnBTFFlagUntilTimeout)
    I2C_WaitOnBTFFlagUntilTimeout            0x08001c31   Thumb Code    76  stm32f1xx_hal_i2c.o(i.I2C_WaitOnBTFFlagUntilTimeout)
    i.I2C_WaitOnFlagUntilTimeout             0x08001c7c   Section        0  stm32f1xx_hal_i2c.o(i.I2C_WaitOnFlagUntilTimeout)
    I2C_WaitOnFlagUntilTimeout               0x08001c7d   Thumb Code   104  stm32f1xx_hal_i2c.o(i.I2C_WaitOnFlagUntilTimeout)
    i.I2C_WaitOnMasterAddressFlagUntilTimeout 0x08001ce4   Section        0  stm32f1xx_hal_i2c.o(i.I2C_WaitOnMasterAddressFlagUntilTimeout)
    I2C_WaitOnMasterAddressFlagUntilTimeout  0x08001ce5   Thumb Code   150  stm32f1xx_hal_i2c.o(i.I2C_WaitOnMasterAddressFlagUntilTimeout)
    i.I2C_WaitOnRXNEFlagUntilTimeout         0x08001d7a   Section        0  stm32f1xx_hal_i2c.o(i.I2C_WaitOnRXNEFlagUntilTimeout)
    I2C_WaitOnRXNEFlagUntilTimeout           0x08001d7b   Thumb Code   102  stm32f1xx_hal_i2c.o(i.I2C_WaitOnRXNEFlagUntilTimeout)
    i.I2C_WaitOnTXEFlagUntilTimeout          0x08001de0   Section        0  stm32f1xx_hal_i2c.o(i.I2C_WaitOnTXEFlagUntilTimeout)
    I2C_WaitOnTXEFlagUntilTimeout            0x08001de1   Thumb Code    76  stm32f1xx_hal_i2c.o(i.I2C_WaitOnTXEFlagUntilTimeout)
    i.I2C_WriteByte                          0x08001e2c   Section        0  oled_driver.o(i.I2C_WriteByte)
    i.MX_GPIO_Init                           0x08001e58   Section        0  gpio.o(i.MX_GPIO_Init)
    i.MX_I2C1_Init                           0x08001f04   Section        0  i2c.o(i.MX_I2C1_Init)
    i.MX_TIM3_Init                           0x08001f44   Section        0  tim.o(i.MX_TIM3_Init)
    i.MX_USART1_UART_Init                    0x08001fb8   Section        0  usart.o(i.MX_USART1_UART_Init)
    i.MX_USART2_UART_Init                    0x08001ff0   Section        0  usart.o(i.MX_USART2_UART_Init)
    i.MemManage_Handler                      0x08002028   Section        0  stm32f1xx_it.o(i.MemManage_Handler)
    i.NMI_Handler                            0x0800202a   Section        0  stm32f1xx_it.o(i.NMI_Handler)
    i.OLED_CLS                               0x0800202c   Section        0  oled_driver.o(i.OLED_CLS)
    i.OLED_Init                              0x08002060   Section        0  oled_driver.o(i.OLED_Init)
    i.PendSV_Handler                         0x0800215c   Section        0  stm32f1xx_it.o(i.PendSV_Handler)
    i.ReadData                               0x08002160   Section        0  pcf8563.o(i.ReadData)
    i.SVC_Handler                            0x08002180   Section        0  stm32f1xx_it.o(i.SVC_Handler)
    i.Set_PCF8563_date                       0x08002184   Section        0  pcf8563.o(i.Set_PCF8563_date)
    i.SysTick_Handler                        0x080021fc   Section        0  stm32f1xx_it.o(i.SysTick_Handler)
    i.SystemClock_Config                     0x08002200   Section        0  main.o(i.SystemClock_Config)
    i.SystemInit                             0x0800225e   Section        0  system_stm32f1xx.o(i.SystemInit)
    i.TIM3_IRQHandler                        0x08002260   Section        0  stm32f1xx_it.o(i.TIM3_IRQHandler)
    i.TIM_Base_SetConfig                     0x0800226c   Section        0  stm32f1xx_hal_tim.o(i.TIM_Base_SetConfig)
    i.TIM_ETR_SetConfig                      0x080022d8   Section        0  stm32f1xx_hal_tim.o(i.TIM_ETR_SetConfig)
    i.TIM_ITRx_SetConfig                     0x080022ec   Section        0  stm32f1xx_hal_tim.o(i.TIM_ITRx_SetConfig)
    TIM_ITRx_SetConfig                       0x080022ed   Thumb Code    16  stm32f1xx_hal_tim.o(i.TIM_ITRx_SetConfig)
    i.TIM_TI1_ConfigInputStage               0x080022fc   Section        0  stm32f1xx_hal_tim.o(i.TIM_TI1_ConfigInputStage)
    TIM_TI1_ConfigInputStage                 0x080022fd   Thumb Code    34  stm32f1xx_hal_tim.o(i.TIM_TI1_ConfigInputStage)
    i.TIM_TI2_ConfigInputStage               0x0800231e   Section        0  stm32f1xx_hal_tim.o(i.TIM_TI2_ConfigInputStage)
    TIM_TI2_ConfigInputStage                 0x0800231f   Thumb Code    36  stm32f1xx_hal_tim.o(i.TIM_TI2_ConfigInputStage)
    i.UART_SetConfig                         0x08002344   Section        0  stm32f1xx_hal_uart.o(i.UART_SetConfig)
    UART_SetConfig                           0x08002345   Thumb Code   178  stm32f1xx_hal_uart.o(i.UART_SetConfig)
    i.UsageFault_Handler                     0x080023fc   Section        0  stm32f1xx_it.o(i.UsageFault_Handler)
    i.WriteCmd                               0x080023fe   Section        0  oled_driver.o(i.WriteCmd)
    i.WriteDat                               0x08002406   Section        0  oled_driver.o(i.WriteDat)
    i.__0vsprintf                            0x08002410   Section        0  printfa.o(i.__0vsprintf)
    i.__NVIC_SetPriority                     0x08002434   Section        0  stm32f1xx_hal_cortex.o(i.__NVIC_SetPriority)
    __NVIC_SetPriority                       0x08002435   Thumb Code    32  stm32f1xx_hal_cortex.o(i.__NVIC_SetPriority)
    i.__scatterload_copy                     0x08002454   Section       14  handlers.o(i.__scatterload_copy)
    i.__scatterload_null                     0x08002462   Section        2  handlers.o(i.__scatterload_null)
    i.__scatterload_zeroinit                 0x08002464   Section       14  handlers.o(i.__scatterload_zeroinit)
    i._fp_digits                             0x08002474   Section        0  printfa.o(i._fp_digits)
    _fp_digits                               0x08002475   Thumb Code   366  printfa.o(i._fp_digits)
    i._printf_core                           0x080025f8   Section        0  printfa.o(i._printf_core)
    _printf_core                             0x080025f9   Thumb Code  1744  printfa.o(i._printf_core)
    i._printf_post_padding                   0x08002cd4   Section        0  printfa.o(i._printf_post_padding)
    _printf_post_padding                     0x08002cd5   Thumb Code    36  printfa.o(i._printf_post_padding)
    i._printf_pre_padding                    0x08002cf8   Section        0  printfa.o(i._printf_pre_padding)
    _printf_pre_padding                      0x08002cf9   Thumb Code    46  printfa.o(i._printf_pre_padding)
    i._sputc                                 0x08002d26   Section        0  printfa.o(i._sputc)
    _sputc                                   0x08002d27   Thumb Code    10  printfa.o(i._sputc)
    i.alarm_get                              0x08002d30   Section        0  alarm.o(i.alarm_get)
    i.alarm_init                             0x08002d48   Section        0  alarm.o(i.alarm_init)
    i.animation_offsetY                      0x08002d4c   Section        0  animation.o(i.animation_offsetY)
    i.appconfig_init                         0x08002d58   Section        0  appconfig.o(i.appconfig_init)
    i.appconfig_reset                        0x08002d5c   Section        0  appconfig.o(i.appconfig_reset)
    i.console_log                            0x08002d80   Section        0  gui_log_console.o(i.console_log)
    i.display_test                           0x08002f04   Section        0  display.o(i.display_test)
    i.draw_bitmap                            0x08002f6c   Section        0  draw.o(i.draw_bitmap)
    i.draw_end                               0x080030c4   Section        0  draw.o(i.draw_end)
    i.draw_string                            0x080030c8   Section        0  draw.o(i.draw_string)
    i.find_huanhang_str_idx                  0x08003148   Section        0  gui_log_console.o(i.find_huanhang_str_idx)
    i.getNextAlarm                           0x08003164   Section        0  alarm.o(i.getNextAlarm)
    getNextAlarm                             0x08003165   Thumb Code   152  alarm.o(i.getNextAlarm)
    i.gui_print_s                            0x08003204   Section        0  gui_log_console.o(i.gui_print_s)
    i.main                                   0x08003218   Section        0  main.o(i.main)
    i.malloc                                 0x08003390   Section        0  malloc.o(i.malloc)
    i.millis_get                             0x080033fc   Section        0  tim.o(i.millis_get)
    i.oled_flush                             0x08003408   Section        0  oled_driver.o(i.oled_flush)
    i.pcf8563_Read                           0x0800345c   Section        0  pcf8563.o(i.pcf8563_Read)
    i.pcf8563_gettime                        0x080034e4   Section        0  pcf8563.o(i.pcf8563_gettime)
    i.pwrmgr_init                            0x08003500   Section        0  pwrmgr.o(i.pwrmgr_init)
    i.readPixels                             0x08003510   Section        0  draw.o(i.readPixels)
    readPixels                               0x08003511   Thumb Code    12  draw.o(i.readPixels)
    i.strcopy_cnt                            0x0800351c   Section        0  gui_log_console.o(i.strcopy_cnt)
    i.test_loop                              0x08003534   Section        0  main.o(i.test_loop)
    i.time_timeMode                          0x0800354c   Section        0  time.o(i.time_timeMode)
    i.toMinutes                              0x08003598   Section        0  alarm.o(i.toMinutes)
    toMinutes                                0x08003599   Thumb Code    24  alarm.o(i.toMinutes)
    i.writeData                              0x080035b0   Section        0  pcf8563.o(i.writeData)
    .constdata                               0x080035d8   Section       16  system_stm32f1xx.o(.constdata)
    .constdata                               0x080035e8   Section        8  system_stm32f1xx.o(.constdata)
    .constdata                               0x080035f0   Section     1120  resources.o(.constdata)
    .constdata                               0x08003a50   Section      485  resources.o(.constdata)
    .data                                    0x20000000   Section        2  main.o(.data)
    count                                    0x20000000   Data           1  main.o(.data)
    b_flag                                   0x20000001   Data           1  main.o(.data)
    .data                                    0x20000002   Section       12  pcf8563.o(.data)
    .data                                    0x20000010   Section       16  tailnum.o(.data)
    prevMenuData                             0x20000018   Data           8  tailnum.o(.data)
    .data                                    0x20000020   Section       12  tim.o(.data)
    count                                    0x20000024   Data           1  tim.o(.data)
    .data                                    0x2000002c   Section       12  stm32f1xx_hal.o(.data)
    .data                                    0x20000038   Section        4  system_stm32f1xx.o(.data)
    .data                                    0x2000003c   Section       35  alarm.o(.data)
    nextAlarm                                0x2000003c   Data           1  alarm.o(.data)
    nextAlarmDay                             0x2000003d   Data           1  alarm.o(.data)
    alarmSetOff                              0x2000003e   Data           1  alarm.o(.data)
    oldDrawFunc                              0x20000040   Data           4  alarm.o(.data)
    oldBtn1Func                              0x20000044   Data           4  alarm.o(.data)
    oldBtn2Func                              0x20000048   Data           4  alarm.o(.data)
    oldBtn3Func                              0x2000004c   Data           4  alarm.o(.data)
    .data                                    0x20000060   Section       16  buttons.o(.data)
    lastUpdate                               0x20000068   Data           4  buttons.o(.data)
    lastPress                                0x2000006c   Data           4  buttons.o(.data)
    .data                                    0x20000070   Section        4  buttons.o(.data)
    .data                                    0x20000074   Section       30  display.o(.data)
    fpsMs                                    0x20000075   Data           1  display.o(.data)
    fpsms                                    0x20000076   Data           1  display.o(.data)
    fpsms                                    0x20000077   Data           1  display.o(.data)
    lastDraw                                 0x20000078   Data           4  display.o(.data)
    lastDraw                                 0x2000007c   Data           4  display.o(.data)
    times                                    0x20000080   Data           4  display.o(.data)
    drawFunc                                 0x20000084   Data           4  display.o(.data)
    func                                     0x20000088   Data           4  display.o(.data)
    crt_anim                                 0x2000008c   Data           6  display.o(.data)
    .data                                    0x20000092   Section        3  pwrmgr.o(.data)
    systemState                              0x20000093   Data           1  pwrmgr.o(.data)
    userState                                0x20000094   Data           1  pwrmgr.o(.data)
    .data                                    0x20000095   Section       10  time.o(.data)
    tuneHourFlag                             0x20000095   Data           1  time.o(.data)
    .data                                    0x2000009f   Section        5  gui_log_console.o(.data)
    index                                    0x200000a0   Data           1  gui_log_console.o(.data)
    last_str_length                          0x200000a1   Data           1  gui_log_console.o(.data)
    .data                                    0x200000a4   Section        4  mvars.o(.data)
    .data                                    0x200000a8   Section        4  mvars.o(.data)
    .bss                                     0x200000ac   Section       84  i2c.o(.bss)
    .bss                                     0x20000100   Section        9  pcf8563.o(.bss)
    .bss                                     0x2000010c   Section       72  tim.o(.bss)
    .bss                                     0x20000154   Section      136  usart.o(.bss)
    .bss                                     0x200001dc   Section       12  animation.o(.bss)
    animationStatus                          0x200001dc   Data          12  animation.o(.bss)
    .bss                                     0x200001e8   Section       12  appconfig.o(.bss)
    .bss                                     0x200001f4   Section     1024  oled_driver.o(.bss)
    .bss                                     0x200005f4   Section      192  altitude_display.o(.bss)
    .bss                                     0x200006b4   Section     1424  gui_log_console.o(.bss)
    HEAP                                     0x20000c48   Section      512  startup_stm32f103xb.o(HEAP)
    STACK                                    0x20000e48   Section     1024  startup_stm32f103xb.o(STACK)

    Global Symbols

    Symbol Name                              Value     Ov Type        Size  Object(Section)

    BuildAttributes$$THM_ISAv4$P$D$K$B$S$PE$A:L22UL41UL21$X:L11$S22US41US21$IEEE1$IW$USESV6$~STKCKD$USESV7$~SHL$OTIME$ROPI$IEEEX$EBA8$MICROLIB$REQ8$PRES8$EABIv2 0x00000000   Number         0  anon$$obj.o ABSOLUTE
    __ARM_use_no_argv                        0x00000000   Number         0  main.o ABSOLUTE
    _printf_a                                0x00000000   Number         0  stubs.o ABSOLUTE
    _printf_c                                0x00000000   Number         0  stubs.o ABSOLUTE
    _printf_charcount                        0x00000000   Number         0  stubs.o ABSOLUTE
    _printf_d                                0x00000000   Number         0  stubs.o ABSOLUTE
    _printf_e                                0x00000000   Number         0  stubs.o ABSOLUTE
    _printf_f                                0x00000000   Number         0  stubs.o ABSOLUTE
    _printf_flags                            0x00000000   Number         0  stubs.o ABSOLUTE
    _printf_fp_dec                           0x00000000   Number         0  stubs.o ABSOLUTE
    _printf_fp_hex                           0x00000000   Number         0  stubs.o ABSOLUTE
    _printf_g                                0x00000000   Number         0  stubs.o ABSOLUTE
    _printf_i                                0x00000000   Number         0  stubs.o ABSOLUTE
    _printf_int_dec                          0x00000000   Number         0  stubs.o ABSOLUTE
    _printf_l                                0x00000000   Number         0  stubs.o ABSOLUTE
    _printf_lc                               0x00000000   Number         0  stubs.o ABSOLUTE
    _printf_ll                               0x00000000   Number         0  stubs.o ABSOLUTE
    _printf_lld                              0x00000000   Number         0  stubs.o ABSOLUTE
    _printf_lli                              0x00000000   Number         0  stubs.o ABSOLUTE
    _printf_llo                              0x00000000   Number         0  stubs.o ABSOLUTE
    _printf_llu                              0x00000000   Number         0  stubs.o ABSOLUTE
    _printf_llx                              0x00000000   Number         0  stubs.o ABSOLUTE
    _printf_longlong_dec                     0x00000000   Number         0  stubs.o ABSOLUTE
    _printf_longlong_hex                     0x00000000   Number         0  stubs.o ABSOLUTE
    _printf_longlong_oct                     0x00000000   Number         0  stubs.o ABSOLUTE
    _printf_ls                               0x00000000   Number         0  stubs.o ABSOLUTE
    _printf_mbtowc                           0x00000000   Number         0  stubs.o ABSOLUTE
    _printf_n                                0x00000000   Number         0  stubs.o ABSOLUTE
    _printf_o                                0x00000000   Number         0  stubs.o ABSOLUTE
    _printf_p                                0x00000000   Number         0  stubs.o ABSOLUTE
    _printf_percent                          0x00000000   Number         0  stubs.o ABSOLUTE
    _printf_pre_padding                      0x00000000   Number         0  stubs.o ABSOLUTE
    _printf_return_value                     0x00000000   Number         0  stubs.o ABSOLUTE
    _printf_s                                0x00000000   Number         0  stubs.o ABSOLUTE
    _printf_sizespec                         0x00000000   Number         0  stubs.o ABSOLUTE
    _printf_str                              0x00000000   Number         0  stubs.o ABSOLUTE
    _printf_truncate_signed                  0x00000000   Number         0  stubs.o ABSOLUTE
    _printf_truncate_unsigned                0x00000000   Number         0  stubs.o ABSOLUTE
    _printf_u                                0x00000000   Number         0  stubs.o ABSOLUTE
    _printf_wc                               0x00000000   Number         0  stubs.o ABSOLUTE
    _printf_wctomb                           0x00000000   Number         0  stubs.o ABSOLUTE
    _printf_widthprec                        0x00000000   Number         0  stubs.o ABSOLUTE
    _printf_x                                0x00000000   Number         0  stubs.o ABSOLUTE
    __cpp_initialize__aeabi_                  - Undefined Weak Reference
    __cxa_finalize                            - Undefined Weak Reference
    __decompress                              - Undefined Weak Reference
    _clock_init                               - Undefined Weak Reference
    _microlib_exit                            - Undefined Weak Reference
    __Vectors_Size                           0x000000ec   Number         0  startup_stm32f103xb.o ABSOLUTE
    __Vectors                                0x08000000   Data           4  startup_stm32f103xb.o(RESET)
    __Vectors_End                            0x080000ec   Data           0  startup_stm32f103xb.o(RESET)
    __main                                   0x080000ed   Thumb Code     0  entry.o(.ARM.Collect$$$$00000000)
    _main_stk                                0x080000ed   Thumb Code     0  entry2.o(.ARM.Collect$$$$00000001)
    _main_scatterload                        0x080000f1   Thumb Code     0  entry5.o(.ARM.Collect$$$$00000004)
    __main_after_scatterload                 0x080000f5   Thumb Code     0  entry5.o(.ARM.Collect$$$$00000004)
    _main_clock                              0x080000f5   Thumb Code     0  entry7b.o(.ARM.Collect$$$$00000008)
    _main_cpp_init                           0x080000f5   Thumb Code     0  entry8b.o(.ARM.Collect$$$$0000000A)
    _main_init                               0x080000f5   Thumb Code     0  entry9a.o(.ARM.Collect$$$$0000000B)
    __rt_final_cpp                           0x080000fd   Thumb Code     0  entry10a.o(.ARM.Collect$$$$0000000D)
    __rt_final_exit                          0x080000fd   Thumb Code     0  entry11a.o(.ARM.Collect$$$$0000000F)
    Reset_Handler                            0x08000101   Thumb Code     8  startup_stm32f103xb.o(.text)
    ADC1_2_IRQHandler                        0x0800011b   Thumb Code     0  startup_stm32f103xb.o(.text)
    CAN1_RX1_IRQHandler                      0x0800011b   Thumb Code     0  startup_stm32f103xb.o(.text)
    CAN1_SCE_IRQHandler                      0x0800011b   Thumb Code     0  startup_stm32f103xb.o(.text)
    DMA1_Channel1_IRQHandler                 0x0800011b   Thumb Code     0  startup_stm32f103xb.o(.text)
    DMA1_Channel2_IRQHandler                 0x0800011b   Thumb Code     0  startup_stm32f103xb.o(.text)
    DMA1_Channel3_IRQHandler                 0x0800011b   Thumb Code     0  startup_stm32f103xb.o(.text)
    DMA1_Channel4_IRQHandler                 0x0800011b   Thumb Code     0  startup_stm32f103xb.o(.text)
    DMA1_Channel5_IRQHandler                 0x0800011b   Thumb Code     0  startup_stm32f103xb.o(.text)
    DMA1_Channel6_IRQHandler                 0x0800011b   Thumb Code     0  startup_stm32f103xb.o(.text)
    DMA1_Channel7_IRQHandler                 0x0800011b   Thumb Code     0  startup_stm32f103xb.o(.text)
    EXTI0_IRQHandler                         0x0800011b   Thumb Code     0  startup_stm32f103xb.o(.text)
    EXTI15_10_IRQHandler                     0x0800011b   Thumb Code     0  startup_stm32f103xb.o(.text)
    EXTI1_IRQHandler                         0x0800011b   Thumb Code     0  startup_stm32f103xb.o(.text)
    EXTI2_IRQHandler                         0x0800011b   Thumb Code     0  startup_stm32f103xb.o(.text)
    EXTI3_IRQHandler                         0x0800011b   Thumb Code     0  startup_stm32f103xb.o(.text)
    EXTI4_IRQHandler                         0x0800011b   Thumb Code     0  startup_stm32f103xb.o(.text)
    FLASH_IRQHandler                         0x0800011b   Thumb Code     0  startup_stm32f103xb.o(.text)
    I2C1_ER_IRQHandler                       0x0800011b   Thumb Code     0  startup_stm32f103xb.o(.text)
    I2C1_EV_IRQHandler                       0x0800011b   Thumb Code     0  startup_stm32f103xb.o(.text)
    I2C2_ER_IRQHandler                       0x0800011b   Thumb Code     0  startup_stm32f103xb.o(.text)
    I2C2_EV_IRQHandler                       0x0800011b   Thumb Code     0  startup_stm32f103xb.o(.text)
    PVD_IRQHandler                           0x0800011b   Thumb Code     0  startup_stm32f103xb.o(.text)
    RCC_IRQHandler                           0x0800011b   Thumb Code     0  startup_stm32f103xb.o(.text)
    RTC_Alarm_IRQHandler                     0x0800011b   Thumb Code     0  startup_stm32f103xb.o(.text)
    RTC_IRQHandler                           0x0800011b   Thumb Code     0  startup_stm32f103xb.o(.text)
    SPI1_IRQHandler                          0x0800011b   Thumb Code     0  startup_stm32f103xb.o(.text)
    SPI2_IRQHandler                          0x0800011b   Thumb Code     0  startup_stm32f103xb.o(.text)
    TAMPER_IRQHandler                        0x0800011b   Thumb Code     0  startup_stm32f103xb.o(.text)
    TIM1_BRK_IRQHandler                      0x0800011b   Thumb Code     0  startup_stm32f103xb.o(.text)
    TIM1_CC_IRQHandler                       0x0800011b   Thumb Code     0  startup_stm32f103xb.o(.text)
    TIM1_TRG_COM_IRQHandler                  0x0800011b   Thumb Code     0  startup_stm32f103xb.o(.text)
    TIM1_UP_IRQHandler                       0x0800011b   Thumb Code     0  startup_stm32f103xb.o(.text)
    TIM2_IRQHandler                          0x0800011b   Thumb Code     0  startup_stm32f103xb.o(.text)
    TIM4_IRQHandler                          0x0800011b   Thumb Code     0  startup_stm32f103xb.o(.text)
    USART1_IRQHandler                        0x0800011b   Thumb Code     0  startup_stm32f103xb.o(.text)
    USART2_IRQHandler                        0x0800011b   Thumb Code     0  startup_stm32f103xb.o(.text)
    USART3_IRQHandler                        0x0800011b   Thumb Code     0  startup_stm32f103xb.o(.text)
    USBWakeUp_IRQHandler                     0x0800011b   Thumb Code     0  startup_stm32f103xb.o(.text)
    USB_HP_CAN1_TX_IRQHandler                0x0800011b   Thumb Code     0  startup_stm32f103xb.o(.text)
    USB_LP_CAN1_RX0_IRQHandler               0x0800011b   Thumb Code     0  startup_stm32f103xb.o(.text)
    WWDG_IRQHandler                          0x0800011b   Thumb Code     0  startup_stm32f103xb.o(.text)
    __aeabi_llsr                             0x08000125   Thumb Code    32  llushr.o(.text)
    _ll_ushift_r                             0x08000125   Thumb Code     0  llushr.o(.text)
    __aeabi_memset                           0x08000145   Thumb Code    14  memseta.o(.text)
    __aeabi_memset4                          0x08000145   Thumb Code     0  memseta.o(.text)
    __aeabi_memset8                          0x08000145   Thumb Code     0  memseta.o(.text)
    __aeabi_memclr                           0x08000153   Thumb Code     4  memseta.o(.text)
    __aeabi_memclr4                          0x08000153   Thumb Code     0  memseta.o(.text)
    __aeabi_memclr8                          0x08000153   Thumb Code     0  memseta.o(.text)
    _memset$wrapper                          0x08000157   Thumb Code    18  memseta.o(.text)
    strcat                                   0x08000169   Thumb Code    24  strcat.o(.text)
    strlen                                   0x08000181   Thumb Code    14  strlen.o(.text)
    __aeabi_dadd                             0x0800018f   Thumb Code   322  dadd.o(.text)
    __aeabi_dsub                             0x080002d1   Thumb Code     6  dadd.o(.text)
    __aeabi_drsub                            0x080002d7   Thumb Code     6  dadd.o(.text)
    __aeabi_dmul                             0x080002dd   Thumb Code   228  dmul.o(.text)
    __aeabi_ddiv                             0x080003c1   Thumb Code   222  ddiv.o(.text)
    __aeabi_uidiv                            0x0800049f   Thumb Code     0  uidiv.o(.text)
    __aeabi_uidivmod                         0x0800049f   Thumb Code    44  uidiv.o(.text)
    __aeabi_uldivmod                         0x080004cb   Thumb Code    98  uldiv.o(.text)
    __aeabi_llsl                             0x0800052d   Thumb Code    30  llshl.o(.text)
    _ll_shift_l                              0x0800052d   Thumb Code     0  llshl.o(.text)
    __aeabi_lasr                             0x0800054b   Thumb Code    36  llsshr.o(.text)
    _ll_sshift_r                             0x0800054b   Thumb Code     0  llsshr.o(.text)
    __I$use$fp                               0x0800056f   Thumb Code     0  iusefp.o(.text)
    _double_round                            0x0800056f   Thumb Code    30  depilogue.o(.text)
    _double_epilogue                         0x0800058d   Thumb Code   156  depilogue.o(.text)
    __aeabi_d2ulz                            0x08000629   Thumb Code    48  dfixul.o(.text)
    __aeabi_cdrcmple                         0x08000659   Thumb Code    48  cdrcmple.o(.text)
    __scatterload                            0x08000689   Thumb Code    28  init.o(.text)
    __scatterload_rt2                        0x08000689   Thumb Code     0  init.o(.text)
    BusFault_Handler                         0x080006bd   Thumb Code     2  stm32f1xx_it.o(i.BusFault_Handler)
    DebugMon_Handler                         0x080006bf   Thumb Code     2  stm32f1xx_it.o(i.DebugMon_Handler)
    EXTI9_5_IRQHandler                       0x080006c1   Thumb Code     6  stm32f1xx_it.o(i.EXTI9_5_IRQHandler)
    Error_Handler                            0x080006c7   Thumb Code     4  main.o(i.Error_Handler)
    HAL_Delay                                0x080006cd   Thumb Code    32  stm32f1xx_hal.o(i.HAL_Delay)
    HAL_GPIO_EXTI_Callback                   0x080006f1   Thumb Code   108  main.o(i.HAL_GPIO_EXTI_Callback)
    HAL_GPIO_EXTI_IRQHandler                 0x08000771   Thumb Code    18  stm32f1xx_hal_gpio.o(i.HAL_GPIO_EXTI_IRQHandler)
    HAL_GPIO_Init                            0x08000789   Thumb Code   446  stm32f1xx_hal_gpio.o(i.HAL_GPIO_Init)
    HAL_GPIO_ReadPin                         0x08000969   Thumb Code    10  stm32f1xx_hal_gpio.o(i.HAL_GPIO_ReadPin)
    HAL_GPIO_WritePin                        0x08000973   Thumb Code    10  stm32f1xx_hal_gpio.o(i.HAL_GPIO_WritePin)
    HAL_GetTick                              0x0800097d   Thumb Code     6  stm32f1xx_hal.o(i.HAL_GetTick)
    HAL_I2C_Init                             0x08000989   Thumb Code   376  stm32f1xx_hal_i2c.o(i.HAL_I2C_Init)
    HAL_I2C_Mem_Read                         0x08000b11   Thumb Code   574  stm32f1xx_hal_i2c.o(i.HAL_I2C_Mem_Read)
    HAL_I2C_Mem_Write                        0x08000d61   Thumb Code   294  stm32f1xx_hal_i2c.o(i.HAL_I2C_Mem_Write)
    HAL_I2C_MspInit                          0x08000e91   Thumb Code    80  i2c.o(i.HAL_I2C_MspInit)
    HAL_IncTick                              0x08000eed   Thumb Code    12  stm32f1xx_hal.o(i.HAL_IncTick)
    HAL_Init                                 0x08000efd   Thumb Code    32  stm32f1xx_hal.o(i.HAL_Init)
    HAL_InitTick                             0x08000f21   Thumb Code    54  stm32f1xx_hal.o(i.HAL_InitTick)
    HAL_MspInit                              0x08000f61   Thumb Code    48  stm32f1xx_hal_msp.o(i.HAL_MspInit)
    HAL_NVIC_EnableIRQ                       0x08000f99   Thumb Code    26  stm32f1xx_hal_cortex.o(i.HAL_NVIC_EnableIRQ)
    HAL_NVIC_SetPriority                     0x08000fb5   Thumb Code    60  stm32f1xx_hal_cortex.o(i.HAL_NVIC_SetPriority)
    HAL_NVIC_SetPriorityGrouping             0x08000ff5   Thumb Code    26  stm32f1xx_hal_cortex.o(i.HAL_NVIC_SetPriorityGrouping)
    HAL_RCC_ClockConfig                      0x08001019   Thumb Code   280  stm32f1xx_hal_rcc.o(i.HAL_RCC_ClockConfig)
    HAL_RCC_GetPCLK1Freq                     0x08001145   Thumb Code    20  stm32f1xx_hal_rcc.o(i.HAL_RCC_GetPCLK1Freq)
    HAL_RCC_GetPCLK2Freq                     0x08001165   Thumb Code    20  stm32f1xx_hal_rcc.o(i.HAL_RCC_GetPCLK2Freq)
    HAL_RCC_GetSysClockFreq                  0x08001185   Thumb Code    74  stm32f1xx_hal_rcc.o(i.HAL_RCC_GetSysClockFreq)
    HAL_RCC_OscConfig                        0x080011f1   Thumb Code   778  stm32f1xx_hal_rcc.o(i.HAL_RCC_OscConfig)
    HAL_SYSTICK_Config                       0x08001511   Thumb Code    40  stm32f1xx_hal_cortex.o(i.HAL_SYSTICK_Config)
    HAL_TIMEx_BreakCallback                  0x08001539   Thumb Code     2  stm32f1xx_hal_tim_ex.o(i.HAL_TIMEx_BreakCallback)
    HAL_TIMEx_CommutCallback                 0x0800153b   Thumb Code     2  stm32f1xx_hal_tim_ex.o(i.HAL_TIMEx_CommutCallback)
    HAL_TIMEx_MasterConfigSynchronization    0x0800153d   Thumb Code    92  stm32f1xx_hal_tim_ex.o(i.HAL_TIMEx_MasterConfigSynchronization)
    HAL_TIM_Base_Init                        0x080015a5   Thumb Code    90  stm32f1xx_hal_tim.o(i.HAL_TIM_Base_Init)
    HAL_TIM_Base_MspInit                     0x08001601   Thumb Code    50  tim.o(i.HAL_TIM_Base_MspInit)
    HAL_TIM_Base_Start_IT                    0x0800163d   Thumb Code    76  stm32f1xx_hal_tim.o(i.HAL_TIM_Base_Start_IT)
    HAL_TIM_ConfigClockSource                0x08001695   Thumb Code   214  stm32f1xx_hal_tim.o(i.HAL_TIM_ConfigClockSource)
    HAL_TIM_IC_CaptureCallback               0x0800176b   Thumb Code     2  stm32f1xx_hal_tim.o(i.HAL_TIM_IC_CaptureCallback)
    HAL_TIM_IRQHandler                       0x0800176d   Thumb Code   358  stm32f1xx_hal_tim.o(i.HAL_TIM_IRQHandler)
    HAL_TIM_OC_DelayElapsedCallback          0x080018d3   Thumb Code     2  stm32f1xx_hal_tim.o(i.HAL_TIM_OC_DelayElapsedCallback)
    HAL_TIM_PWM_PulseFinishedCallback        0x080018d5   Thumb Code     2  stm32f1xx_hal_tim.o(i.HAL_TIM_PWM_PulseFinishedCallback)
    HAL_TIM_PeriodElapsedCallback            0x080018d9   Thumb Code    98  tim.o(i.HAL_TIM_PeriodElapsedCallback)
    HAL_TIM_TriggerCallback                  0x0800194d   Thumb Code     2  stm32f1xx_hal_tim.o(i.HAL_TIM_TriggerCallback)
    HAL_UART_Init                            0x0800194f   Thumb Code    98  stm32f1xx_hal_uart.o(i.HAL_UART_Init)
    HAL_UART_MspInit                         0x080019b1   Thumb Code   156  usart.o(i.HAL_UART_MspInit)
    HardFault_Handler                        0x08001a5d   Thumb Code     2  stm32f1xx_it.o(i.HardFault_Handler)
    I2C_WriteByte                            0x08001e2d   Thumb Code    40  oled_driver.o(i.I2C_WriteByte)
    MX_GPIO_Init                             0x08001e59   Thumb Code   156  gpio.o(i.MX_GPIO_Init)
    MX_I2C1_Init                             0x08001f05   Thumb Code    50  i2c.o(i.MX_I2C1_Init)
    MX_TIM3_Init                             0x08001f45   Thumb Code   106  tim.o(i.MX_TIM3_Init)
    MX_USART1_UART_Init                      0x08001fb9   Thumb Code    48  usart.o(i.MX_USART1_UART_Init)
    MX_USART2_UART_Init                      0x08001ff1   Thumb Code    48  usart.o(i.MX_USART2_UART_Init)
    MemManage_Handler                        0x08002029   Thumb Code     2  stm32f1xx_it.o(i.MemManage_Handler)
    NMI_Handler                              0x0800202b   Thumb Code     2  stm32f1xx_it.o(i.NMI_Handler)
    OLED_CLS                                 0x0800202d   Thumb Code    52  oled_driver.o(i.OLED_CLS)
    OLED_Init                                0x08002061   Thumb Code   244  oled_driver.o(i.OLED_Init)
    PendSV_Handler                           0x0800215d   Thumb Code     2  stm32f1xx_it.o(i.PendSV_Handler)
    ReadData                                 0x08002161   Thumb Code    28  pcf8563.o(i.ReadData)
    SVC_Handler                              0x08002181   Thumb Code     2  stm32f1xx_it.o(i.SVC_Handler)
    Set_PCF8563_date                         0x08002185   Thumb Code   114  pcf8563.o(i.Set_PCF8563_date)
    SysTick_Handler                          0x080021fd   Thumb Code     4  stm32f1xx_it.o(i.SysTick_Handler)
    SystemClock_Config                       0x08002201   Thumb Code    94  main.o(i.SystemClock_Config)
    SystemInit                               0x0800225f   Thumb Code     2  system_stm32f1xx.o(i.SystemInit)
    TIM3_IRQHandler                          0x08002261   Thumb Code     6  stm32f1xx_it.o(i.TIM3_IRQHandler)
    TIM_Base_SetConfig                       0x0800226d   Thumb Code    94  stm32f1xx_hal_tim.o(i.TIM_Base_SetConfig)
    TIM_ETR_SetConfig                        0x080022d9   Thumb Code    20  stm32f1xx_hal_tim.o(i.TIM_ETR_SetConfig)
    UsageFault_Handler                       0x080023fd   Thumb Code     2  stm32f1xx_it.o(i.UsageFault_Handler)
    WriteCmd                                 0x080023ff   Thumb Code     8  oled_driver.o(i.WriteCmd)
    WriteDat                                 0x08002407   Thumb Code     8  oled_driver.o(i.WriteDat)
    __0vsprintf                              0x08002411   Thumb Code    30  printfa.o(i.__0vsprintf)
    __1vsprintf                              0x08002411   Thumb Code     0  printfa.o(i.__0vsprintf)
    __2vsprintf                              0x08002411   Thumb Code     0  printfa.o(i.__0vsprintf)
    __c89vsprintf                            0x08002411   Thumb Code     0  printfa.o(i.__0vsprintf)
    vsprintf                                 0x08002411   Thumb Code     0  printfa.o(i.__0vsprintf)
    __scatterload_copy                       0x08002455   Thumb Code    14  handlers.o(i.__scatterload_copy)
    __scatterload_null                       0x08002463   Thumb Code     2  handlers.o(i.__scatterload_null)
    __scatterload_zeroinit                   0x08002465   Thumb Code    14  handlers.o(i.__scatterload_zeroinit)
    alarm_get                                0x08002d31   Thumb Code    18  alarm.o(i.alarm_get)
    alarm_init                               0x08002d49   Thumb Code     4  alarm.o(i.alarm_init)
    animation_offsetY                        0x08002d4d   Thumb Code     6  animation.o(i.animation_offsetY)
    appconfig_init                           0x08002d59   Thumb Code     4  appconfig.o(i.appconfig_init)
    appconfig_reset                          0x08002d5d   Thumb Code    30  appconfig.o(i.appconfig_reset)
    console_log                              0x08002d81   Thumb Code   362  gui_log_console.o(i.console_log)
    display_test                             0x08002f05   Thumb Code    96  display.o(i.display_test)
    draw_bitmap                              0x08002f6d   Thumb Code   338  draw.o(i.draw_bitmap)
    draw_end                                 0x080030c5   Thumb Code     4  draw.o(i.draw_end)
    draw_string                              0x080030c9   Thumb Code   118  draw.o(i.draw_string)
    find_huanhang_str_idx                    0x08003149   Thumb Code    28  gui_log_console.o(i.find_huanhang_str_idx)
    gui_print_s                              0x08003205   Thumb Code    20  gui_log_console.o(i.gui_print_s)
    main                                     0x08003219   Thumb Code   182  main.o(i.main)
    malloc                                   0x08003391   Thumb Code    92  malloc.o(i.malloc)
    millis_get                               0x080033fd   Thumb Code     6  tim.o(i.millis_get)
    oled_flush                               0x08003409   Thumb Code    74  oled_driver.o(i.oled_flush)
    pcf8563_Read                             0x0800345d   Thumb Code   126  pcf8563.o(i.pcf8563_Read)
    pcf8563_gettime                          0x080034e5   Thumb Code    24  pcf8563.o(i.pcf8563_gettime)
    pwrmgr_init                              0x08003501   Thumb Code    10  pwrmgr.o(i.pwrmgr_init)
    strcopy_cnt                              0x0800351d   Thumb Code    24  gui_log_console.o(i.strcopy_cnt)
    test_loop                                0x08003535   Thumb Code    20  main.o(i.test_loop)
    time_timeMode                            0x0800354d   Thumb Code    76  time.o(i.time_timeMode)
    writeData                                0x080035b1   Thumb Code    34  pcf8563.o(i.writeData)
    AHBPrescTable                            0x080035d8   Data          16  system_stm32f1xx.o(.constdata)
    APBPrescTable                            0x080035e8   Data           8  system_stm32f1xx.o(.constdata)
    textDisplay                              0x080035f0   Data        1120  resources.o(.constdata)
    smallFont                                0x08003a50   Data         485  resources.o(.constdata)
    Region$$Table$$Base                      0x08003c38   Number         0  anon$$obj.o(Region$$Table)
    Region$$Table$$Limit                     0x08003c58   Number         0  anon$$obj.o(Region$$Table)
    c8563_Store                              0x20000002   Data           6  pcf8563.o(.data)
    g8563_Store                              0x20000008   Data           6  pcf8563.o(.data)
    flashCont                                0x20000010   Data           4  tailnum.o(.data)
    driverInfo_P                             0x20000014   Data           4  tailnum.o(.data)
    HistoryCount                             0x20000020   Data           1  tim.o(.data)
    bme_flag                                 0x20000021   Data           1  tim.o(.data)
    bme_time                                 0x20000022   Data           1  tim.o(.data)
    log_time                                 0x20000023   Data           1  tim.o(.data)
    milliseconds                             0x20000028   Data           4  tim.o(.data)
    uwTickFreq                               0x2000002c   Data           1  stm32f1xx_hal.o(.data)
    uwTickPrio                               0x20000030   Data           4  stm32f1xx_hal.o(.data)
    uwTick                                   0x20000034   Data           4  stm32f1xx_hal.o(.data)
    SystemCoreClock                          0x20000038   Data           4  system_stm32f1xx.o(.data)
    eepAlarms                                0x20000050   Data          15  alarm.o(.data)
    dir_flag                                 0x20000060   Data           1  buttons.o(.data)
    beep_flag                                0x20000061   Data           1  buttons.o(.data)
    timesss                                  0x20000064   Data           4  buttons.o(.data)
    test_num                                 0x20000070   Data           4  buttons.o(.data)
    MY_FPS                                   0x20000074   Data           1  display.o(.data)
    keep_on                                  0x20000092   Data           1  pwrmgr.o(.data)
    update                                   0x20000096   Data           1  time.o(.data)
    timeDate                                 0x20000097   Data           8  time.o(.data)
    new_line_flag                            0x2000009f   Data           1  gui_log_console.o(.data)
    show_last_line_ldx                       0x200000a2   Data           1  gui_log_console.o(.data)
    now_str_length                           0x200000a3   Data           1  gui_log_console.o(.data)
    __microlib_freelist                      0x200000a4   Data           4  mvars.o(.data)
    __microlib_freelist_initialised          0x200000a8   Data           4  mvars.o(.data)
    hi2c1                                    0x200000ac   Data          84  i2c.o(.bss)
    calendar                                 0x20000100   Data           9  pcf8563.o(.bss)
    htim3                                    0x2000010c   Data          72  tim.o(.bss)
    huart1                                   0x20000154   Data          68  usart.o(.bss)
    huart2                                   0x20000198   Data          68  usart.o(.bss)
    appConfig                                0x200001e8   Data          12  appconfig.o(.bss)
    oledBuffer                               0x200001f4   Data        1024  oled_driver.o(.bss)
    historydat                               0x200005f4   Data         192  altitude_display.o(.bss)
    string_buff                              0x200006b4   Data         400  gui_log_console.o(.bss)
    firststr_buff                            0x20000844   Data        1024  gui_log_console.o(.bss)
    __heap_base                              0x20000c48   Data           0  startup_stm32f103xb.o(HEAP)
    __heap_limit                             0x20000e48   Data           0  startup_stm32f103xb.o(HEAP)
    __initial_sp                             0x20001248   Data           0  startup_stm32f103xb.o(STACK)



==============================================================================

Memory Map of the image

  Image Entry point : 0x080000ed

  Load Region LR_IROM1 (Base: 0x08000000, Size: 0x00003d04, Max: 0x00010000, ABSOLUTE)

    Execution Region ER_IROM1 (Exec base: 0x08000000, Load base: 0x08000000, Size: 0x00003c58, Max: 0x00010000, ABSOLUTE)

    Exec Addr    Load Addr    Size         Type   Attr      Idx    E Section Name        Object

    0x08000000   0x08000000   0x000000ec   Data   RO            3    RESET               startup_stm32f103xb.o
    0x080000ec   0x080000ec   0x00000000   Code   RO         7063  * .ARM.Collect$$$$00000000  mc_w.l(entry.o)
    0x080000ec   0x080000ec   0x00000004   Code   RO         7445    .ARM.Collect$$$$00000001  mc_w.l(entry2.o)
    0x080000f0   0x080000f0   0x00000004   Code   RO         7448    .ARM.Collect$$$$00000004  mc_w.l(entry5.o)
    0x080000f4   0x080000f4   0x00000000   Code   RO         7450    .ARM.Collect$$$$00000008  mc_w.l(entry7b.o)
    0x080000f4   0x080000f4   0x00000000   Code   RO         7452    .ARM.Collect$$$$0000000A  mc_w.l(entry8b.o)
    0x080000f4   0x080000f4   0x00000008   Code   RO         7453    .ARM.Collect$$$$0000000B  mc_w.l(entry9a.o)
    0x080000fc   0x080000fc   0x00000000   Code   RO         7455    .ARM.Collect$$$$0000000D  mc_w.l(entry10a.o)
    0x080000fc   0x080000fc   0x00000000   Code   RO         7457    .ARM.Collect$$$$0000000F  mc_w.l(entry11a.o)
    0x080000fc   0x080000fc   0x00000004   Code   RO         7446    .ARM.Collect$$$$00002712  mc_w.l(entry2.o)
    0x08000100   0x08000100   0x00000024   Code   RO            4    .text               startup_stm32f103xb.o
    0x08000124   0x08000124   0x00000020   Code   RO         7066    .text               mc_w.l(llushr.o)
    0x08000144   0x08000144   0x00000024   Code   RO         7073    .text               mc_w.l(memseta.o)
    0x08000168   0x08000168   0x00000018   Code   RO         7075    .text               mc_w.l(strcat.o)
    0x08000180   0x08000180   0x0000000e   Code   RO         7077    .text               mc_w.l(strlen.o)
    0x0800018e   0x0800018e   0x0000014e   Code   RO         7380    .text               mf_w.l(dadd.o)
    0x080002dc   0x080002dc   0x000000e4   Code   RO         7382    .text               mf_w.l(dmul.o)
    0x080003c0   0x080003c0   0x000000de   Code   RO         7384    .text               mf_w.l(ddiv.o)
    0x0800049e   0x0800049e   0x0000002c   Code   RO         7462    .text               mc_w.l(uidiv.o)
    0x080004ca   0x080004ca   0x00000062   Code   RO         7464    .text               mc_w.l(uldiv.o)
    0x0800052c   0x0800052c   0x0000001e   Code   RO         7466    .text               mc_w.l(llshl.o)
    0x0800054a   0x0800054a   0x00000024   Code   RO         7468    .text               mc_w.l(llsshr.o)
    0x0800056e   0x0800056e   0x00000000   Code   RO         7479    .text               mc_w.l(iusefp.o)
    0x0800056e   0x0800056e   0x000000ba   Code   RO         7482    .text               mf_w.l(depilogue.o)
    0x08000628   0x08000628   0x00000030   Code   RO         7484    .text               mf_w.l(dfixul.o)
    0x08000658   0x08000658   0x00000030   Code   RO         7486    .text               mf_w.l(cdrcmple.o)
    0x08000688   0x08000688   0x00000024   Code   RO         7492    .text               mc_w.l(init.o)
    0x080006ac   0x080006ac   0x00000010   Code   RO          922    i.BCDtoDEC          pcf8563.o
    0x080006bc   0x080006bc   0x00000002   Code   RO         1010    i.BusFault_Handler  stm32f1xx_it.o
    0x080006be   0x080006be   0x00000002   Code   RO         1011    i.DebugMon_Handler  stm32f1xx_it.o
    0x080006c0   0x080006c0   0x00000006   Code   RO         1012    i.EXTI9_5_IRQHandler  stm32f1xx_it.o
    0x080006c6   0x080006c6   0x00000004   Code   RO          259    i.Error_Handler     main.o
    0x080006ca   0x080006ca   0x00000002   PAD
    0x080006cc   0x080006cc   0x00000024   Code   RO         1742    i.HAL_Delay         stm32f1xx_hal.o
    0x080006f0   0x080006f0   0x00000080   Code   RO          260    i.HAL_GPIO_EXTI_Callback  main.o
    0x08000770   0x08000770   0x00000018   Code   RO         2049    i.HAL_GPIO_EXTI_IRQHandler  stm32f1xx_hal_gpio.o
    0x08000788   0x08000788   0x000001e0   Code   RO         2050    i.HAL_GPIO_Init     stm32f1xx_hal_gpio.o
    0x08000968   0x08000968   0x0000000a   Code   RO         2052    i.HAL_GPIO_ReadPin  stm32f1xx_hal_gpio.o
    0x08000972   0x08000972   0x0000000a   Code   RO         2054    i.HAL_GPIO_WritePin  stm32f1xx_hal_gpio.o
    0x0800097c   0x0800097c   0x0000000c   Code   RO         1746    i.HAL_GetTick       stm32f1xx_hal.o
    0x08000988   0x08000988   0x00000188   Code   RO         1314    i.HAL_I2C_Init      stm32f1xx_hal_i2c.o
    0x08000b10   0x08000b10   0x00000250   Code   RO         1332    i.HAL_I2C_Mem_Read  stm32f1xx_hal_i2c.o
    0x08000d60   0x08000d60   0x00000130   Code   RO         1335    i.HAL_I2C_Mem_Write  stm32f1xx_hal_i2c.o
    0x08000e90   0x08000e90   0x0000005c   Code   RO          218    i.HAL_I2C_MspInit   i2c.o
    0x08000eec   0x08000eec   0x00000010   Code   RO         1752    i.HAL_IncTick       stm32f1xx_hal.o
    0x08000efc   0x08000efc   0x00000024   Code   RO         1753    i.HAL_Init          stm32f1xx_hal.o
    0x08000f20   0x08000f20   0x00000040   Code   RO         1754    i.HAL_InitTick      stm32f1xx_hal.o
    0x08000f60   0x08000f60   0x00000038   Code   RO         2638    i.HAL_MspInit       stm32f1xx_hal_msp.o
    0x08000f98   0x08000f98   0x0000001a   Code   RO         2210    i.HAL_NVIC_EnableIRQ  stm32f1xx_hal_cortex.o
    0x08000fb2   0x08000fb2   0x00000002   PAD
    0x08000fb4   0x08000fb4   0x00000040   Code   RO         2216    i.HAL_NVIC_SetPriority  stm32f1xx_hal_cortex.o
    0x08000ff4   0x08000ff4   0x00000024   Code   RO         2217    i.HAL_NVIC_SetPriorityGrouping  stm32f1xx_hal_cortex.o
    0x08001018   0x08001018   0x0000012c   Code   RO         1910    i.HAL_RCC_ClockConfig  stm32f1xx_hal_rcc.o
    0x08001144   0x08001144   0x00000020   Code   RO         1917    i.HAL_RCC_GetPCLK1Freq  stm32f1xx_hal_rcc.o
    0x08001164   0x08001164   0x00000020   Code   RO         1918    i.HAL_RCC_GetPCLK2Freq  stm32f1xx_hal_rcc.o
    0x08001184   0x08001184   0x0000006c   Code   RO         1919    i.HAL_RCC_GetSysClockFreq  stm32f1xx_hal_rcc.o
    0x080011f0   0x080011f0   0x00000320   Code   RO         1922    i.HAL_RCC_OscConfig  stm32f1xx_hal_rcc.o
    0x08001510   0x08001510   0x00000028   Code   RO         2221    i.HAL_SYSTICK_Config  stm32f1xx_hal_cortex.o
    0x08001538   0x08001538   0x00000002   Code   RO         3440    i.HAL_TIMEx_BreakCallback  stm32f1xx_hal_tim_ex.o
    0x0800153a   0x0800153a   0x00000002   Code   RO         3441    i.HAL_TIMEx_CommutCallback  stm32f1xx_hal_tim_ex.o
    0x0800153c   0x0800153c   0x00000068   Code   RO         3459    i.HAL_TIMEx_MasterConfigSynchronization  stm32f1xx_hal_tim_ex.o
    0x080015a4   0x080015a4   0x0000005a   Code   RO         2736    i.HAL_TIM_Base_Init  stm32f1xx_hal_tim.o
    0x080015fe   0x080015fe   0x00000002   PAD
    0x08001600   0x08001600   0x0000003c   Code   RO         1164    i.HAL_TIM_Base_MspInit  tim.o
    0x0800163c   0x0800163c   0x00000058   Code   RO         2741    i.HAL_TIM_Base_Start_IT  stm32f1xx_hal_tim.o
    0x08001694   0x08001694   0x000000d6   Code   RO         2745    i.HAL_TIM_ConfigClockSource  stm32f1xx_hal_tim.o
    0x0800176a   0x0800176a   0x00000002   Code   RO         2770    i.HAL_TIM_IC_CaptureCallback  stm32f1xx_hal_tim.o
    0x0800176c   0x0800176c   0x00000166   Code   RO         2784    i.HAL_TIM_IRQHandler  stm32f1xx_hal_tim.o
    0x080018d2   0x080018d2   0x00000002   Code   RO         2787    i.HAL_TIM_OC_DelayElapsedCallback  stm32f1xx_hal_tim.o
    0x080018d4   0x080018d4   0x00000002   Code   RO         2814    i.HAL_TIM_PWM_PulseFinishedCallback  stm32f1xx_hal_tim.o
    0x080018d6   0x080018d6   0x00000002   PAD
    0x080018d8   0x080018d8   0x00000074   Code   RO         1165    i.HAL_TIM_PeriodElapsedCallback  tim.o
    0x0800194c   0x0800194c   0x00000002   Code   RO         2827    i.HAL_TIM_TriggerCallback  stm32f1xx_hal_tim.o
    0x0800194e   0x0800194e   0x00000062   Code   RO         3736    i.HAL_UART_Init     stm32f1xx_hal_uart.o
    0x080019b0   0x080019b0   0x000000ac   Code   RO         1220    i.HAL_UART_MspInit  usart.o
    0x08001a5c   0x08001a5c   0x00000002   Code   RO         1013    i.HardFault_Handler  stm32f1xx_it.o
    0x08001a5e   0x08001a5e   0x0000002e   Code   RO         1356    i.I2C_IsAcknowledgeFailed  stm32f1xx_hal_i2c.o
    0x08001a8c   0x08001a8c   0x000000fc   Code   RO         1366    i.I2C_RequestMemoryRead  stm32f1xx_hal_i2c.o
    0x08001b88   0x08001b88   0x000000a8   Code   RO         1367    i.I2C_RequestMemoryWrite  stm32f1xx_hal_i2c.o
    0x08001c30   0x08001c30   0x0000004c   Code   RO         1371    i.I2C_WaitOnBTFFlagUntilTimeout  stm32f1xx_hal_i2c.o
    0x08001c7c   0x08001c7c   0x00000068   Code   RO         1372    i.I2C_WaitOnFlagUntilTimeout  stm32f1xx_hal_i2c.o
    0x08001ce4   0x08001ce4   0x00000096   Code   RO         1373    i.I2C_WaitOnMasterAddressFlagUntilTimeout  stm32f1xx_hal_i2c.o
    0x08001d7a   0x08001d7a   0x00000066   Code   RO         1374    i.I2C_WaitOnRXNEFlagUntilTimeout  stm32f1xx_hal_i2c.o
    0x08001de0   0x08001de0   0x0000004c   Code   RO         1375    i.I2C_WaitOnTXEFlagUntilTimeout  stm32f1xx_hal_i2c.o
    0x08001e2c   0x08001e2c   0x0000002c   Code   RO         6598    i.I2C_WriteByte     oled_driver.o
    0x08001e58   0x08001e58   0x000000ac   Code   RO          190    i.MX_GPIO_Init      gpio.o
    0x08001f04   0x08001f04   0x00000040   Code   RO          219    i.MX_I2C1_Init      i2c.o
    0x08001f44   0x08001f44   0x00000074   Code   RO         1166    i.MX_TIM3_Init      tim.o
    0x08001fb8   0x08001fb8   0x00000038   Code   RO         1221    i.MX_USART1_UART_Init  usart.o
    0x08001ff0   0x08001ff0   0x00000038   Code   RO         1222    i.MX_USART2_UART_Init  usart.o
    0x08002028   0x08002028   0x00000002   Code   RO         1014    i.MemManage_Handler  stm32f1xx_it.o
    0x0800202a   0x0800202a   0x00000002   Code   RO         1015    i.NMI_Handler       stm32f1xx_it.o
    0x0800202c   0x0800202c   0x00000034   Code   RO         6599    i.OLED_CLS          oled_driver.o
    0x08002060   0x08002060   0x000000fc   Code   RO         6602    i.OLED_Init         oled_driver.o
    0x0800215c   0x0800215c   0x00000002   Code   RO         1016    i.PendSV_Handler    stm32f1xx_it.o
    0x0800215e   0x0800215e   0x00000002   PAD
    0x08002160   0x08002160   0x00000020   Code   RO          924    i.ReadData          pcf8563.o
    0x08002180   0x08002180   0x00000002   Code   RO         1017    i.SVC_Handler       stm32f1xx_it.o
    0x08002182   0x08002182   0x00000002   PAD
    0x08002184   0x08002184   0x00000078   Code   RO          926    i.Set_PCF8563_date  pcf8563.o
    0x080021fc   0x080021fc   0x00000004   Code   RO         1018    i.SysTick_Handler   stm32f1xx_it.o
    0x08002200   0x08002200   0x0000005e   Code   RO          261    i.SystemClock_Config  main.o
    0x0800225e   0x0800225e   0x00000002   Code   RO         4065    i.SystemInit        system_stm32f1xx.o
    0x08002260   0x08002260   0x0000000c   Code   RO         1019    i.TIM3_IRQHandler   stm32f1xx_it.o
    0x0800226c   0x0800226c   0x0000006c   Code   RO         2829    i.TIM_Base_SetConfig  stm32f1xx_hal_tim.o
    0x080022d8   0x080022d8   0x00000014   Code   RO         2840    i.TIM_ETR_SetConfig  stm32f1xx_hal_tim.o
    0x080022ec   0x080022ec   0x00000010   Code   RO         2841    i.TIM_ITRx_SetConfig  stm32f1xx_hal_tim.o
    0x080022fc   0x080022fc   0x00000022   Code   RO         2847    i.TIM_TI1_ConfigInputStage  stm32f1xx_hal_tim.o
    0x0800231e   0x0800231e   0x00000024   Code   RO         2849    i.TIM_TI2_ConfigInputStage  stm32f1xx_hal_tim.o
    0x08002342   0x08002342   0x00000002   PAD
    0x08002344   0x08002344   0x000000b8   Code   RO         3762    i.UART_SetConfig    stm32f1xx_hal_uart.o
    0x080023fc   0x080023fc   0x00000002   Code   RO         1020    i.UsageFault_Handler  stm32f1xx_it.o
    0x080023fe   0x080023fe   0x00000008   Code   RO         6608    i.WriteCmd          oled_driver.o
    0x08002406   0x08002406   0x00000008   Code   RO         6609    i.WriteDat          oled_driver.o
    0x0800240e   0x0800240e   0x00000002   PAD
    0x08002410   0x08002410   0x00000024   Code   RO         7324    i.__0vsprintf       mc_w.l(printfa.o)
    0x08002434   0x08002434   0x00000020   Code   RO         2223    i.__NVIC_SetPriority  stm32f1xx_hal_cortex.o
    0x08002454   0x08002454   0x0000000e   Code   RO         7498    i.__scatterload_copy  mc_w.l(handlers.o)
    0x08002462   0x08002462   0x00000002   Code   RO         7499    i.__scatterload_null  mc_w.l(handlers.o)
    0x08002464   0x08002464   0x0000000e   Code   RO         7500    i.__scatterload_zeroinit  mc_w.l(handlers.o)
    0x08002472   0x08002472   0x00000002   PAD
    0x08002474   0x08002474   0x00000184   Code   RO         7325    i._fp_digits        mc_w.l(printfa.o)
    0x080025f8   0x080025f8   0x000006dc   Code   RO         7326    i._printf_core      mc_w.l(printfa.o)
    0x08002cd4   0x08002cd4   0x00000024   Code   RO         7327    i._printf_post_padding  mc_w.l(printfa.o)
    0x08002cf8   0x08002cf8   0x0000002e   Code   RO         7328    i._printf_pre_padding  mc_w.l(printfa.o)
    0x08002d26   0x08002d26   0x0000000a   Code   RO         7330    i._sputc            mc_w.l(printfa.o)
    0x08002d30   0x08002d30   0x00000018   Code   RO         4103    i.alarm_get         alarm.o
    0x08002d48   0x08002d48   0x00000004   Code   RO         4106    i.alarm_init        alarm.o
    0x08002d4c   0x08002d4c   0x0000000c   Code   RO         4407    i.animation_offsetY  animation.o
    0x08002d58   0x08002d58   0x00000004   Code   RO         4460    i.appconfig_init    appconfig.o
    0x08002d5c   0x08002d5c   0x00000024   Code   RO         4461    i.appconfig_reset   appconfig.o
    0x08002d80   0x08002d80   0x00000184   Code   RO         6914    i.console_log       gui_log_console.o
    0x08002f04   0x08002f04   0x00000068   Code   RO         4675    i.display_test      display.o
    0x08002f6c   0x08002f6c   0x00000158   Code   RO         4732    i.draw_bitmap       draw.o
    0x080030c4   0x080030c4   0x00000004   Code   RO         4734    i.draw_end          draw.o
    0x080030c8   0x080030c8   0x00000080   Code   RO         4735    i.draw_string       draw.o
    0x08003148   0x08003148   0x0000001c   Code   RO         6917    i.find_huanhang_str_idx  gui_log_console.o
    0x08003164   0x08003164   0x000000a0   Code   RO         4112    i.getNextAlarm      alarm.o
    0x08003204   0x08003204   0x00000014   Code   RO         6918    i.gui_print_s       gui_log_console.o
    0x08003218   0x08003218   0x00000178   Code   RO          263    i.main              main.o
    0x08003390   0x08003390   0x0000006c   Code   RO         7347    i.malloc            mc_w.l(malloc.o)
    0x080033fc   0x080033fc   0x0000000c   Code   RO         1167    i.millis_get        tim.o
    0x08003408   0x08003408   0x00000054   Code   RO         6610    i.oled_flush        oled_driver.o
    0x0800345c   0x0800345c   0x00000088   Code   RO          927    i.pcf8563_Read      pcf8563.o
    0x080034e4   0x080034e4   0x0000001c   Code   RO          928    i.pcf8563_gettime   pcf8563.o
    0x08003500   0x08003500   0x00000010   Code   RO         5256    i.pwrmgr_init       pwrmgr.o
    0x08003510   0x08003510   0x0000000c   Code   RO         4737    i.readPixels        draw.o
    0x0800351c   0x0800351c   0x00000018   Code   RO         6919    i.strcopy_cnt       gui_log_console.o
    0x08003534   0x08003534   0x00000018   Code   RO          264    i.test_loop         main.o
    0x0800354c   0x0800354c   0x0000004c   Code   RO         5556    i.time_timeMode     time.o
    0x08003598   0x08003598   0x00000018   Code   RO         4115    i.toMinutes         alarm.o
    0x080035b0   0x080035b0   0x00000028   Code   RO          931    i.writeData         pcf8563.o
    0x080035d8   0x080035d8   0x00000010   Data   RO         4066    .constdata          system_stm32f1xx.o
    0x080035e8   0x080035e8   0x00000008   Data   RO         4067    .constdata          system_stm32f1xx.o
    0x080035f0   0x080035f0   0x00000460   Data   RO         5334    .constdata          resources.o
    0x08003a50   0x08003a50   0x000001e5   Data   RO         5336    .constdata          resources.o
    0x08003c35   0x08003c35   0x00000003   PAD
    0x08003c38   0x08003c38   0x00000020   Data   RO         7496    Region$$Table       anon$$obj.o


    Execution Region RW_IRAM1 (Exec base: 0x20000000, Load base: 0x08003c58, Size: 0x00001248, Max: 0x00005000, ABSOLUTE)

    Exec Addr    Load Addr    Size         Type   Attr      Idx    E Section Name        Object

    0x20000000   0x08003c58   0x00000002   Data   RW          267    .data               main.o
    0x20000002   0x08003c5a   0x0000000c   Data   RW          933    .data               pcf8563.o
    0x2000000e   0x08003c66   0x00000002   PAD
    0x20000010   0x08003c68   0x00000010   Data   RW         1106    .data               tailnum.o
    0x20000020   0x08003c78   0x0000000c   Data   RW         1169    .data               tim.o
    0x2000002c   0x08003c84   0x0000000c   Data   RW         1760    .data               stm32f1xx_hal.o
    0x20000038   0x08003c90   0x00000004   Data   RW         4068    .data               system_stm32f1xx.o
    0x2000003c   0x08003c94   0x00000023   Data   RW         4116    .data               alarm.o
    0x2000005f   0x08003cb7   0x00000001   PAD
    0x20000060   0x08003cb8   0x00000010   Data   RW         4513    .data               buttons.o
    0x20000070   0x08003cc8   0x00000004   Data   RW         4515    .data               buttons.o
    0x20000074   0x08003ccc   0x0000001e   Data   RW         4677    .data               display.o
    0x20000092   0x08003cea   0x00000003   Data   RW         5260    .data               pwrmgr.o
    0x20000095   0x08003ced   0x0000000a   Data   RW         5562    .data               time.o
    0x2000009f   0x08003cf7   0x00000005   Data   RW         6923    .data               gui_log_console.o
    0x200000a4   0x08003cfc   0x00000004   Data   RW         7470    .data               mc_w.l(mvars.o)
    0x200000a8   0x08003d00   0x00000004   Data   RW         7471    .data               mc_w.l(mvars.o)
    0x200000ac        -       0x00000054   Zero   RW          220    .bss                i2c.o
    0x20000100        -       0x00000009   Zero   RW          932    .bss                pcf8563.o
    0x20000109   0x08003d04   0x00000003   PAD
    0x2000010c        -       0x00000048   Zero   RW         1168    .bss                tim.o
    0x20000154        -       0x00000088   Zero   RW         1223    .bss                usart.o
    0x200001dc        -       0x0000000c   Zero   RW         4410    .bss                animation.o
    0x200001e8        -       0x0000000c   Zero   RW         4463    .bss                appconfig.o
    0x200001f4        -       0x00000400   Zero   RW         6611    .bss                oled_driver.o
    0x200005f4        -       0x000000c0   Zero   RW         6850    .bss                altitude_display.o
    0x200006b4        -       0x00000590   Zero   RW         6921    .bss                gui_log_console.o
    0x20000c44   0x08003d04   0x00000004   PAD
    0x20000c48        -       0x00000200   Zero   RW            2    HEAP                startup_stm32f103xb.o
    0x20000e48        -       0x00000400   Zero   RW            1    STACK               startup_stm32f103xb.o


==============================================================================

Image component sizes


      Code (inc. data)   RO Data    RW Data    ZI Data      Debug   Object Name

       212         14          0         35          0       5897   alarm.o
         0          0          0          0        192        729   altitude_display.o
        12          6          0          0         12        628   animation.o
        40          6          0          0         12       1047   appconfig.o
         0          0          0         20          0       5572   buttons.o
       104          8          0         30          0       2153   display.o
       488         16          0          0          0       4231   draw.o
         0          0          0          0          0     435773   flash.o
       172         16          0          0          0        919   gpio.o
       460         26          0          5       1424       4435   gui_log_console.o
       156         26          0          0         84       1585   i2c.o
       626        218          0          2          0       3434   main.o
         0          0          0          0          0       2837   mode.o
         0          0          0          0          0        564   oled_debug.o
       448         22          0          0       1024       7094   oled_driver.o
       372         30          0         12          9       6093   pcf8563.o
        16          6          0          3          0       1308   pwrmgr.o
         0          0       1605          0          0       2888   resources.o
        36          8        236          0       1536        792   startup_stm32f103xb.o
       164         28          0         12          0       5813   stm32f1xx_hal.o
       198         14          0          0          0      28875   stm32f1xx_hal_cortex.o
       524         40          0          0          0       4054   stm32f1xx_hal_gpio.o
      2262         56          0          0          0      12638   stm32f1xx_hal_i2c.o
        56          8          0          0          0        942   stm32f1xx_hal_msp.o
      1272        100          0          0          0       5124   stm32f1xx_hal_rcc.o
       972         26          0          0          0       9489   stm32f1xx_hal_tim.o
       108         12          0          0          0       2325   stm32f1xx_hal_tim_ex.o
       282          6          0          0          0       1840   stm32f1xx_hal_uart.o
        38          6          0          0          0       4613   stm32f1xx_it.o
         2          0         24          4          0       1083   system_stm32f1xx.o
         0          0          0         16          0        745   tailnum.o
       304         44          0         12         72       3088   tim.o
        76          0          0         10          0       2276   time.o
       284         32          0          0        136       2287   usart.o

    ----------------------------------------------------------------------
      9700        774       1900        164       4508     573171   Object Totals
         0          0         32          0          0          0   (incl. Generated)
        16          0          3          3          7          0   (incl. Padding)

    ----------------------------------------------------------------------

      Code (inc. data)   RO Data    RW Data    ZI Data      Debug   Library Member Name

         0          0          0          0          0          0   entry.o
         0          0          0          0          0          0   entry10a.o
         0          0          0          0          0          0   entry11a.o
         8          4          0          0          0          0   entry2.o
         4          0          0          0          0          0   entry5.o
         0          0          0          0          0          0   entry7b.o
         0          0          0          0          0          0   entry8b.o
         8          4          0          0          0          0   entry9a.o
        30          0          0          0          0          0   handlers.o
        36          8          0          0          0         68   init.o
         0          0          0          0          0          0   iusefp.o
        30          0          0          0          0         68   llshl.o
        36          0          0          0          0         68   llsshr.o
        32          0          0          0          0         68   llushr.o
       108         16          0          0          0         84   malloc.o
        36          0          0          0          0        108   memseta.o
         0          0          0          8          0          0   mvars.o
      2272         86          0          0          0        516   printfa.o
        24          0          0          0          0         68   strcat.o
        14          0          0          0          0         68   strlen.o
        44          0          0          0          0         80   uidiv.o
        98          0          0          0          0         92   uldiv.o
        48          0          0          0          0         68   cdrcmple.o
       334          0          0          0          0        148   dadd.o
       222          0          0          0          0        100   ddiv.o
       186          0          0          0          0        176   depilogue.o
        48          0          0          0          0         68   dfixul.o
       228          0          0          0          0         96   dmul.o

    ----------------------------------------------------------------------
      3848        118          0          8          0       1944   Library Totals
         2          0          0          0          0          0   (incl. Padding)

    ----------------------------------------------------------------------

      Code (inc. data)   RO Data    RW Data    ZI Data      Debug   Library Name

      2780        118          0          8          0       1288   mc_w.l
      1066          0          0          0          0        656   mf_w.l

    ----------------------------------------------------------------------
      3848        118          0          8          0       1944   Library Totals

    ----------------------------------------------------------------------

==============================================================================


      Code (inc. data)   RO Data    RW Data    ZI Data      Debug   

     13548        892       1900        172       4508     568975   Grand Totals
     13548        892       1900        172       4508     568975   ELF Image Totals
     13548        892       1900        172          0          0   ROM Totals

==============================================================================

    Total RO  Size (Code + RO Data)                15448 (  15.09kB)
    Total RW  Size (RW Data + ZI Data)              4680 (   4.57kB)
    Total ROM Size (Code + RO Data + RW Data)      15620 (  15.25kB)

==============================================================================

