Component: ARM Compiler 5.06 update 5 (build 528) Tool: armlink [4d35e2]

==============================================================================

Section Cross References

    startup_stm32f103xb.o(RESET) refers to startup_stm32f103xb.o(STACK) for __initial_sp
    startup_stm32f103xb.o(RESET) refers to startup_stm32f103xb.o(.text) for Reset_Handler
    startup_stm32f103xb.o(RESET) refers to stm32f1xx_it.o(i.NMI_Handler) for NMI_Handler
    startup_stm32f103xb.o(RESET) refers to stm32f1xx_it.o(i.HardFault_Handler) for HardFault_Handler
    startup_stm32f103xb.o(RESET) refers to stm32f1xx_it.o(i.MemManage_Handler) for MemManage_Handler
    startup_stm32f103xb.o(RESET) refers to stm32f1xx_it.o(i.BusFault_Handler) for BusFault_Handler
    startup_stm32f103xb.o(RESET) refers to stm32f1xx_it.o(i.UsageFault_Handler) for UsageFault_Handler
    startup_stm32f103xb.o(RESET) refers to stm32f1xx_it.o(i.SVC_Handler) for SVC_Handler
    startup_stm32f103xb.o(RESET) refers to stm32f1xx_it.o(i.DebugMon_Handler) for DebugMon_Handler
    startup_stm32f103xb.o(RESET) refers to stm32f1xx_it.o(i.PendSV_Handler) for PendSV_Handler
    startup_stm32f103xb.o(RESET) refers to stm32f1xx_it.o(i.SysTick_Handler) for SysTick_Handler
    startup_stm32f103xb.o(RESET) refers to stm32f1xx_it.o(i.EXTI9_5_IRQHandler) for EXTI9_5_IRQHandler
    startup_stm32f103xb.o(RESET) refers to stm32f1xx_it.o(i.TIM3_IRQHandler) for TIM3_IRQHandler
    startup_stm32f103xb.o(.text) refers to system_stm32f1xx.o(i.SystemInit) for SystemInit
    startup_stm32f103xb.o(.text) refers to entry.o(.ARM.Collect$$$$00000000) for __main
    flash.o(i.STMFLASH_Write) refers to stm32f1xx_hal_flash.o(i.HAL_FLASH_Unlock) for HAL_FLASH_Unlock
    flash.o(i.STMFLASH_Write) refers to flash.o(i.STMFLASH_Read) for STMFLASH_Read
    flash.o(i.STMFLASH_Write) refers to stm32f1xx_hal_flash_ex.o(i.FLASH_PageErase) for FLASH_PageErase
    flash.o(i.STMFLASH_Write) refers to stm32f1xx_hal_flash.o(i.FLASH_WaitForLastOperation) for FLASH_WaitForLastOperation
    flash.o(i.STMFLASH_Write) refers to flash.o(i.STMFLASH_Write_NoCheck) for STMFLASH_Write_NoCheck
    flash.o(i.STMFLASH_Write) refers to stm32f1xx_hal_flash.o(i.HAL_FLASH_Lock) for HAL_FLASH_Lock
    flash.o(i.STMFLASH_Write) refers to flash.o(.bss) for .bss
    flash.o(i.STMFLASH_Write_NoCheck) refers to stm32f1xx_hal_flash.o(i.HAL_FLASH_Program) for HAL_FLASH_Program
    flash.o(i.Test_Write) refers to flash.o(i.STMFLASH_Write) for STMFLASH_Write
    flash.o(i.readFlash) refers to flash.o(i.STMFLASH_Read) for STMFLASH_Read
    flash.o(i.writeFlash) refers to flash.o(i.STMFLASH_Write) for STMFLASH_Write
    gpio.o(i.MX_GPIO_Init) refers to stm32f1xx_hal_gpio.o(i.HAL_GPIO_WritePin) for HAL_GPIO_WritePin
    gpio.o(i.MX_GPIO_Init) refers to stm32f1xx_hal_gpio.o(i.HAL_GPIO_Init) for HAL_GPIO_Init
    gpio.o(i.MX_GPIO_Init) refers to stm32f1xx_hal_cortex.o(i.HAL_NVIC_SetPriority) for HAL_NVIC_SetPriority
    gpio.o(i.MX_GPIO_Init) refers to stm32f1xx_hal_cortex.o(i.HAL_NVIC_EnableIRQ) for HAL_NVIC_EnableIRQ
    i2c.o(i.HAL_I2C_MspDeInit) refers to stm32f1xx_hal_gpio.o(i.HAL_GPIO_DeInit) for HAL_GPIO_DeInit
    i2c.o(i.HAL_I2C_MspInit) refers to stm32f1xx_hal_gpio.o(i.HAL_GPIO_Init) for HAL_GPIO_Init
    i2c.o(i.MX_I2C1_Init) refers to stm32f1xx_hal_i2c.o(i.HAL_I2C_Init) for HAL_I2C_Init
    i2c.o(i.MX_I2C1_Init) refers to main.o(i.Error_Handler) for Error_Handler
    i2c.o(i.MX_I2C1_Init) refers to i2c.o(.bss) for .bss
    main.o(i.HAL_GPIO_EXTI_Callback) refers to stm32f1xx_hal_gpio.o(i.HAL_GPIO_ReadPin) for HAL_GPIO_ReadPin
    main.o(i.HAL_GPIO_EXTI_Callback) refers to main.o(.data) for .data
    main.o(i.HAL_GPIO_EXTI_Callback) refers to buttons.o(.data) for test_num
    main.o(i.HAL_GPIO_EXTI_Callback) refers to buttons.o(.data) for dir_flag
    main.o(i.SystemClock_Config) refers to memseta.o(.text) for __aeabi_memclr4
    main.o(i.SystemClock_Config) refers to stm32f1xx_hal_rcc.o(i.HAL_RCC_OscConfig) for HAL_RCC_OscConfig
    main.o(i.SystemClock_Config) refers to stm32f1xx_hal_rcc.o(i.HAL_RCC_ClockConfig) for HAL_RCC_ClockConfig
    main.o(i.c_loop) refers to time.o(i.time_update) for time_update
    main.o(i.c_loop) refers to pwrmgr.o(i.pwrmgr_userActive) for pwrmgr_userActive
    main.o(i.c_loop) refers to buttons.o(i.buttons_update) for buttons_update
    main.o(i.c_loop) refers to display.o(i.display_update) for display_update
    main.o(i.c_loop) refers to memseta.o(.text) for __aeabi_memclr
    main.o(i.c_loop) refers to oled_driver.o(.bss) for oledBuffer
    main.o(i.main) refers to stm32f1xx_hal.o(i.HAL_Init) for HAL_Init
    main.o(i.main) refers to main.o(i.SystemClock_Config) for SystemClock_Config
    main.o(i.main) refers to malloc.o(i.malloc) for malloc
    main.o(i.main) refers to gpio.o(i.MX_GPIO_Init) for MX_GPIO_Init
    main.o(i.main) refers to usart.o(i.MX_USART1_UART_Init) for MX_USART1_UART_Init
    main.o(i.main) refers to i2c.o(i.MX_I2C1_Init) for MX_I2C1_Init
[...]
    idx                                      0x20000148   Data           1  tune.o(.data)
    prio                                     0x20000149   Data           1  tune.o(.data)
    tune                                     0x2000014c   Data           4  tune.o(.data)
    .data                                    0x20000150   Section       16  ui.o(.data)
    nextPage                                 0x20000150   Data           1  ui.o(.data)
    .data                                    0x20000160   Section        5  gui_log_console.o(.data)
    index                                    0x20000161   Data           1  gui_log_console.o(.data)
    last_str_length                          0x20000162   Data           1  gui_log_console.o(.data)
    .data                                    0x20000168   Section        4  mvars.o(.data)
    .data                                    0x2000016c   Section        4  mvars.o(.data)
    .data                                    0x20000170   Section        4  errno.o(.data)
    _errno                                   0x20000170   Data           4  errno.o(.data)
    .bss                                     0x20000174   Section     1024  flash.o(.bss)
    .bss                                     0x20000574   Section       84  i2c.o(.bss)
    .bss                                     0x200005c8   Section        9  pcf8563.o(.bss)
    .bss                                     0x200005d4   Section       72  tim.o(.bss)
    .bss                                     0x2000061c   Section      136  usart.o(.bss)
    .bss                                     0x200006a8   Section       32  stm32f1xx_hal_flash.o(.bss)
    .bss                                     0x200006c8   Section       12  animation.o(.bss)
    animationStatus                          0x200006c8   Data          12  animation.o(.bss)
    .bss                                     0x200006d4   Section       12  appconfig.o(.bss)
    .bss                                     0x200006e0   Section       48  buttons.o(.bss)
    buttons                                  0x200006e0   Data          48  buttons.o(.bss)
    .bss                                     0x20000710   Section       36  menu.o(.bss)
    .bss                                     0x20000734   Section     1024  oled_driver.o(.bss)
    .bss                                     0x20000b34   Section      192  altitude_display.o(.bss)
    .bss                                     0x20000bf4   Section     1424  gui_log_console.o(.bss)
    HEAP                                     0x20001188   Section      512  startup_stm32f103xb.o(HEAP)
    STACK                                    0x20001388   Section     1024  startup_stm32f103xb.o(STACK)

    Global Symbols

    Symbol Name                              Value     Ov Type        Size  Object(Section)

    BuildAttributes$$THM_ISAv4$P$D$K$B$S$PE$A:L22UL41UL21$X:L11$S22US41US21$IEEE1$IW$USESV6$~STKCKD$USESV7$~SHL$OTIME$ROPI$IEEEX$EBA8$MICROLIB$REQ8$PRES8$EABIv2 0x00000000   Number         0  anon$$obj.o ABSOLUTE
    __ARM_use_no_argv                        0x00000000   Number         0  main.o ABSOLUTE
    _printf_a                                0x00000000   Number         0  stubs.o ABSOLUTE
    _printf_c                                0x00000000   Number         0  stubs.o ABSOLUTE
    _printf_charcount                        0x00000000   Number         0  stubs.o ABSOLUTE
    _printf_d                                0x00000000   Number         0  stubs.o ABSOLUTE
    _printf_e                                0x00000000   Number         0  stubs.o ABSOLUTE
    _printf_f                                0x00000000   Number         0  stubs.o ABSOLUTE
    _printf_flags                            0x00000000   Number         0  stubs.o ABSOLUTE
    _printf_fp_dec                           0x00000000   Number         0  stubs.o ABSOLUTE
    _printf_fp_hex                           0x00000000   Number         0  stubs.o ABSOLUTE
    _printf_g                                0x00000000   Number         0  stubs.o ABSOLUTE
    _printf_i                                0x00000000   Number         0  stubs.o ABSOLUTE
    _printf_int_dec                          0x00000000   Number         0  stubs.o ABSOLUTE
    _printf_l                                0x00000000   Number         0  stubs.o ABSOLUTE
    _printf_lc                               0x00000000   Number         0  stubs.o ABSOLUTE
    _printf_ll                               0x00000000   Number         0  stubs.o ABSOLUTE
    _printf_lld                              0x00000000   Number         0  stubs.o ABSOLUTE
    _printf_lli                              0x00000000   Number         0  stubs.o ABSOLUTE
    _printf_llo                              0x00000000   Number         0  stubs.o ABSOLUTE
    _printf_llu                              0x00000000   Number         0  stubs.o ABSOLUTE
    _printf_llx                              0x00000000   Number         0  stubs.o ABSOLUTE
    _printf_longlong_dec                     0x00000000   Number         0  stubs.o ABSOLUTE
    _printf_longlong_hex                     0x00000000   Number         0  stubs.o ABSOLUTE
    _printf_longlong_oct                     0x00000000   Number         0  stubs.o ABSOLUTE
    _printf_ls                               0x00000000   Number         0  stubs.o ABSOLUTE
    _printf_mbtowc                           0x00000000   Number         0  stubs.o ABSOLUTE
    _printf_n                                0x00000000   Number         0  stubs.o ABSOLUTE
    _printf_o                                0x00000000   Number         0  stubs.o ABSOLUTE
    _printf_p                                0x00000000   Number         0  stubs.o ABSOLUTE
    _printf_percent                          0x00000000   Number         0  stubs.o ABSOLUTE
    _printf_pre_padding                      0x00000000   Number         0  stubs.o ABSOLUTE
    _printf_return_value                     0x00000000   Number         0  stubs.o ABSOLUTE
    _printf_s                                0x00000000   Number         0  stubs.o ABSOLUTE
    _printf_sizespec                         0x00000000   Number         0  stubs.o ABSOLUTE
    _printf_str                              0x00000000   Number         0  stubs.o ABSOLUTE
    _printf_truncate_signed                  0x00000000   Number         0  stubs.o ABSOLUTE
    _printf_truncate_unsigned                0x00000000   Number         0  stubs.o ABSOLUTE
    _printf_u                                0x00000000   Number         0  stubs.o ABSOLUTE
    _printf_wc                               0x00000000   Number         0  stubs.o ABSOLUTE
    _printf_wctomb                           0x00000000   Number         0  stubs.o ABSOLUTE
    _printf_widthprec                        0x00000000   Number         0  stubs.o ABSOLUTE
    _printf_x                                0x00000000   Number         0  stubs.o ABSOLUTE
    __cpp_initialize__aeabi_                  - Undefined Weak Reference
    __cxa_finalize                            - Undefined Weak Reference
    _clock_init                               - Undefined Weak Reference
    _microlib_exit                            - Undefined Weak Reference
    __Vectors_Size                           0x000000ec   Number         0  startup_stm32f103xb.o ABSOLUTE
    __Vectors                                0x08000000   Data           4  startup_stm32f103xb.o(RESET)
    __Vectors_End                            0x080000ec   Data           0  startup_stm32f103xb.o(RESET)
    __main                                   0x080000ed   Thumb Code     0  entry.o(.ARM.Collect$$$$00000000)
    _main_stk                                0x080000ed   Thumb Code     0  entry2.o(.ARM.Collect$$$$00000001)
    _main_scatterload                        0x080000f1   Thumb Code     0  entry5.o(.ARM.Collect$$$$00000004)
    __main_after_scatterload                 0x080000f5   Thumb Code     0  entry5.o(.ARM.Collect$$$$00000004)
    _main_clock                              0x080000f5   Thumb Code     0  entry7b.o(.ARM.Collect$$$$00000008)
    _main_cpp_init                           0x080000f5   Thumb Code     0  entry8b.o(.ARM.Collect$$$$0000000A)
    _main_init                               0x080000f5   Thumb Code     0  entry9a.o(.ARM.Collect$$$$0000000B)
    __rt_final_cpp                           0x080000fd   Thumb Code     0  entry10a.o(.ARM.Collect$$$$0000000D)
    __rt_final_exit                          0x080000fd   Thumb Code     0  entry11a.o(.ARM.Collect$$$$0000000F)
    Reset_Handler                            0x08000101   Thumb Code     8  startup_stm32f103xb.o(.text)
    ADC1_2_IRQHandler                        0x0800011b   Thumb Code     0  startup_stm32f103xb.o(.text)
    CAN1_RX1_IRQHandler                      0x0800011b   Thumb Code     0  startup_stm32f103xb.o(.text)
    CAN1_SCE_IRQHandler                      0x0800011b   Thumb Code     0  startup_stm32f103xb.o(.text)
    DMA1_Channel1_IRQHandler                 0x0800011b   Thumb Code     0  startup_stm32f103xb.o(.text)
    DMA1_Channel2_IRQHandler                 0x0800011b   Thumb Code     0  startup_stm32f103xb.o(.text)
    DMA1_Channel3_IRQHandler                 0x0800011b   Thumb Code     0  startup_stm32f103xb.o(.text)
    DMA1_Channel4_IRQHandler                 0x0800011b   Thumb Code     0  startup_stm32f103xb.o(.text)
    DMA1_Channel5_IRQHandler                 0x0800011b   Thumb Code     0  startup_stm32f103xb.o(.text)
    DMA1_Channel6_IRQHandler                 0x0800011b   Thumb Code     0  startup_stm32f103xb.o(.text)
    DMA1_Channel7_IRQHandler                 0x0800011b   Thumb Code     0  startup_stm32f103xb.o(.text)
    EXTI0_IRQHandler                         0x0800011b   Thumb Code     0  startup_stm32f103xb.o(.text)
    EXTI15_10_IRQHandler                     0x0800011b   Thumb Code     0  startup_stm32f103xb.o(.text)
    EXTI1_IRQHandler                         0x0800011b   Thumb Code     0  startup_stm32f103xb.o(.text)
    EXTI2_IRQHandler                         0x0800011b   Thumb Code     0  startup_stm32f103xb.o(.text)
    EXTI3_IRQHandler                         0x0800011b   Thumb Code     0  startup_stm32f103xb.o(.text)
    EXTI4_IRQHandler                         0x0800011b   Thumb Code     0  startup_stm32f103xb.o(.text)
    FLASH_IRQHandler                         0x0800011b   Thumb Code     0  startup_stm32f103xb.o(.text)
    I2C1_ER_IRQHandler                       0x0800011b   Thumb Code     0  startup_stm32f103xb.o(.text)
    I2C1_EV_IRQHandler                       0x0800011b   Thumb Code     0  startup_stm32f103xb.o(.text)
    I2C2_ER_IRQHandler                       0x0800011b   Thumb Code     0  startup_stm32f103xb.o(.text)
    I2C2_EV_IRQHandler                       0x0800011b   Thumb Code     0  startup_stm32f103xb.o(.text)
    PVD_IRQHandler                           0x0800011b   Thumb Code     0  startup_stm32f103xb.o(.text)
    RCC_IRQHandler                           0x0800011b   Thumb Code     0  startup_stm32f103xb.o(.text)
    RTC_Alarm_IRQHandler                     0x0800011b   Thumb Code     0  startup_stm32f103xb.o(.text)
    RTC_IRQHandler                           0x0800011b   Thumb Code     0  startup_stm32f103xb.o(.text)
    SPI1_IRQHandler                          0x0800011b   Thumb Code     0  startup_stm32f103xb.o(.text)
    SPI2_IRQHandler                          0x0800011b   Thumb Code     0  startup_stm32f103xb.o(.text)
    TAMPER_IRQHandler                        0x0800011b   Thumb Code     0  startup_stm32f103xb.o(.text)
    TIM1_BRK_IRQHandler                      0x0800011b   Thumb Code     0  startup_stm32f103xb.o(.text)
    TIM1_CC_IRQHandler                       0x0800011b   Thumb Code     0  startup_stm32f103xb.o(.text)
    TIM1_TRG_COM_IRQHandler                  0x0800011b   Thumb Code     0  startup_stm32f103xb.o(.text)
    TIM1_UP_IRQHandler                       0x0800011b   Thumb Code     0  startup_stm32f103xb.o(.text)
    TIM2_IRQHandler                          0x0800011b   Thumb Code     0  startup_stm32f103xb.o(.text)
    TIM4_IRQHandler                          0x0800011b   Thumb Code     0  startup_stm32f103xb.o(.text)
    USART1_IRQHandler                        0x0800011b   Thumb Code     0  startup_stm32f103xb.o(.text)
    USART2_IRQHandler                        0x0800011b   Thumb Code     0  startup_stm32f103xb.o(.text)
    USART3_IRQHandler                        0x0800011b   Thumb Code     0  startup_stm32f103xb.o(.text)
    USBWakeUp_IRQHandler                     0x0800011b   Thumb Code     0  startup_stm32f103xb.o(.text)
    USB_HP_CAN1_TX_IRQHandler                0x0800011b   Thumb Code     0  startup_stm32f103xb.o(.text)
    USB_LP_CAN1_RX0_IRQHandler               0x0800011b   Thumb Code     0  startup_stm32f103xb.o(.text)
    WWDG_IRQHandler                          0x0800011b   Thumb Code     0  startup_stm32f103xb.o(.text)
    __aeabi_llsr                             0x08000125   Thumb Code    32  llushr.o(.text)
    _ll_ushift_r                             0x08000125   Thumb Code     0  llushr.o(.text)
    __aeabi_memset                           0x08000145   Thumb Code    14  memseta.o(.text)
    __aeabi_memset4                          0x08000145   Thumb Code     0  memseta.o(.text)
    __aeabi_memset8                          0x08000145   Thumb Code     0  memseta.o(.text)
    __aeabi_memclr                           0x08000153   Thumb Code     4  memseta.o(.text)
    __aeabi_memclr4                          0x08000153   Thumb Code     0  memseta.o(.text)
    __aeabi_memclr8                          0x08000153   Thumb Code     0  memseta.o(.text)
    _memset$wrapper                          0x08000157   Thumb Code    18  memseta.o(.text)
    strcat                                   0x08000169   Thumb Code    24  strcat.o(.text)
    strlen                                   0x08000181   Thumb Code    14  strlen.o(.text)
    memcmp                                   0x0800018f   Thumb Code    26  memcmp.o(.text)
    strcpy                                   0x080001a9   Thumb Code    18  strcpy.o(.text)
    __aeabi_fdiv                             0x080001bb   Thumb Code   124  fdiv.o(.text)
    __aeabi_dadd                             0x08000237   Thumb Code   322  dadd.o(.text)
    __aeabi_dsub                             0x08000379   Thumb Code     6  dadd.o(.text)
    __aeabi_drsub                            0x0800037f   Thumb Code     6  dadd.o(.text)
    __aeabi_dmul                             0x08000385   Thumb Code   228  dmul.o(.text)
    __aeabi_ddiv                             0x08000469   Thumb Code   222  ddiv.o(.text)
    __ARM_scalbn                             0x08000547   Thumb Code    46  dscalb.o(.text)
    scalbn                                   0x08000547   Thumb Code     0  dscalb.o(.text)
    __aeabi_ui2f                             0x08000575   Thumb Code    10  ffltui.o(.text)
    __aeabi_i2d                              0x0800057f   Thumb Code    34  dflti.o(.text)
    __aeabi_ui2d                             0x080005a1   Thumb Code    26  dfltui.o(.text)
    __aeabi_d2iz                             0x080005bb   Thumb Code    62  dfixi.o(.text)
    __aeabi_f2d                              0x080005f9   Thumb Code    38  f2d.o(.text)
    __aeabi_d2f                              0x0800061f   Thumb Code    56  d2f.o(.text)
    __aeabi_uidiv                            0x08000657   Thumb Code     0  uidiv.o(.text)
    __aeabi_uidivmod                         0x08000657   Thumb Code    44  uidiv.o(.text)
    __aeabi_uldivmod                         0x08000683   Thumb Code    98  uldiv.o(.text)
    __aeabi_llsl                             0x080006e5   Thumb Code    30  llshl.o(.text)
    _ll_shift_l                              0x080006e5   Thumb Code     0  llshl.o(.text)
    __aeabi_lasr                             0x08000703   Thumb Code    36  llsshr.o(.text)
    _ll_sshift_r                             0x08000703   Thumb Code     0  llsshr.o(.text)
    __I$use$fp                               0x08000727   Thumb Code     0  iusefp.o(.text)
    _float_round                             0x08000727   Thumb Code    18  fepilogue.o(.text)
    _float_epilogue                          0x08000739   Thumb Code    92  fepilogue.o(.text)
    _double_round                            0x08000795   Thumb Code    30  depilogue.o(.text)
    _double_epilogue                         0x080007b3   Thumb Code   156  depilogue.o(.text)
    __aeabi_d2ulz                            0x0800084f   Thumb Code    48  dfixul.o(.text)
    __aeabi_cdrcmple                         0x08000881   Thumb Code    48  cdrcmple.o(.text)
    __scatterload                            0x080008b1   Thumb Code    28  init.o(.text)
    __scatterload_rt2                        0x080008b1   Thumb Code     0  init.o(.text)
    __decompress                             0x080008d5   Thumb Code     0  __dczerorl2.o(.text)
    __decompress1                            0x080008d5   Thumb Code    86  __dczerorl2.o(.text)
    AlarmEnalbe                              0x0800092d   Thumb Code    32  alarm.o(i.AlarmEnalbe)
    BusFault_Handler                         0x08000961   Thumb Code     2  stm32f1xx_it.o(i.BusFault_Handler)
    DebugMon_Handler                         0x08000963   Thumb Code     2  stm32f1xx_it.o(i.DebugMon_Handler)
    EXTI9_5_IRQHandler                       0x08000965   Thumb Code     6  stm32f1xx_it.o(i.EXTI9_5_IRQHandler)
    Error_Handler                            0x0800096b   Thumb Code     4  main.o(i.Error_Handler)
    FLASH_PageErase                          0x08000971   Thumb Code    28  stm32f1xx_hal_flash_ex.o(i.FLASH_PageErase)
    FLASH_WaitForLastOperation               0x08000a0d   Thumb Code    80  stm32f1xx_hal_flash.o(i.FLASH_WaitForLastOperation)
    HAL_Delay                                0x08000a61   Thumb Code    32  stm32f1xx_hal.o(i.HAL_Delay)
    HAL_FLASH_Lock                           0x08000a85   Thumb Code    14  stm32f1xx_hal_flash.o(i.HAL_FLASH_Lock)
    HAL_FLASH_Program                        0x08000a99   Thumb Code   120  stm32f1xx_hal_flash.o(i.HAL_FLASH_Program)
    HAL_FLASH_Unlock                         0x08000b19   Thumb Code    28  stm32f1xx_hal_flash.o(i.HAL_FLASH_Unlock)
    HAL_GPIO_EXTI_Callback                   0x08000b41   Thumb Code   108  main.o(i.HAL_GPIO_EXTI_Callback)
    HAL_GPIO_EXTI_IRQHandler                 0x08000bc1   Thumb Code    18  stm32f1xx_hal_gpio.o(i.HAL_GPIO_EXTI_IRQHandler)
    HAL_GPIO_Init                            0x08000bd9   Thumb Code   446  stm32f1xx_hal_gpio.o(i.HAL_GPIO_Init)
    HAL_GPIO_ReadPin                         0x08000db9   Thumb Code    10  stm32f1xx_hal_gpio.o(i.HAL_GPIO_ReadPin)
    HAL_GPIO_WritePin                        0x08000dc3   Thumb Code    10  stm32f1xx_hal_gpio.o(i.HAL_GPIO_WritePin)
    HAL_GetTick                              0x08000dcd   Thumb Code     6  stm32f1xx_hal.o(i.HAL_GetTick)
    HAL_I2C_Init                             0x08000dd9   Thumb Code   376  stm32f1xx_hal_i2c.o(i.HAL_I2C_Init)
    HAL_I2C_Mem_Read                         0x08000f61   Thumb Code   574  stm32f1xx_hal_i2c.o(i.HAL_I2C_Mem_Read)
    HAL_I2C_Mem_Write                        0x080011b1   Thumb Code   294  stm32f1xx_hal_i2c.o(i.HAL_I2C_Mem_Write)
    HAL_I2C_MspInit                          0x080012e1   Thumb Code    80  i2c.o(i.HAL_I2C_MspInit)
    HAL_IncTick                              0x0800133d   Thumb Code    12  stm32f1xx_hal.o(i.HAL_IncTick)
    HAL_Init                                 0x0800134d   Thumb Code    32  stm32f1xx_hal.o(i.HAL_Init)
    HAL_InitTick                             0x08001371   Thumb Code    54  stm32f1xx_hal.o(i.HAL_InitTick)
    HAL_MspInit                              0x080013b1   Thumb Code    48  stm32f1xx_hal_msp.o(i.HAL_MspInit)
    HAL_NVIC_EnableIRQ                       0x080013e9   Thumb Code    26  stm32f1xx_hal_cortex.o(i.HAL_NVIC_EnableIRQ)
    HAL_NVIC_SetPriority                     0x08001405   Thumb Code    60  stm32f1xx_hal_cortex.o(i.HAL_NVIC_SetPriority)
    HAL_NVIC_SetPriorityGrouping             0x08001445   Thumb Code    26  stm32f1xx_hal_cortex.o(i.HAL_NVIC_SetPriorityGrouping)
    HAL_RCC_ClockConfig                      0x08001469   Thumb Code   280  stm32f1xx_hal_rcc.o(i.HAL_RCC_ClockConfig)
    HAL_RCC_GetPCLK1Freq                     0x08001595   Thumb Code    20  stm32f1xx_hal_rcc.o(i.HAL_RCC_GetPCLK1Freq)
    HAL_RCC_GetPCLK2Freq                     0x080015b5   Thumb Code    20  stm32f1xx_hal_rcc.o(i.HAL_RCC_GetPCLK2Freq)
    HAL_RCC_GetSysClockFreq                  0x080015d5   Thumb Code    74  stm32f1xx_hal_rcc.o(i.HAL_RCC_GetSysClockFreq)
    HAL_RCC_OscConfig                        0x08001641   Thumb Code   778  stm32f1xx_hal_rcc.o(i.HAL_RCC_OscConfig)
    HAL_SYSTICK_Config                       0x08001961   Thumb Code    40  stm32f1xx_hal_cortex.o(i.HAL_SYSTICK_Config)
    HAL_TIMEx_BreakCallback                  0x08001989   Thumb Code     2  stm32f1xx_hal_tim_ex.o(i.HAL_TIMEx_BreakCallback)
    HAL_TIMEx_CommutCallback                 0x0800198b   Thumb Code     2  stm32f1xx_hal_tim_ex.o(i.HAL_TIMEx_CommutCallback)
    HAL_TIMEx_MasterConfigSynchronization    0x0800198d   Thumb Code    92  stm32f1xx_hal_tim_ex.o(i.HAL_TIMEx_MasterConfigSynchronization)
    HAL_TIM_Base_Init                        0x080019f5   Thumb Code    90  stm32f1xx_hal_tim.o(i.HAL_TIM_Base_Init)
    HAL_TIM_Base_MspInit                     0x08001a51   Thumb Code    50  tim.o(i.HAL_TIM_Base_MspInit)
    HAL_TIM_Base_Start_IT                    0x08001a8d   Thumb Code    76  stm32f1xx_hal_tim.o(i.HAL_TIM_Base_Start_IT)
    HAL_TIM_ConfigClockSource                0x08001ae5   Thumb Code   214  stm32f1xx_hal_tim.o(i.HAL_TIM_ConfigClockSource)
    HAL_TIM_IC_CaptureCallback               0x08001bbb   Thumb Code     2  stm32f1xx_hal_tim.o(i.HAL_TIM_IC_CaptureCallback)
    HAL_TIM_IRQHandler                       0x08001bbd   Thumb Code   358  stm32f1xx_hal_tim.o(i.HAL_TIM_IRQHandler)
    HAL_TIM_OC_DelayElapsedCallback          0x08001d23   Thumb Code     2  stm32f1xx_hal_tim.o(i.HAL_TIM_OC_DelayElapsedCallback)
    HAL_TIM_PWM_PulseFinishedCallback        0x08001d25   Thumb Code     2  stm32f1xx_hal_tim.o(i.HAL_TIM_PWM_PulseFinishedCallback)
    HAL_TIM_PeriodElapsedCallback            0x08001d29   Thumb Code    98  tim.o(i.HAL_TIM_PeriodElapsedCallback)
    HAL_TIM_TriggerCallback                  0x08001d9d   Thumb Code     2  stm32f1xx_hal_tim.o(i.HAL_TIM_TriggerCallback)
    HAL_UART_Init                            0x08001d9f   Thumb Code    98  stm32f1xx_hal_uart.o(i.HAL_UART_Init)
    HAL_UART_MspInit                         0x08001e01   Thumb Code   156  usart.o(i.HAL_UART_MspInit)
    HardFault_Handler                        0x08001ead   Thumb Code     2  stm32f1xx_it.o(i.HardFault_Handler)
    I2C_WriteByte                            0x0800227d   Thumb Code    40  oled_driver.o(i.I2C_WriteByte)
    MX_GPIO_Init                             0x080022a9   Thumb Code   156  gpio.o(i.MX_GPIO_Init)
    MX_I2C1_Init                             0x08002355   Thumb Code    50  i2c.o(i.MX_I2C1_Init)
    MX_TIM3_Init                             0x08002395   Thumb Code   106  tim.o(i.MX_TIM3_Init)
    MX_USART1_UART_Init                      0x08002409   Thumb Code    48  usart.o(i.MX_USART1_UART_Init)
    MX_USART2_UART_Init                      0x08002441   Thumb Code    48  usart.o(i.MX_USART2_UART_Init)
    MemManage_Handler                        0x08002479   Thumb Code     2  stm32f1xx_it.o(i.MemManage_Handler)
    NMI_Handler                              0x0800247b   Thumb Code     2  stm32f1xx_it.o(i.NMI_Handler)
    OLED_CLS                                 0x0800247d   Thumb Code    52  oled_driver.o(i.OLED_CLS)
    OLED_Init                                0x080024b1   Thumb Code   244  oled_driver.o(i.OLED_Init)
    PendSV_Handler                           0x080025ad   Thumb Code     2  stm32f1xx_it.o(i.PendSV_Handler)
    ReadData                                 0x080025b1   Thumb Code    28  pcf8563.o(i.ReadData)
    STMFLASH_Read                            0x080025d1   Thumb Code    26  flash.o(i.STMFLASH_Read)
    STMFLASH_Write                           0x080025ed   Thumb Code   216  flash.o(i.STMFLASH_Write)
    STMFLASH_Write_NoCheck                   0x080026cd   Thumb Code    44  flash.o(i.STMFLASH_Write_NoCheck)
    SVC_Handler                              0x080026f9   Thumb Code     2  stm32f1xx_it.o(i.SVC_Handler)
    Set_PCF8563_Time                         0x080026fd   Thumb Code    88  pcf8563.o(i.Set_PCF8563_Time)
    Set_PCF8563_date                         0x08002759   Thumb Code   114  pcf8563.o(i.Set_PCF8563_date)
    SysTick_Handler                          0x080027d1   Thumb Code     4  stm32f1xx_it.o(i.SysTick_Handler)
    SystemClock_Config                       0x080027d5   Thumb Code    94  main.o(i.SystemClock_Config)
    SystemInit                               0x08002833   Thumb Code     2  system_stm32f1xx.o(i.SystemInit)
    TIM3_IRQHandler                          0x08002835   Thumb Code     6  stm32f1xx_it.o(i.TIM3_IRQHandler)
    TIM_Base_SetConfig                       0x08002841   Thumb Code    94  stm32f1xx_hal_tim.o(i.TIM_Base_SetConfig)
    TIM_ETR_SetConfig                        0x080028ad   Thumb Code    20  stm32f1xx_hal_tim.o(i.TIM_ETR_SetConfig)
    UsageFault_Handler                       0x080029d1   Thumb Code     2  stm32f1xx_it.o(i.UsageFault_Handler)
    WriteCmd                                 0x080029d3   Thumb Code     8  oled_driver.o(i.WriteCmd)
    WriteDat                                 0x080029db   Thumb Code     8  oled_driver.o(i.WriteDat)
    __0sprintf                               0x080029e5   Thumb Code    34  printfa.o(i.__0sprintf)
    __1sprintf                               0x080029e5   Thumb Code     0  printfa.o(i.__0sprintf)
    __2sprintf                               0x080029e5   Thumb Code     0  printfa.o(i.__0sprintf)
    __c89sprintf                             0x080029e5   Thumb Code     0  printfa.o(i.__0sprintf)
    sprintf                                  0x080029e5   Thumb Code     0  printfa.o(i.__0sprintf)
    __0vsprintf                              0x08002a0d   Thumb Code    30  printfa.o(i.__0vsprintf)
    __1vsprintf                              0x08002a0d   Thumb Code     0  printfa.o(i.__0vsprintf)
    __2vsprintf                              0x08002a0d   Thumb Code     0  printfa.o(i.__0vsprintf)
    __c89vsprintf                            0x08002a0d   Thumb Code     0  printfa.o(i.__0vsprintf)
    vsprintf                                 0x08002a0d   Thumb Code     0  printfa.o(i.__0vsprintf)
    __ARM_fpclassify                         0x08002a31   Thumb Code    40  fpclassify.o(i.__ARM_fpclassify)
    __ieee754_rem_pio2                       0x08002a79   Thumb Code   828  rred.o(i.__ieee754_rem_pio2)
    __kernel_cos                             0x08002e01   Thumb Code   230  cos_i.o(i.__kernel_cos)
    __kernel_poly                            0x08002efd   Thumb Code   170  poly.o(i.__kernel_poly)
    __kernel_sin                             0x08002fa9   Thumb Code   224  sin_i.o(i.__kernel_sin)
    __mathlib_dbl_infnan                     0x08003095   Thumb Code     6  dunder.o(i.__mathlib_dbl_infnan)
    __mathlib_dbl_invalid                    0x0800309b   Thumb Code    12  dunder.o(i.__mathlib_dbl_invalid)
    __mathlib_dbl_underflow                  0x080030a9   Thumb Code    10  dunder.o(i.__mathlib_dbl_underflow)
    __scatterload_copy                       0x080030b9   Thumb Code    14  handlers.o(i.__scatterload_copy)
    __scatterload_null                       0x080030c7   Thumb Code     2  handlers.o(i.__scatterload_null)
    __scatterload_zeroinit                   0x080030c9   Thumb Code    14  handlers.o(i.__scatterload_zeroinit)
    __set_errno                              0x080030d9   Thumb Code     6  errno.o(i.__set_errno)
    addBackOption                            0x080039a1   Thumb Code    18  menu.o(i.addBackOption)
    alarm_get                                0x080039c5   Thumb Code    18  alarm.o(i.alarm_get)
    alarm_init                               0x080039dd   Thumb Code     4  alarm.o(i.alarm_init)
    alarm_updateNextAlarm                    0x080039e1   Thumb Code     4  alarm.o(i.alarm_updateNextAlarm)
    animation_active                         0x080039e5   Thumb Code     6  animation.o(i.animation_active)
    animation_movingOn                       0x080039f1   Thumb Code    14  animation.o(i.animation_movingOn)
    animation_offsetY                        0x08003a05   Thumb Code     6  animation.o(i.animation_offsetY)
    animation_start                          0x08003a11   Thumb Code    34  animation.o(i.animation_start)
    animation_update                         0x08003a3d   Thumb Code   120  animation.o(i.animation_update)
    appconfig_init                           0x08003ab9   Thumb Code     4  appconfig.o(i.appconfig_init)
    appconfig_reset                          0x08003abd   Thumb Code    30  appconfig.o(i.appconfig_reset)
    appconfig_save                           0x08003ae1   Thumb Code     2  appconfig.o(i.appconfig_save)
    back                                     0x08003ae5   Thumb Code    12  menu.o(i.back)
    beginAnimation                           0x08003af5   Thumb Code     6  menu.o(i.beginAnimation)
    beginAnimation2                          0x08003afb   Thumb Code     6  menu.o(i.beginAnimation2)
    buttons_setFuncs                         0x08003b91   Thumb Code    10  buttons.o(i.buttons_setFuncs)
    buttons_update                           0x08003ba1   Thumb Code    26  buttons.o(i.buttons_update)
    c_loop                                   0x08003bc1   Thumb Code    40  main.o(i.c_loop)
    checkDataValid                           0x08003bed   Thumb Code    80  mode_oddeve.o(i.checkDataValid)
    console_log                              0x08003c71   Thumb Code   362  gui_log_console.o(i.console_log)
    display_load                             0x08003f3d   Thumb Code    12  display.o(i.display_load)
    display_set                              0x08003f4d   Thumb Code     6  display.o(i.display_set)
    display_setDrawFunc                      0x08003f59   Thumb Code    10  display.o(i.display_setDrawFunc)
    display_update                           0x08003f69   Thumb Code   124  display.o(i.display_update)
    div10                                    0x08003ff1   Thumb Code     8  global.o(i.div10)
    doAction                                 0x08003ff9   Thumb Code    12  menu.o(i.doAction)
    drawDriveSignal                          0x0800406d   Thumb Code   278  ui.o(i.drawDriveSignal)
    draw_bitmap                              0x08004355   Thumb Code   338  draw.o(i.draw_bitmap)
    draw_clearArea                           0x080044ad   Thumb Code    32  draw.o(i.draw_clearArea)
    draw_end                                 0x080044d1   Thumb Code     4  draw.o(i.draw_end)
    draw_string                              0x080044d5   Thumb Code   118  draw.o(i.draw_string)
    exitSelected                             0x08004625   Thumb Code    20  menu.o(i.exitSelected)
    find_huanhang_str_idx                    0x0800463d   Thumb Code    28  gui_log_console.o(i.find_huanhang_str_idx)
    free                                     0x08004659   Thumb Code    76  malloc.o(i.free)
    gui_print_s                              0x08004789   Thumb Code    20  gui_log_console.o(i.gui_print_s)
    mMainOpen                                0x08004a99   Thumb Code    22  m_main.o(i.mMainOpen)
    mSoundOpen                               0x08004cdd   Thumb Code    50  sound.o(i.mSoundOpen)
    mTimeDateOpen                            0x08004d39   Thumb Code    72  timedate.o(i.mTimeDateOpen)
    main                                     0x08004e39   Thumb Code   184  main.o(i.main)
    malloc                                   0x08004fb9   Thumb Code    92  malloc.o(i.malloc)
    menu_close                               0x08005025   Thumb Code    22  menu.o(i.menu_close)
    menu_down                                0x08005041   Thumb Code    14  menu.o(i.menu_down)
    menu_draw                                0x08005055   Thumb Code   136  menu.o(i.menu_draw)
    menu_select                              0x080051cd   Thumb Code    40  menu.o(i.menu_select)
    menu_up                                  0x080051f9   Thumb Code    14  menu.o(i.menu_up)
    millis_get                               0x0800520d   Thumb Code     6  tim.o(i.millis_get)
    mod10                                    0x08005219   Thumb Code    12  global.o(i.mod10)
    modeCoupleSelect                         0x08005225   Thumb Code    96  mode_couple.o(i.modeCoupleSelect)
    modeOddevenSelect                        0x080052ad   Thumb Code    72  mode_oddeve.o(i.modeOddevenSelect)
    mode_select                              0x08005325   Thumb Code    50  mode.o(i.mode_select)
    nextOption                               0x080053a9   Thumb Code    24  menu.o(i.nextOption)
    oled_flush                               0x080056b5   Thumb Code    74  oled_driver.o(i.oled_flush)
    paramUpdate                              0x08005729   Thumb Code   170  mode_oddeve.o(i.paramUpdate)
    pcf8563_Read                             0x080057dd   Thumb Code   126  pcf8563.o(i.pcf8563_Read)
    pcf8563_gettime                          0x08005865   Thumb Code    24  pcf8563.o(i.pcf8563_gettime)
    prevOption                               0x08005881   Thumb Code    24  menu.o(i.prevOption)
    pwrmgr_init                              0x0800597d   Thumb Code    10  pwrmgr.o(i.pwrmgr_init)
    pwrmgr_userActive                        0x0800598d   Thumb Code    14  pwrmgr.o(i.pwrmgr_userActive)
    readFlash                                0x080059a1   Thumb Code     4  flash.o(i.readFlash)
    setMenuFuncs                             0x08005e71   Thumb Code    14  menu.o(i.setMenuFuncs)
    setMenuInfo                              0x08005e85   Thumb Code    30  menu.o(i.setMenuInfo)
    setMenuOption                            0x08005ea9   Thumb Code   154  menu.o(i.setMenuOption)
    setMenuOption_P                          0x08005f59   Thumb Code    40  menu.o(i.setMenuOption_P)
    setPrevMenuExit                          0x08005fed   Thumb Code    30  menu.o(i.setPrevMenuExit)
    setPrevMenuOpen                          0x08006011   Thumb Code    18  menu.o(i.setPrevMenuOpen)
    sin                                      0x080063ad   Thumb Code   150  sin.o(i.sin)
    strcopy_cnt                              0x0800644d   Thumb Code    24  gui_log_console.o(i.strcopy_cnt)
    switchTwoNum                             0x08006465   Thumb Code    10  mode_couple.o(i.switchTwoNum)
    tailnum_select                           0x080064fd   Thumb Code    80  tailnum.o(i.tailnum_select)
    time_dow                                 0x08006a01   Thumb Code    92  time.o(i.time_dow)
    time_isLeapYear                          0x08006a5d   Thumb Code    12  time.o(i.time_isLeapYear)
    time_monthDayCount                       0x08006a69   Thumb Code    24  time.o(i.time_monthDayCount)
    time_set                                 0x08006a85   Thumb Code    50  time.o(i.time_set)
    time_timeMode                            0x08006ac1   Thumb Code    76  time.o(i.time_timeMode)
    time_update                              0x08006b0d   Thumb Code    54  time.o(i.time_update)
    tune_play                                0x08006b65   Thumb Code    22  tune.o(i.tune_play)
    watchface_normal                         0x08006b81   Thumb Code    30  normal.o(i.watchface_normal)
    writeData                                0x08006cc5   Thumb Code    34  pcf8563.o(i.writeData)
    writeFlash                               0x08006ced   Thumb Code     4  flash.o(i.writeFlash)
    AHBPrescTable                            0x08006cfa   Data          16  system_stm32f1xx.o(.constdata)
    APBPrescTable                            0x08006d0a   Data           8  system_stm32f1xx.o(.constdata)
    menuBack                                 0x08006d12   Data           5  menu.o(.constdata)
    days                                     0x08006d17   Data          28  resources.o(.constdata)
    months                                   0x08006d33   Data          48  resources.o(.constdata)
    menu_timedate                            0x08006d63   Data         128  resources.o(.constdata)
    menu_sound                               0x08006de3   Data         128  resources.o(.constdata)
    menu_volume                              0x08006e63   Data         512  resources.o(.constdata)
    menu_threemode                           0x08007063   Data         384  resources.o(.constdata)
    menu_tailnum                             0x080071e3   Data         384  resources.o(.constdata)
    noEntering                               0x08007363   Data          32  resources.o(.constdata)
    driving                                  0x08007383   Data          32  resources.o(.constdata)
    textDisplay                              0x080073a3   Data         992  resources.o(.constdata)
    numFont11x16                             0x08007783   Data         264  resources.o(.constdata)
    smallFont                                0x0800788b   Data         485  resources.o(.constdata)
    smallFontAlarm                           0x08007a70   Data           8  resources.o(.constdata)
    midFont                                  0x08007a78   Data         570  resources.o(.constdata)
    small2Font                               0x08007cb2   Data         220  resources.o(.constdata)
    colon                                    0x08007d8e   Data          18  resources.o(.constdata)
    selectbar_top                            0x08007da0   Data          36  resources.o(.constdata)
    selectbar_bottom                         0x08007dc4   Data          36  resources.o(.constdata)
    menu_mode                                0x08007de8   Data         128  resources.o(.constdata)
    menu_exit                                0x08007e68   Data         128  resources.o(.constdata)
    arial_font                               0x08007ee8   Data        1280  resources.o(.constdata)
    tuneHour                                 0x080083f4   Data          16  tunes.o(.constdata)
    Region$$Table$$Base                      0x08008528   Number         0  anon$$obj.o(Region$$Table)
    Region$$Table$$Limit                     0x08008548   Number         0  anon$$obj.o(Region$$Table)
    coupleDetails                            0x2000000c   Data           4  mode_couple.o(.data)
    weekDrawFunc                             0x20000018   Data          20  mode_couple.o(.data)
    presetMode                               0x2000002c   Data          60  mode_couple.o(.data)
    c8563_Store                              0x20000074   Data           6  pcf8563.o(.data)
    g8563_Store                              0x2000007a   Data           6  pcf8563.o(.data)
    driverInfo_P                             0x20000080   Data           4  tailnum.o(.data)
    HistoryCount                             0x2000008c   Data           1  tim.o(.data)
    bme_flag                                 0x2000008d   Data           1  tim.o(.data)
    bme_time                                 0x2000008e   Data           1  tim.o(.data)
    log_time                                 0x2000008f   Data           1  tim.o(.data)
    milliseconds                             0x20000094   Data           4  tim.o(.data)
    uwTickFreq                               0x20000098   Data           1  stm32f1xx_hal.o(.data)
    uwTickPrio                               0x2000009c   Data           4  stm32f1xx_hal.o(.data)
    uwTick                                   0x200000a0   Data           4  stm32f1xx_hal.o(.data)
    SystemCoreClock                          0x200000a4   Data           4  system_stm32f1xx.o(.data)
    eepAlarms                                0x200000bc   Data          15  alarm.o(.data)
    dir_flag                                 0x200000cc   Data           1  buttons.o(.data)
    beep_flag                                0x200000cd   Data           1  buttons.o(.data)
    timesss                                  0x200000d0   Data           4  buttons.o(.data)
    test_num                                 0x200000dc   Data           4  buttons.o(.data)
    MY_FPS                                   0x200000e0   Data           1  display.o(.data)
    setting                                  0x20000110   Data           2  menu.o(.data)
    keep_on                                  0x2000011d   Data           1  pwrmgr.o(.data)
    update                                   0x20000129   Data           1  time.o(.data)
    timeDate                                 0x2000012a   Data           8  time.o(.data)
    lastdr                                   0x20000154   Data           4  ui.o(.data)
    BatteryVol                               0x20000158   Data           4  ui.o(.data)
    nowdr                                    0x2000015c   Data           4  ui.o(.data)
    new_line_flag                            0x20000160   Data           1  gui_log_console.o(.data)
    show_last_line_ldx                       0x20000163   Data           1  gui_log_console.o(.data)
    now_str_length                           0x20000164   Data           1  gui_log_console.o(.data)
    __microlib_freelist                      0x20000168   Data           4  mvars.o(.data)
    __microlib_freelist_initialised          0x2000016c   Data           4  mvars.o(.data)
    STMFLASH_BUF                             0x20000174   Data        1024  flash.o(.bss)
    hi2c1                                    0x20000574   Data          84  i2c.o(.bss)
    calendar                                 0x200005c8   Data           9  pcf8563.o(.bss)
    htim3                                    0x200005d4   Data          72  tim.o(.bss)
    huart1                                   0x2000061c   Data          68  usart.o(.bss)
    huart2                                   0x20000660   Data          68  usart.o(.bss)
    pFlash                                   0x200006a8   Data          32  stm32f1xx_hal_flash.o(.bss)
    appConfig                                0x200006d4   Data          12  appconfig.o(.bss)
    menuData                                 0x20000710   Data          36  menu.o(.bss)
    oledBuffer                               0x20000734   Data        1024  oled_driver.o(.bss)
    historydat                               0x20000b34   Data         192  altitude_display.o(.bss)
    string_buff                              0x20000bf4   Data         400  gui_log_console.o(.bss)
    firststr_buff                            0x20000d84   Data        1024  gui_log_console.o(.bss)
    __heap_base                              0x20001188   Data           0  startup_stm32f103xb.o(HEAP)
    __heap_limit                             0x20001388   Data           0  startup_stm32f103xb.o(HEAP)
    __initial_sp                             0x20001788   Data           0  startup_stm32f103xb.o(STACK)



==============================================================================

Memory Map of the image

  Image Entry point : 0x080000ed

  Load Region LR_IROM1 (Base: 0x08000000, Size: 0x000086bc, Max: 0x00010000, ABSOLUTE, COMPRESSED[0x000085b0])

    Execution Region ER_IROM1 (Exec base: 0x08000000, Load base: 0x08000000, Size: 0x00008548, Max: 0x00010000, ABSOLUTE)

    Exec Addr    Load Addr    Size         Type   Attr      Idx    E Section Name        Object

    0x08000000   0x08000000   0x000000ec   Data   RO            3    RESET               startup_stm32f103xb.o
    0x080000ec   0x080000ec   0x00000000   Code   RO         6912  * .ARM.Collect$$$$00000000  mc_w.l(entry.o)
    0x080000ec   0x080000ec   0x00000004   Code   RO         7294    .ARM.Collect$$$$00000001  mc_w.l(entry2.o)
    0x080000f0   0x080000f0   0x00000004   Code   RO         7297    .ARM.Collect$$$$00000004  mc_w.l(entry5.o)
    0x080000f4   0x080000f4   0x00000000   Code   RO         7299    .ARM.Collect$$$$00000008  mc_w.l(entry7b.o)
    0x080000f4   0x080000f4   0x00000000   Code   RO         7301    .ARM.Collect$$$$0000000A  mc_w.l(entry8b.o)
    0x080000f4   0x080000f4   0x00000008   Code   RO         7302    .ARM.Collect$$$$0000000B  mc_w.l(entry9a.o)
    0x080000fc   0x080000fc   0x00000000   Code   RO         7304    .ARM.Collect$$$$0000000D  mc_w.l(entry10a.o)
    0x080000fc   0x080000fc   0x00000000   Code   RO         7306    .ARM.Collect$$$$0000000F  mc_w.l(entry11a.o)
    0x080000fc   0x080000fc   0x00000004   Code   RO         7295    .ARM.Collect$$$$00002712  mc_w.l(entry2.o)
    0x08000100   0x08000100   0x00000024   Code   RO            4    .text               startup_stm32f103xb.o
    0x08000124   0x08000124   0x00000020   Code   RO         6915    .text               mc_w.l(llushr.o)
    0x08000144   0x08000144   0x00000024   Code   RO         6922    .text               mc_w.l(memseta.o)
    0x08000168   0x08000168   0x00000018   Code   RO         6924    .text               mc_w.l(strcat.o)
    0x08000180   0x08000180   0x0000000e   Code   RO         6926    .text               mc_w.l(strlen.o)
    0x0800018e   0x0800018e   0x0000001a   Code   RO         6928    .text               mc_w.l(memcmp.o)
    0x080001a8   0x080001a8   0x00000012   Code   RO         6930    .text               mc_w.l(strcpy.o)
    0x080001ba   0x080001ba   0x0000007c   Code   RO         7225    .text               mf_w.l(fdiv.o)
    0x08000236   0x08000236   0x0000014e   Code   RO         7229    .text               mf_w.l(dadd.o)
    0x08000384   0x08000384   0x000000e4   Code   RO         7231    .text               mf_w.l(dmul.o)
    0x08000468   0x08000468   0x000000de   Code   RO         7233    .text               mf_w.l(ddiv.o)
    0x08000546   0x08000546   0x0000002e   Code   RO         7235    .text               mf_w.l(dscalb.o)
    0x08000574   0x08000574   0x0000000a   Code   RO         7239    .text               mf_w.l(ffltui.o)
    0x0800057e   0x0800057e   0x00000022   Code   RO         7241    .text               mf_w.l(dflti.o)
    0x080005a0   0x080005a0   0x0000001a   Code   RO         7243    .text               mf_w.l(dfltui.o)
    0x080005ba   0x080005ba   0x0000003e   Code   RO         7245    .text               mf_w.l(dfixi.o)
    0x080005f8   0x080005f8   0x00000026   Code   RO         7247    .text               mf_w.l(f2d.o)
    0x0800061e   0x0800061e   0x00000038   Code   RO         7251    .text               mf_w.l(d2f.o)
    0x08000656   0x08000656   0x0000002c   Code   RO         7311    .text               mc_w.l(uidiv.o)
    0x08000682   0x08000682   0x00000062   Code   RO         7313    .text               mc_w.l(uldiv.o)
    0x080006e4   0x080006e4   0x0000001e   Code   RO         7315    .text               mc_w.l(llshl.o)
    0x08000702   0x08000702   0x00000024   Code   RO         7317    .text               mc_w.l(llsshr.o)
    0x08000726   0x08000726   0x00000000   Code   RO         7328    .text               mc_w.l(iusefp.o)
    0x08000726   0x08000726   0x0000006e   Code   RO         7329    .text               mf_w.l(fepilogue.o)
    0x08000794   0x08000794   0x000000ba   Code   RO         7331    .text               mf_w.l(depilogue.o)
    0x0800084e   0x0800084e   0x00000030   Code   RO         7333    .text               mf_w.l(dfixul.o)
    0x0800087e   0x0800087e   0x00000002   PAD
    0x08000880   0x08000880   0x00000030   Code   RO         7335    .text               mf_w.l(cdrcmple.o)
    0x080008b0   0x080008b0   0x00000024   Code   RO         7341    .text               mc_w.l(init.o)
    0x080008d4   0x080008d4   0x00000056   Code   RO         7353    .text               mc_w.l(__dczerorl2.o)
    0x0800092a   0x0800092a   0x00000002   PAD
    0x0800092c   0x0800092c   0x00000024   Code   RO         3987    i.AlarmEnalbe       alarm.o
    0x08000950   0x08000950   0x00000010   Code   RO          806    i.BCDtoDEC          pcf8563.o
    0x08000960   0x08000960   0x00000002   Code   RO          894    i.BusFault_Handler  stm32f1xx_it.o
    0x08000962   0x08000962   0x00000002   Code   RO          895    i.DebugMon_Handler  stm32f1xx_it.o
    0x08000964   0x08000964   0x00000006   Code   RO          896    i.EXTI9_5_IRQHandler  stm32f1xx_it.o
    0x0800096a   0x0800096a   0x00000004   Code   RO          247    i.Error_Handler     main.o
    0x0800096e   0x0800096e   0x00000002   PAD
    0x08000970   0x08000970   0x00000024   Code   RO         2443    i.FLASH_PageErase   stm32f1xx_hal_flash_ex.o
    0x08000994   0x08000994   0x0000001c   Code   RO         2335    i.FLASH_Program_HalfWord  stm32f1xx_hal_flash.o
    0x080009b0   0x080009b0   0x0000005c   Code   RO         2336    i.FLASH_SetErrorCode  stm32f1xx_hal_flash.o
    0x08000a0c   0x08000a0c   0x00000054   Code   RO         2337    i.FLASH_WaitForLastOperation  stm32f1xx_hal_flash.o
    0x08000a60   0x08000a60   0x00000024   Code   RO         1627    i.HAL_Delay         stm32f1xx_hal.o
    0x08000a84   0x08000a84   0x00000014   Code   RO         2341    i.HAL_FLASH_Lock    stm32f1xx_hal_flash.o
    0x08000a98   0x08000a98   0x00000080   Code   RO         2346    i.HAL_FLASH_Program  stm32f1xx_hal_flash.o
    0x08000b18   0x08000b18   0x00000028   Code   RO         2348    i.HAL_FLASH_Unlock  stm32f1xx_hal_flash.o
    0x08000b40   0x08000b40   0x00000080   Code   RO          248    i.HAL_GPIO_EXTI_Callback  main.o
    0x08000bc0   0x08000bc0   0x00000018   Code   RO         1934    i.HAL_GPIO_EXTI_IRQHandler  stm32f1xx_hal_gpio.o
    0x08000bd8   0x08000bd8   0x000001e0   Code   RO         1935    i.HAL_GPIO_Init     stm32f1xx_hal_gpio.o
    0x08000db8   0x08000db8   0x0000000a   Code   RO         1937    i.HAL_GPIO_ReadPin  stm32f1xx_hal_gpio.o
    0x08000dc2   0x08000dc2   0x0000000a   Code   RO         1939    i.HAL_GPIO_WritePin  stm32f1xx_hal_gpio.o
    0x08000dcc   0x08000dcc   0x0000000c   Code   RO         1631    i.HAL_GetTick       stm32f1xx_hal.o
    0x08000dd8   0x08000dd8   0x00000188   Code   RO         1199    i.HAL_I2C_Init      stm32f1xx_hal_i2c.o
    0x08000f60   0x08000f60   0x00000250   Code   RO         1217    i.HAL_I2C_Mem_Read  stm32f1xx_hal_i2c.o
    0x080011b0   0x080011b0   0x00000130   Code   RO         1220    i.HAL_I2C_Mem_Write  stm32f1xx_hal_i2c.o
    0x080012e0   0x080012e0   0x0000005c   Code   RO          206    i.HAL_I2C_MspInit   i2c.o
    0x0800133c   0x0800133c   0x00000010   Code   RO         1637    i.HAL_IncTick       stm32f1xx_hal.o
    0x0800134c   0x0800134c   0x00000024   Code   RO         1638    i.HAL_Init          stm32f1xx_hal.o
    0x08001370   0x08001370   0x00000040   Code   RO         1639    i.HAL_InitTick      stm32f1xx_hal.o
    0x080013b0   0x080013b0   0x00000038   Code   RO         2523    i.HAL_MspInit       stm32f1xx_hal_msp.o
    0x080013e8   0x080013e8   0x0000001a   Code   RO         2095    i.HAL_NVIC_EnableIRQ  stm32f1xx_hal_cortex.o
    0x08001402   0x08001402   0x00000002   PAD
    0x08001404   0x08001404   0x00000040   Code   RO         2101    i.HAL_NVIC_SetPriority  stm32f1xx_hal_cortex.o
    0x08001444   0x08001444   0x00000024   Code   RO         2102    i.HAL_NVIC_SetPriorityGrouping  stm32f1xx_hal_cortex.o
    0x08001468   0x08001468   0x0000012c   Code   RO         1795    i.HAL_RCC_ClockConfig  stm32f1xx_hal_rcc.o
    0x08001594   0x08001594   0x00000020   Code   RO         1802    i.HAL_RCC_GetPCLK1Freq  stm32f1xx_hal_rcc.o
    0x080015b4   0x080015b4   0x00000020   Code   RO         1803    i.HAL_RCC_GetPCLK2Freq  stm32f1xx_hal_rcc.o
    0x080015d4   0x080015d4   0x0000006c   Code   RO         1804    i.HAL_RCC_GetSysClockFreq  stm32f1xx_hal_rcc.o
    0x08001640   0x08001640   0x00000320   Code   RO         1807    i.HAL_RCC_OscConfig  stm32f1xx_hal_rcc.o
    0x08001960   0x08001960   0x00000028   Code   RO         2106    i.HAL_SYSTICK_Config  stm32f1xx_hal_cortex.o
    0x08001988   0x08001988   0x00000002   Code   RO         3325    i.HAL_TIMEx_BreakCallback  stm32f1xx_hal_tim_ex.o
    0x0800198a   0x0800198a   0x00000002   Code   RO         3326    i.HAL_TIMEx_CommutCallback  stm32f1xx_hal_tim_ex.o
    0x0800198c   0x0800198c   0x00000068   Code   RO         3344    i.HAL_TIMEx_MasterConfigSynchronization  stm32f1xx_hal_tim_ex.o
    0x080019f4   0x080019f4   0x0000005a   Code   RO         2621    i.HAL_TIM_Base_Init  stm32f1xx_hal_tim.o
    0x08001a4e   0x08001a4e   0x00000002   PAD
    0x08001a50   0x08001a50   0x0000003c   Code   RO         1049    i.HAL_TIM_Base_MspInit  tim.o
    0x08001a8c   0x08001a8c   0x00000058   Code   RO         2626    i.HAL_TIM_Base_Start_IT  stm32f1xx_hal_tim.o
    0x08001ae4   0x08001ae4   0x000000d6   Code   RO         2630    i.HAL_TIM_ConfigClockSource  stm32f1xx_hal_tim.o
    0x08001bba   0x08001bba   0x00000002   Code   RO         2655    i.HAL_TIM_IC_CaptureCallback  stm32f1xx_hal_tim.o
    0x08001bbc   0x08001bbc   0x00000166   Code   RO         2669    i.HAL_TIM_IRQHandler  stm32f1xx_hal_tim.o
    0x08001d22   0x08001d22   0x00000002   Code   RO         2672    i.HAL_TIM_OC_DelayElapsedCallback  stm32f1xx_hal_tim.o
    0x08001d24   0x08001d24   0x00000002   Code   RO         2699    i.HAL_TIM_PWM_PulseFinishedCallback  stm32f1xx_hal_tim.o
    0x08001d26   0x08001d26   0x00000002   PAD
    0x08001d28   0x08001d28   0x00000074   Code   RO         1050    i.HAL_TIM_PeriodElapsedCallback  tim.o
    0x08001d9c   0x08001d9c   0x00000002   Code   RO         2712    i.HAL_TIM_TriggerCallback  stm32f1xx_hal_tim.o
    0x08001d9e   0x08001d9e   0x00000062   Code   RO         3621    i.HAL_UART_Init     stm32f1xx_hal_uart.o
    0x08001e00   0x08001e00   0x000000ac   Code   RO         1105    i.HAL_UART_MspInit  usart.o
    0x08001eac   0x08001eac   0x00000002   Code   RO          897    i.HardFault_Handler  stm32f1xx_it.o
    0x08001eae   0x08001eae   0x0000002e   Code   RO         1241    i.I2C_IsAcknowledgeFailed  stm32f1xx_hal_i2c.o
    0x08001edc   0x08001edc   0x000000fc   Code   RO         1251    i.I2C_RequestMemoryRead  stm32f1xx_hal_i2c.o
    0x08001fd8   0x08001fd8   0x000000a8   Code   RO         1252    i.I2C_RequestMemoryWrite  stm32f1xx_hal_i2c.o
    0x08002080   0x08002080   0x0000004c   Code   RO         1256    i.I2C_WaitOnBTFFlagUntilTimeout  stm32f1xx_hal_i2c.o
    0x080020cc   0x080020cc   0x00000068   Code   RO         1257    i.I2C_WaitOnFlagUntilTimeout  stm32f1xx_hal_i2c.o
    0x08002134   0x08002134   0x00000096   Code   RO         1258    i.I2C_WaitOnMasterAddressFlagUntilTimeout  stm32f1xx_hal_i2c.o
    0x080021ca   0x080021ca   0x00000066   Code   RO         1259    i.I2C_WaitOnRXNEFlagUntilTimeout  stm32f1xx_hal_i2c.o
    0x08002230   0x08002230   0x0000004c   Code   RO         1260    i.I2C_WaitOnTXEFlagUntilTimeout  stm32f1xx_hal_i2c.o
    0x0800227c   0x0800227c   0x0000002c   Code   RO         6447    i.I2C_WriteByte     oled_driver.o
    0x080022a8   0x080022a8   0x000000ac   Code   RO          178    i.MX_GPIO_Init      gpio.o
    0x08002354   0x08002354   0x00000040   Code   RO          207    i.MX_I2C1_Init      i2c.o
    0x08002394   0x08002394   0x00000074   Code   RO         1051    i.MX_TIM3_Init      tim.o
    0x08002408   0x08002408   0x00000038   Code   RO         1106    i.MX_USART1_UART_Init  usart.o
    0x08002440   0x08002440   0x00000038   Code   RO         1107    i.MX_USART2_UART_Init  usart.o
    0x08002478   0x08002478   0x00000002   Code   RO          898    i.MemManage_Handler  stm32f1xx_it.o
    0x0800247a   0x0800247a   0x00000002   Code   RO          899    i.NMI_Handler       stm32f1xx_it.o
    0x0800247c   0x0800247c   0x00000034   Code   RO         6448    i.OLED_CLS          oled_driver.o
    0x080024b0   0x080024b0   0x000000fc   Code   RO         6451    i.OLED_Init         oled_driver.o
    0x080025ac   0x080025ac   0x00000002   Code   RO          900    i.PendSV_Handler    stm32f1xx_it.o
    0x080025ae   0x080025ae   0x00000002   PAD
    0x080025b0   0x080025b0   0x00000020   Code   RO          808    i.ReadData          pcf8563.o
    0x080025d0   0x080025d0   0x0000001a   Code   RO           13    i.STMFLASH_Read     flash.o
    0x080025ea   0x080025ea   0x00000002   PAD
    0x080025ec   0x080025ec   0x000000e0   Code   RO           15    i.STMFLASH_Write    flash.o
    0x080026cc   0x080026cc   0x0000002c   Code   RO           16    i.STMFLASH_Write_NoCheck  flash.o
    0x080026f8   0x080026f8   0x00000002   Code   RO          901    i.SVC_Handler       stm32f1xx_it.o
    0x080026fa   0x080026fa   0x00000002   PAD
    0x080026fc   0x080026fc   0x0000005c   Code   RO          809    i.Set_PCF8563_Time  pcf8563.o
    0x08002758   0x08002758   0x00000078   Code   RO          810    i.Set_PCF8563_date  pcf8563.o
    0x080027d0   0x080027d0   0x00000004   Code   RO          902    i.SysTick_Handler   stm32f1xx_it.o
    0x080027d4   0x080027d4   0x0000005e   Code   RO          249    i.SystemClock_Config  main.o
    0x08002832   0x08002832   0x00000002   Code   RO         3950    i.SystemInit        system_stm32f1xx.o
    0x08002834   0x08002834   0x0000000c   Code   RO          903    i.TIM3_IRQHandler   stm32f1xx_it.o
    0x08002840   0x08002840   0x0000006c   Code   RO         2714    i.TIM_Base_SetConfig  stm32f1xx_hal_tim.o
    0x080028ac   0x080028ac   0x00000014   Code   RO         2725    i.TIM_ETR_SetConfig  stm32f1xx_hal_tim.o
    0x080028c0   0x080028c0   0x00000010   Code   RO         2726    i.TIM_ITRx_SetConfig  stm32f1xx_hal_tim.o
    0x080028d0   0x080028d0   0x00000022   Code   RO         2732    i.TIM_TI1_ConfigInputStage  stm32f1xx_hal_tim.o
    0x080028f2   0x080028f2   0x00000024   Code   RO         2734    i.TIM_TI2_ConfigInputStage  stm32f1xx_hal_tim.o
    0x08002916   0x08002916   0x00000002   PAD
    0x08002918   0x08002918   0x000000b8   Code   RO         3647    i.UART_SetConfig    stm32f1xx_hal_uart.o
    0x080029d0   0x080029d0   0x00000002   Code   RO          904    i.UsageFault_Handler  stm32f1xx_it.o
    0x080029d2   0x080029d2   0x00000008   Code   RO         6457    i.WriteCmd          oled_driver.o
    0x080029da   0x080029da   0x00000008   Code   RO         6458    i.WriteDat          oled_driver.o
    0x080029e2   0x080029e2   0x00000002   PAD
    0x080029e4   0x080029e4   0x00000028   Code   RO         7169    i.__0sprintf        mc_w.l(printfa.o)
    0x08002a0c   0x08002a0c   0x00000024   Code   RO         7173    i.__0vsprintf       mc_w.l(printfa.o)
    0x08002a30   0x08002a30   0x00000028   Code   RO         7337    i.__ARM_fpclassify  m_ws.l(fpclassify.o)
    0x08002a58   0x08002a58   0x00000020   Code   RO         2108    i.__NVIC_SetPriority  stm32f1xx_hal_cortex.o
    0x08002a78   0x08002a78   0x00000388   Code   RO         7283    i.__ieee754_rem_pio2  m_ws.l(rred.o)
    0x08002e00   0x08002e00   0x000000fc   Code   RO         7265    i.__kernel_cos      m_ws.l(cos_i.o)
    0x08002efc   0x08002efc   0x000000aa   Code   RO         7339    i.__kernel_poly     m_ws.l(poly.o)
    0x08002fa6   0x08002fa6   0x00000002   PAD
    0x08002fa8   0x08002fa8   0x000000ec   Code   RO         7288    i.__kernel_sin      m_ws.l(sin_i.o)
    0x08003094   0x08003094   0x00000006   Code   RO         7269    i.__mathlib_dbl_infnan  m_ws.l(dunder.o)
    0x0800309a   0x0800309a   0x0000000c   Code   RO         7271    i.__mathlib_dbl_invalid  m_ws.l(dunder.o)
    0x080030a6   0x080030a6   0x00000002   PAD
    0x080030a8   0x080030a8   0x00000010   Code   RO         7274    i.__mathlib_dbl_underflow  m_ws.l(dunder.o)
    0x080030b8   0x080030b8   0x0000000e   Code   RO         7347    i.__scatterload_copy  mc_w.l(handlers.o)
    0x080030c6   0x080030c6   0x00000002   Code   RO         7348    i.__scatterload_null  mc_w.l(handlers.o)
    0x080030c8   0x080030c8   0x0000000e   Code   RO         7349    i.__scatterload_zeroinit  mc_w.l(handlers.o)
    0x080030d6   0x080030d6   0x00000002   PAD
    0x080030d8   0x080030d8   0x0000000c   Code   RO         7323    i.__set_errno       mc_w.l(errno.o)
    0x080030e4   0x080030e4   0x00000184   Code   RO         7174    i._fp_digits        mc_w.l(printfa.o)
    0x08003268   0x08003268   0x000006dc   Code   RO         7175    i._printf_core      mc_w.l(printfa.o)
    0x08003944   0x08003944   0x00000024   Code   RO         7176    i._printf_post_padding  mc_w.l(printfa.o)
    0x08003968   0x08003968   0x0000002e   Code   RO         7177    i._printf_pre_padding  mc_w.l(printfa.o)
    0x08003996   0x08003996   0x0000000a   Code   RO         7179    i._sputc            mc_w.l(printfa.o)
    0x080039a0   0x080039a0   0x00000024   Code   RO         4909    i.addBackOption     menu.o
    0x080039c4   0x080039c4   0x00000018   Code   RO         3988    i.alarm_get         alarm.o
    0x080039dc   0x080039dc   0x00000004   Code   RO         3991    i.alarm_init        alarm.o
    0x080039e0   0x080039e0   0x00000004   Code   RO         3995    i.alarm_updateNextAlarm  alarm.o
    0x080039e4   0x080039e4   0x0000000c   Code   RO         4289    i.animation_active  animation.o
    0x080039f0   0x080039f0   0x00000014   Code   RO         4291    i.animation_movingOn  animation.o
    0x08003a04   0x08003a04   0x0000000c   Code   RO         4292    i.animation_offsetY  animation.o
    0x08003a10   0x08003a10   0x0000002c   Code   RO         4293    i.animation_start   animation.o
    0x08003a3c   0x08003a3c   0x0000007c   Code   RO         4294    i.animation_update  animation.o
    0x08003ab8   0x08003ab8   0x00000004   Code   RO         4345    i.appconfig_init    appconfig.o
    0x08003abc   0x08003abc   0x00000024   Code   RO         4346    i.appconfig_reset   appconfig.o
    0x08003ae0   0x08003ae0   0x00000002   Code   RO         4347    i.appconfig_save    appconfig.o
    0x08003ae2   0x08003ae2   0x00000002   PAD
    0x08003ae4   0x08003ae4   0x00000010   Code   RO         4910    i.back              menu.o
    0x08003af4   0x08003af4   0x00000006   Code   RO         4911    i.beginAnimation    menu.o
    0x08003afa   0x08003afa   0x00000006   Code   RO         4912    i.beginAnimation2   menu.o
    0x08003b00   0x08003b00   0x00000030   Code   RO          586    i.beginSelect       mode_couple.o
    0x08003b30   0x08003b30   0x00000030   Code   RO          702    i.beginSelect       mode_oddeve.o
    0x08003b60   0x08003b60   0x00000030   Code   RO         5529    i.beginSelect       timedate.o
    0x08003b90   0x08003b90   0x00000010   Code   RO         4390    i.buttons_setFuncs  buttons.o
    0x08003ba0   0x08003ba0   0x00000020   Code   RO         4393    i.buttons_update    buttons.o
    0x08003bc0   0x08003bc0   0x0000002c   Code   RO          250    i.c_loop            main.o
    0x08003bec   0x08003bec   0x00000058   Code   RO          703    i.checkDataValid    mode_oddeve.o
    0x08003c44   0x08003c44   0x00000020   Code   RO         4913    i.checkScroll       menu.o
    0x08003c64   0x08003c64   0x0000000c   Code   RO         4914    i.clear             menu.o
    0x08003c70   0x08003c70   0x00000184   Code   RO         6763    i.console_log       gui_log_console.o
    0x08003df4   0x08003df4   0x00000148   Code   RO         4555    i.crt_animation     display.o
    0x08003f3c   0x08003f3c   0x00000010   Code   RO         4556    i.display_load      display.o
    0x08003f4c   0x08003f4c   0x0000000c   Code   RO         4557    i.display_set       display.o
    0x08003f58   0x08003f58   0x00000010   Code   RO         4558    i.display_setDrawFunc  display.o
    0x08003f68   0x08003f68   0x00000088   Code   RO         4561    i.display_update    display.o
    0x08003ff0   0x08003ff0   0x00000008   Code   RO         4725    i.div10             global.o
    0x08003ff8   0x08003ff8   0x00000010   Code   RO         4915    i.doAction          menu.o
    0x08004008   0x08004008   0x0000002c   Code   RO         4916    i.doBtn             menu.o
    0x08004034   0x08004034   0x00000038   Code   RO         5088    i.draw              normal.o
    0x0800406c   0x0800406c   0x00000134   Code   RO         5779    i.drawDriveSignal   ui.o
    0x080041a0   0x080041a0   0x000000f8   Code   RO         5089    i.drawHeadLine      normal.o
    0x08004298   0x08004298   0x00000080   Code   RO         5090    i.drawTickerNum     normal.o
    0x08004318   0x08004318   0x0000003c   Code   RO         4917    i.drawTitle         menu.o
    0x08004354   0x08004354   0x00000158   Code   RO         4617    i.draw_bitmap       draw.o
    0x080044ac   0x080044ac   0x00000024   Code   RO         4618    i.draw_clearArea    draw.o
    0x080044d0   0x080044d0   0x00000004   Code   RO         4619    i.draw_end          draw.o
    0x080044d4   0x080044d4   0x00000080   Code   RO         4620    i.draw_string       draw.o
    0x08004554   0x08004554   0x00000034   Code   RO          587    i.endSelect         mode_couple.o
    0x08004588   0x08004588   0x00000034   Code   RO          704    i.endSelect         mode_oddeve.o
    0x080045bc   0x080045bc   0x00000034   Code   RO          982    i.endSelect         tailnum.o
    0x080045f0   0x080045f0   0x00000034   Code   RO         5530    i.endSelect         timedate.o
    0x08004624   0x08004624   0x00000018   Code   RO         4918    i.exitSelected      menu.o
    0x0800463c   0x0800463c   0x0000001c   Code   RO         6766    i.find_huanhang_str_idx  gui_log_console.o
    0x08004658   0x08004658   0x00000050   Code   RO         7195    i.free              mc_w.l(malloc.o)
    0x080046a8   0x080046a8   0x00000040   Code   RO         5531    i.getMaxValForSetting  timedate.o
    0x080046e8   0x080046e8   0x000000a0   Code   RO         3997    i.getNextAlarm      alarm.o
    0x08004788   0x08004788   0x00000014   Code   RO         6767    i.gui_print_s       gui_log_console.o
    0x0800479c   0x0800479c   0x00000070   Code   RO          478    i.itemLoader        mode.o
    0x0800480c   0x0800480c   0x0000000e   Code   RO          588    i.itemLoader        mode_couple.o
    0x0800481a   0x0800481a   0x00000012   Code   RO          705    i.itemLoader        mode_oddeve.o
    0x0800482c   0x0800482c   0x00000030   Code   RO          983    i.itemLoader        tailnum.o
    0x0800485c   0x0800485c   0x000000a0   Code   RO         4868    i.itemLoader        m_main.o
    0x080048fc   0x080048fc   0x0000000e   Code   RO         5350    i.itemLoader        sound.o
    0x0800490a   0x0800490a   0x00000002   PAD
    0x0800490c   0x0800490c   0x000000e8   Code   RO         5532    i.itemLoader        timedate.o
    0x080049f4   0x080049f4   0x00000020   Code   RO         4919    i.loader            menu.o
    0x08004a14   0x08004a14   0x0000002c   Code   RO          589    i.mDown             mode_couple.o
    0x08004a40   0x08004a40   0x00000034   Code   RO          706    i.mDown             mode_oddeve.o
    0x08004a74   0x08004a74   0x00000024   Code   RO         5533    i.mDown             timedate.o
    0x08004a98   0x08004a98   0x00000020   Code   RO         4869    i.mMainOpen         m_main.o
    0x08004ab8   0x08004ab8   0x00000074   Code   RO         4870    i.mOpen             m_main.o
    0x08004b2c   0x08004b2c   0x00000024   Code   RO          479    i.mSelect           mode.o
    0x08004b50   0x08004b50   0x00000070   Code   RO          590    i.mSelect           mode_couple.o
    0x08004bc0   0x08004bc0   0x0000006c   Code   RO          707    i.mSelect           mode_oddeve.o
    0x08004c2c   0x08004c2c   0x0000005c   Code   RO          984    i.mSelect           tailnum.o
    0x08004c88   0x08004c88   0x00000018   Code   RO         4871    i.mSelect           m_main.o
    0x08004ca0   0x08004ca0   0x00000024   Code   RO         5351    i.mSelect           sound.o
    0x08004cc4   0x08004cc4   0x00000018   Code   RO         5534    i.mSelect           timedate.o
    0x08004cdc   0x08004cdc   0x0000005c   Code   RO         5352    i.mSoundOpen        sound.o
    0x08004d38   0x08004d38   0x00000078   Code   RO         5535    i.mTimeDateOpen     timedate.o
    0x08004db0   0x08004db0   0x0000002c   Code   RO          591    i.mUp               mode_couple.o
    0x08004ddc   0x08004ddc   0x00000038   Code   RO          708    i.mUp               mode_oddeve.o
    0x08004e14   0x08004e14   0x00000024   Code   RO         5536    i.mUp               timedate.o
    0x08004e38   0x08004e38   0x00000180   Code   RO          251    i.main              main.o
    0x08004fb8   0x08004fb8   0x0000006c   Code   RO         7196    i.malloc            mc_w.l(malloc.o)
    0x08005024   0x08005024   0x0000001c   Code   RO         4920    i.menu_close        menu.o
    0x08005040   0x08005040   0x00000014   Code   RO         4921    i.menu_down         menu.o
    0x08005054   0x08005054   0x00000090   Code   RO         4922    i.menu_draw         menu.o
    0x080050e4   0x080050e4   0x000000e8   Code   RO         4923    i.menu_drawIcon     menu.o
    0x080051cc   0x080051cc   0x0000002c   Code   RO         4925    i.menu_select       menu.o
    0x080051f8   0x080051f8   0x00000014   Code   RO         4926    i.menu_up           menu.o
    0x0800520c   0x0800520c   0x0000000c   Code   RO         1052    i.millis_get        tim.o
    0x08005218   0x08005218   0x0000000c   Code   RO         4728    i.mod10             global.o
    0x08005224   0x08005224   0x00000088   Code   RO          592    i.modeCoupleSelect  mode_couple.o
    0x080052ac   0x080052ac   0x00000078   Code   RO          709    i.modeOddevenSelect  mode_oddeve.o
    0x08005324   0x08005324   0x0000005c   Code   RO          480    i.mode_select       mode.o
    0x08005380   0x08005380   0x00000028   Code   RO         5638    i.next              tune.o
    0x080053a8   0x080053a8   0x0000001c   Code   RO         4927    i.nextOption        menu.o
    0x080053c4   0x080053c4   0x000002f0   Code   RO          710    i.oddEvenNumDraw    mode_oddeve.o
    0x080056b4   0x080056b4   0x00000054   Code   RO         6459    i.oled_flush        oled_driver.o
    0x08005708   0x08005708   0x00000010   Code   RO          711    i.paramDataDown     mode_oddeve.o
    0x08005718   0x08005718   0x00000010   Code   RO          712    i.paramDataUp       mode_oddeve.o
    0x08005728   0x08005728   0x000000b4   Code   RO          713    i.paramUpdate       mode_oddeve.o
    0x080057dc   0x080057dc   0x00000088   Code   RO          811    i.pcf8563_Read      pcf8563.o
    0x08005864   0x08005864   0x0000001c   Code   RO          812    i.pcf8563_gettime   pcf8563.o
    0x08005880   0x08005880   0x0000001c   Code   RO         4928    i.prevOption        menu.o
    0x0800589c   0x0800589c   0x000000e0   Code   RO         4395    i.processButtons    buttons.o
    0x0800597c   0x0800597c   0x00000010   Code   RO         5141    i.pwrmgr_init       pwrmgr.o
    0x0800598c   0x0800598c   0x00000014   Code   RO         5143    i.pwrmgr_userActive  pwrmgr.o
    0x080059a0   0x080059a0   0x00000004   Code   RO           18    i.readFlash         flash.o
    0x080059a4   0x080059a4   0x0000000c   Code   RO         4622    i.readPixels        draw.o
    0x080059b0   0x080059b0   0x000000e8   Code   RO          593    i.ruleAutoMatch     mode_couple.o
    0x08005a98   0x08005a98   0x00000034   Code   RO         5537    i.saveTimeDate      timedate.o
    0x08005acc   0x08005acc   0x00000010   Code   RO          481    i.selectCouple      mode.o
    0x08005adc   0x08005adc   0x00000010   Code   RO          482    i.selectCoupleLoop  mode.o
    0x08005aec   0x08005aec   0x00000068   Code   RO         5538    i.selectDate        timedate.o
    0x08005b54   0x08005b54   0x00000070   Code   RO          714    i.selectDaysleftNum  mode_oddeve.o
    0x08005bc4   0x08005bc4   0x00000048   Code   RO          594    i.selectFridayNum   mode_couple.o
    0x08005c0c   0x08005c0c   0x00000048   Code   RO          595    i.selectMondayNum   mode_couple.o
    0x08005c54   0x08005c54   0x0000003c   Code   RO          715    i.selectOddEvenNum  mode_oddeve.o
    0x08005c90   0x08005c90   0x00000010   Code   RO          483    i.selectOddOrEven   mode.o
    0x08005ca0   0x08005ca0   0x00000070   Code   RO          985    i.selectTailNum     tailnum.o
    0x08005d10   0x08005d10   0x00000048   Code   RO          596    i.selectThursdayNum  mode_couple.o
    0x08005d58   0x08005d58   0x00000088   Code   RO         5539    i.selectTime        timedate.o
    0x08005de0   0x08005de0   0x00000048   Code   RO          597    i.selectTuesdayNum  mode_couple.o
    0x08005e28   0x08005e28   0x00000048   Code   RO          598    i.selectWednesdayNum  mode_couple.o
    0x08005e70   0x08005e70   0x00000014   Code   RO         4929    i.setMenuFuncs      menu.o
    0x08005e84   0x08005e84   0x00000024   Code   RO         4930    i.setMenuInfo       menu.o
    0x08005ea8   0x08005ea8   0x000000b0   Code   RO         4931    i.setMenuOption     menu.o
    0x08005f58   0x08005f58   0x0000002c   Code   RO         4932    i.setMenuOption_P   menu.o
    0x08005f84   0x08005f84   0x00000068   Code   RO         5353    i.setMenuOptions    sound.o
    0x08005fec   0x08005fec   0x00000024   Code   RO         4933    i.setPrevMenuExit   menu.o
    0x08006010   0x08006010   0x00000018   Code   RO         4934    i.setPrevMenuOpen   menu.o
    0x08006028   0x08006028   0x0000000c   Code   RO         5354    i.setVolume         sound.o
    0x08006034   0x08006034   0x00000014   Code   RO         5355    i.setVolumeAlarm    sound.o
    0x08006048   0x08006048   0x00000014   Code   RO         5356    i.setVolumeHour     sound.o
    0x0800605c   0x0800605c   0x00000014   Code   RO         5357    i.setVolumeUI       sound.o
    0x08006070   0x08006070   0x00000194   Code   RO          716    i.showDaysleftStr   mode_oddeve.o
    0x08006204   0x08006204   0x00000088   Code   RO          717    i.showOddEvenStr    mode_oddeve.o
    0x0800628c   0x0800628c   0x00000120   Code   RO          599    i.showWeekStr       mode_couple.o
    0x080063ac   0x080063ac   0x000000a0   Code   RO         6905    i.sin               m_ws.l(sin.o)
    0x0800644c   0x0800644c   0x00000018   Code   RO         6768    i.strcopy_cnt       gui_log_console.o
    0x08006464   0x08006464   0x0000000a   Code   RO          600    i.switchTwoNum      mode_couple.o
    0x0800646e   0x0800646e   0x00000002   PAD
    0x08006470   0x08006470   0x00000018   Code   RO          986    i.tailNumDataDown   tailnum.o
    0x08006488   0x08006488   0x00000018   Code   RO          987    i.tailNumDataUp     tailnum.o
    0x080064a0   0x080064a0   0x0000005c   Code   RO          988    i.tailNumDraw       tailnum.o
    0x080064fc   0x080064fc   0x00000080   Code   RO          989    i.tailnum_select    tailnum.o
    0x0800657c   0x0800657c   0x00000044   Code   RO          484    i.thisdraw          mode.o
    0x080065c0   0x080065c0   0x00000044   Code   RO         5358    i.thisdraw          sound.o
    0x08006604   0x08006604   0x000002ac   Code   RO         5091    i.ticker            normal.o
    0x080068b0   0x080068b0   0x00000048   Code   RO         5540    i.timeDataDown      timedate.o
    0x080068f8   0x080068f8   0x00000040   Code   RO         5541    i.timeDataUp        timedate.o
    0x08006938   0x08006938   0x000000c8   Code   RO         5542    i.timeDateDraw      timedate.o
    0x08006a00   0x08006a00   0x0000005c   Code   RO         5434    i.time_dow          time.o
    0x08006a5c   0x08006a5c   0x0000000c   Code   RO         5436    i.time_isLeapYear   time.o
    0x08006a68   0x08006a68   0x0000001c   Code   RO         5437    i.time_monthDayCount  time.o
    0x08006a84   0x08006a84   0x0000003c   Code   RO         5438    i.time_set          time.o
    0x08006ac0   0x08006ac0   0x0000004c   Code   RO         5441    i.time_timeMode     time.o
    0x08006b0c   0x08006b0c   0x00000040   Code   RO         5443    i.time_update       time.o
    0x08006b4c   0x08006b4c   0x00000018   Code   RO         4000    i.toMinutes         alarm.o
    0x08006b64   0x08006b64   0x0000001c   Code   RO         5639    i.tune_play         tune.o
    0x08006b80   0x08006b80   0x00000028   Code   RO         5092    i.watchface_normal  normal.o
    0x08006ba8   0x08006ba8   0x00000030   Code   RO          601    i.weekNumDataDown   mode_couple.o
    0x08006bd8   0x08006bd8   0x00000030   Code   RO          602    i.weekNumDataUp     mode_couple.o
    0x08006c08   0x08006c08   0x000000bc   Code   RO          603    i.weekNumDraw       mode_couple.o
    0x08006cc4   0x08006cc4   0x00000028   Code   RO          815    i.writeData         pcf8563.o
    0x08006cec   0x08006cec   0x00000004   Code   RO           19    i.writeFlash        flash.o
    0x08006cf0   0x08006cf0   0x0000000a   Data   RO          718    .constdata          mode_oddeve.o
    0x08006cfa   0x08006cfa   0x00000010   Data   RO         3951    .constdata          system_stm32f1xx.o
    0x08006d0a   0x08006d0a   0x00000008   Data   RO         3952    .constdata          system_stm32f1xx.o
    0x08006d12   0x08006d12   0x00000005   Data   RO         4936    .constdata          menu.o
    0x08006d17   0x08006d17   0x0000001c   Data   RO         5194    .constdata          resources.o
    0x08006d33   0x08006d33   0x00000030   Data   RO         5195    .constdata          resources.o
    0x08006d63   0x08006d63   0x00000080   Data   RO         5200    .constdata          resources.o
    0x08006de3   0x08006de3   0x00000080   Data   RO         5202    .constdata          resources.o
    0x08006e63   0x08006e63   0x00000200   Data   RO         5207    .constdata          resources.o
    0x08007063   0x08007063   0x00000180   Data   RO         5208    .constdata          resources.o
    0x080071e3   0x080071e3   0x00000180   Data   RO         5209    .constdata          resources.o
    0x08007363   0x08007363   0x00000020   Data   RO         5217    .constdata          resources.o
    0x08007383   0x08007383   0x00000020   Data   RO         5218    .constdata          resources.o
    0x080073a3   0x080073a3   0x000003e0   Data   RO         5219    .constdata          resources.o
    0x08007783   0x08007783   0x00000108   Data   RO         5220    .constdata          resources.o
    0x0800788b   0x0800788b   0x000001e5   Data   RO         5221    .constdata          resources.o
    0x08007a70   0x08007a70   0x00000008   Data   RO         5222    .constdata          resources.o
    0x08007a78   0x08007a78   0x0000023a   Data   RO         5223    .constdata          resources.o
    0x08007cb2   0x08007cb2   0x000000dc   Data   RO         5224    .constdata          resources.o
    0x08007d8e   0x08007d8e   0x00000012   Data   RO         5225    .constdata          resources.o
    0x08007da0   0x08007da0   0x00000024   Data   RO         5227    .constdata          resources.o
    0x08007dc4   0x08007dc4   0x00000024   Data   RO         5228    .constdata          resources.o
    0x08007de8   0x08007de8   0x00000080   Data   RO         5230    .constdata          resources.o
    0x08007e68   0x08007e68   0x00000080   Data   RO         5235    .constdata          resources.o
    0x08007ee8   0x08007ee8   0x00000500   Data   RO         5237    .constdata          resources.o
    0x080083e8   0x080083e8   0x0000000c   Data   RO         5446    .constdata          time.o
    0x080083f4   0x080083f4   0x00000010   Data   RO         5750    .constdata          tunes.o
    0x08008404   0x08008404   0x00000004   PAD
    0x08008408   0x08008408   0x00000030   Data   RO         7266    .constdata          m_ws.l(cos_i.o)
    0x08008438   0x08008438   0x000000c8   Data   RO         7285    .constdata          m_ws.l(rred.o)
    0x08008500   0x08008500   0x00000028   Data   RO         7289    .constdata          m_ws.l(sin_i.o)
    0x08008528   0x08008528   0x00000020   Data   RO         7345    Region$$Table       anon$$obj.o


    Execution Region RW_IRAM1 (Exec base: 0x20000000, Load base: 0x08008548, Size: 0x00001788, Max: 0x00005000, ABSOLUTE, COMPRESSED[0x00000068])

    Exec Addr    Load Addr    Size         Type   Attr      Idx    E Section Name        Object

    0x20000000   COMPRESSED   0x00000002   Data   RW          255    .data               main.o
    0x20000002   COMPRESSED   0x00000002   PAD
    0x20000004   COMPRESSED   0x00000008   Data   RW          485    .data               mode.o
    0x2000000c   COMPRESSED   0x0000005c   Data   RW          604    .data               mode_couple.o
    0x20000068   COMPRESSED   0x0000000c   Data   RW          719    .data               mode_oddeve.o
    0x20000074   COMPRESSED   0x0000000c   Data   RW          817    .data               pcf8563.o
    0x20000080   COMPRESSED   0x0000000c   Data   RW          991    .data               tailnum.o
    0x2000008c   COMPRESSED   0x0000000c   Data   RW         1054    .data               tim.o
    0x20000098   COMPRESSED   0x0000000c   Data   RW         1645    .data               stm32f1xx_hal.o
    0x200000a4   COMPRESSED   0x00000004   Data   RW         3953    .data               system_stm32f1xx.o
    0x200000a8   COMPRESSED   0x00000023   Data   RW         4001    .data               alarm.o
    0x200000cb   COMPRESSED   0x00000001   PAD
    0x200000cc   COMPRESSED   0x00000010   Data   RW         4398    .data               buttons.o
    0x200000dc   COMPRESSED   0x00000004   Data   RW         4400    .data               buttons.o
    0x200000e0   COMPRESSED   0x0000001e   Data   RW         4562    .data               display.o
    0x200000fe   COMPRESSED   0x00000002   PAD
    0x20000100   COMPRESSED   0x00000008   Data   RW         4872    .data               m_main.o
    0x20000108   COMPRESSED   0x00000008   Data   RW         4937    .data               menu.o
    0x20000110   COMPRESSED   0x00000002   Data   RW         4938    .data               menu.o
    0x20000112   COMPRESSED   0x0000000b   Data   RW         5093    .data               normal.o
    0x2000011d   COMPRESSED   0x00000003   Data   RW         5145    .data               pwrmgr.o
    0x20000120   COMPRESSED   0x00000008   Data   RW         5359    .data               sound.o
    0x20000128   COMPRESSED   0x0000000a   Data   RW         5447    .data               time.o
    0x20000132   COMPRESSED   0x00000002   PAD
    0x20000134   COMPRESSED   0x00000014   Data   RW         5543    .data               timedate.o
    0x20000148   COMPRESSED   0x00000008   Data   RW         5641    .data               tune.o
    0x20000150   COMPRESSED   0x00000010   Data   RW         5780    .data               ui.o
    0x20000160   COMPRESSED   0x00000005   Data   RW         6772    .data               gui_log_console.o
    0x20000165   COMPRESSED   0x00000003   PAD
    0x20000168   COMPRESSED   0x00000004   Data   RW         7319    .data               mc_w.l(mvars.o)
    0x2000016c   COMPRESSED   0x00000004   Data   RW         7320    .data               mc_w.l(mvars.o)
    0x20000170   COMPRESSED   0x00000004   Data   RW         7324    .data               mc_w.l(errno.o)
    0x20000174        -       0x00000400   Zero   RW           20    .bss                flash.o
    0x20000574        -       0x00000054   Zero   RW          208    .bss                i2c.o
    0x200005c8        -       0x00000009   Zero   RW          816    .bss                pcf8563.o
    0x200005d1   COMPRESSED   0x00000003   PAD
    0x200005d4        -       0x00000048   Zero   RW         1053    .bss                tim.o
    0x2000061c        -       0x00000088   Zero   RW         1108    .bss                usart.o
    0x200006a4   COMPRESSED   0x00000004   PAD
    0x200006a8        -       0x00000020   Zero   RW         2349    .bss                stm32f1xx_hal_flash.o
    0x200006c8        -       0x0000000c   Zero   RW         4295    .bss                animation.o
    0x200006d4        -       0x0000000c   Zero   RW         4348    .bss                appconfig.o
    0x200006e0        -       0x00000030   Zero   RW         4396    .bss                buttons.o
    0x20000710        -       0x00000024   Zero   RW         4935    .bss                menu.o
    0x20000734        -       0x00000400   Zero   RW         6460    .bss                oled_driver.o
    0x20000b34        -       0x000000c0   Zero   RW         6699    .bss                altitude_display.o
    0x20000bf4        -       0x00000590   Zero   RW         6770    .bss                gui_log_console.o
    0x20001184   COMPRESSED   0x00000004   PAD
    0x20001188        -       0x00000200   Zero   RW            2    HEAP                startup_stm32f103xb.o
    0x20001388        -       0x00000400   Zero   RW            1    STACK               startup_stm32f103xb.o


==============================================================================

Image component sizes


      Code (inc. data)   RO Data    RW Data    ZI Data      Debug   Object Name

       252         18          0         35          0       7299   alarm.o
         0          0          0          0        192        729   altitude_display.o
       212         32          0          0         12       2733   animation.o
        42          6          0          0         12       1920   appconfig.o
       272         26          0         20         48       6331   buttons.o
       508         36          0         30          0       4620   display.o
       524         20          0          0          0       4784   draw.o
       302          8          0          0       1024     446827   flash.o
        20          0          0          0          0        888   global.o
       172         16          0          0          0        919   gpio.o
       460         26          0          5       1424       4435   gui_log_console.o
       156         26          0          0         84       1585   i2c.o
       332        160          0          8          0       2272   m_main.o
       654        224          0          2          0       4191   main.o
      1164        166          5         10         36      14182   menu.o
       356        138          0          8          0       6379   mode.o
      1624        262          0         92          0      10514   mode_couple.o
      2218        268         10         12          0       9539   mode_oddeve.o
      1156         94          0         11          0       4097   normal.o
         0          0          0          0          0        564   oled_debug.o
       448         22          0          0       1024       7162   oled_driver.o
       464         34          0         12          9       6592   pcf8563.o
        36         12          0          3          0       1800   pwrmgr.o
         0          0       5841          0          0       2888   resources.o
       386        126          0          8          0       4301   sound.o
        36          8        236          0       1536        788   startup_stm32f103xb.o
       164         28          0         12          0       5813   stm32f1xx_hal.o
       198         14          0          0          0      28875   stm32f1xx_hal_cortex.o
       392         46          0          0         32       4642   stm32f1xx_hal_flash.o
        36          8          0          0          0       1817   stm32f1xx_hal_flash_ex.o
       524         40          0          0          0       4054   stm32f1xx_hal_gpio.o
      2262         56          0          0          0      12638   stm32f1xx_hal_i2c.o
        56          8          0          0          0        942   stm32f1xx_hal_msp.o
      1272        100          0          0          0       5124   stm32f1xx_hal_rcc.o
       972         26          0          0          0       9489   stm32f1xx_hal_tim.o
       108         12          0          0          0       2325   stm32f1xx_hal_tim_ex.o
       282          6          0          0          0       1840   stm32f1xx_hal_uart.o
        38          6          0          0          0       4613   stm32f1xx_it.o
         2          0         24          4          0       1083   system_stm32f1xx.o
       572        152          0         12          0       4547   tailnum.o
       304         44          0         12         72       3088   tim.o
       332         24         12         10          0       4407   time.o
      1240        294          0         20          0       8052   timedate.o
        68         12          0          8          0       1404   tune.o
         0          0         16          0          0        815   tunes.o
       308         30          0         16          0        852   ui.o
       284         32          0          0        136       2287   usart.o

    ----------------------------------------------------------------------
     21232       2666       6180        360       5652     667046   Object Totals
         0          0         32          0          0          0   (incl. Generated)
        24          0          4         10         11          0   (incl. Padding)

    ----------------------------------------------------------------------

      Code (inc. data)   RO Data    RW Data    ZI Data      Debug   Library Member Name

       252         22         48          0          0        124   cos_i.o
        34          6          0          0          0        204   dunder.o
        40          0          0          0          0         68   fpclassify.o
       170          0          0          0          0         96   poly.o
       904         76        200          0          0        140   rred.o
       160         10          0          0          0        108   sin.o
       236         12         40          0          0        128   sin_i.o
        86          0          0          0          0          0   __dczerorl2.o
         0          0          0          0          0          0   entry.o
         0          0          0          0          0          0   entry10a.o
         0          0          0          0          0          0   entry11a.o
         8          4          0          0          0          0   entry2.o
         4          0          0          0          0          0   entry5.o
         0          0          0          0          0          0   entry7b.o
         0          0          0          0          0          0   entry8b.o
         8          4          0          0          0          0   entry9a.o
        12          6          0          4          0         68   errno.o
        30          0          0          0          0          0   handlers.o
        36          8          0          0          0         68   init.o
         0          0          0          0          0          0   iusefp.o
        30          0          0          0          0         68   llshl.o
        36          0          0          0          0         68   llsshr.o
        32          0          0          0          0         68   llushr.o
       188         20          0          0          0        160   malloc.o
        26          0          0          0          0         80   memcmp.o
        36          0          0          0          0        108   memseta.o
         0          0          0          8          0          0   mvars.o
      2312         92          0          0          0        600   printfa.o
        24          0          0          0          0         68   strcat.o
        18          0          0          0          0         68   strcpy.o
        14          0          0          0          0         68   strlen.o
        44          0          0          0          0         80   uidiv.o
        98          0          0          0          0         92   uldiv.o
        48          0          0          0          0         68   cdrcmple.o
        56          0          0          0          0         88   d2f.o
       334          0          0          0          0        148   dadd.o
       222          0          0          0          0        100   ddiv.o
       186          0          0          0          0        176   depilogue.o
        62          0          0          0          0         80   dfixi.o
        48          0          0          0          0         68   dfixul.o
        34          0          0          0          0         76   dflti.o
        26          0          0          0          0         76   dfltui.o
       228          0          0          0          0         96   dmul.o
        46          0          0          0          0         80   dscalb.o
        38          0          0          0          0         68   f2d.o
       124          0          0          0          0         88   fdiv.o
       110          0          0          0          0        168   fepilogue.o
        10          0          0          0          0         68   ffltui.o

    ----------------------------------------------------------------------
      6420        260        288         12          0       3980   Library Totals
        10          0          0          0          0          0   (incl. Padding)

    ----------------------------------------------------------------------

      Code (inc. data)   RO Data    RW Data    ZI Data      Debug   Library Name

      1796        126        288          0          0        868   m_ws.l
      3042        134          0         12          0       1664   mc_w.l
      1572          0          0          0          0       1448   mf_w.l

    ----------------------------------------------------------------------
      6420        260        288         12          0       3980   Library Totals

    ----------------------------------------------------------------------

==============================================================================


      Code (inc. data)   RO Data    RW Data    ZI Data      Debug   

     27652       2926       6468        372       5652     656230   Grand Totals
     27652       2926       6468        104       5652     656230   ELF Image Totals (compressed)
     27652       2926       6468        104          0          0   ROM Totals

==============================================================================

    Total RO  Size (Code + RO Data)                34120 (  33.32kB)
    Total RW  Size (RW Data + ZI Data)              6024 (   5.88kB)
    Total ROM Size (Code + RO Data + RW Data)      34224 (  33.42kB)

==============================================================================

